Component: ARM Compiler 5.06 update 1 (build 61) Tool: armlink [4d35a8]

==============================================================================

Section Cross References

    stm32f0xx_hal_gpio.o(i.HAL_GPIO_EXTI_IRQHandler) refers to stm32f0xx_hal_gpio.o(i.HAL_GPIO_EXTI_Callback) for HAL_GPIO_EXTI_Callback
    stm32f0xx_hal_gpio.o(.ARM.exidx) refers to stm32f0xx_hal_gpio.o(i.HAL_GPIO_Init) for i.HAL_GPIO_Init
    stm32f0xx_hal_gpio.o(.ARM.exidx) refers to stm32f0xx_hal_gpio.o(i.HAL_GPIO_DeInit) for i.HAL_GPIO_DeInit
    stm32f0xx_hal_gpio.o(.ARM.exidx) refers to stm32f0xx_hal_gpio.o(i.HAL_GPIO_ReadPin) for i.HAL_GPIO_ReadPin
    stm32f0xx_hal_gpio.o(.ARM.exidx) refers to stm32f0xx_hal_gpio.o(i.HAL_GPIO_WritePin) for i.HAL_GPIO_WritePin
    stm32f0xx_hal_gpio.o(.ARM.exidx) refers to stm32f0xx_hal_gpio.o(i.HAL_GPIO_TogglePin) for i.HAL_GPIO_TogglePin
    stm32f0xx_hal_gpio.o(.ARM.exidx) refers to stm32f0xx_hal_gpio.o(i.HAL_GPIO_LockPin) for i.HAL_GPIO_LockPin
    stm32f0xx_hal_gpio.o(.ARM.exidx) refers to stm32f0xx_hal_gpio.o(i.HAL_GPIO_EXTI_Callback) for i.HAL_GPIO_EXTI_Callback
    stm32f0xx_hal_gpio.o(.ARM.exidx) refers to stm32f0xx_hal_gpio.o(i.HAL_GPIO_EXTI_IRQHandler) for i.HAL_GPIO_EXTI_IRQHandler
    stm32f0xx_hal_i2c_ex.o(.ARM.exidx) refers to stm32f0xx_hal_i2c_ex.o(i.HAL_I2CEx_ConfigAnalogFilter) for i.HAL_I2CEx_ConfigAnalogFilter
    stm32f0xx_hal_i2c_ex.o(.ARM.exidx) refers to stm32f0xx_hal_i2c_ex.o(i.HAL_I2CEx_ConfigDigitalFilter) for i.HAL_I2CEx_ConfigDigitalFilter
    stm32f0xx_hal_i2c_ex.o(.ARM.exidx) refers to stm32f0xx_hal_i2c_ex.o(i.HAL_I2CEx_EnableFastModePlus) for i.HAL_I2CEx_EnableFastModePlus
    stm32f0xx_hal_i2c_ex.o(.ARM.exidx) refers to stm32f0xx_hal_i2c_ex.o(i.HAL_I2CEx_DisableFastModePlus) for i.HAL_I2CEx_DisableFastModePlus
    stm32f0xx_hal_dma.o(i.HAL_DMA_DeInit) refers to stm32f0xx_hal_dma.o(i._ZN41_INTERNAL_19_stm32f0xx_hal_dma_c_c25f65ec23DMA_CalcBaseAndBitshiftEP19__DMA_HandleTypeDef) for [local to stm32f0xx_hal_dma_c]::DMA_CalcBaseAndBitshift(__DMA_HandleTypeDef*)
    stm32f0xx_hal_dma.o(i.HAL_DMA_Init) refers to stm32f0xx_hal_dma.o(i._ZN41_INTERNAL_19_stm32f0xx_hal_dma_c_c25f65ec23DMA_CalcBaseAndBitshiftEP19__DMA_HandleTypeDef) for [local to stm32f0xx_hal_dma_c]::DMA_CalcBaseAndBitshift(__DMA_HandleTypeDef*)
    stm32f0xx_hal_dma.o(i.HAL_DMA_PollForTransfer) refers to stm32f0xx_hal.o(i.HAL_GetTick) for HAL_GetTick
    stm32f0xx_hal_dma.o(i.HAL_DMA_Start) refers to stm32f0xx_hal_dma.o(i._ZN41_INTERNAL_19_stm32f0xx_hal_dma_c_c25f65ec13DMA_SetConfigEP19__DMA_HandleTypeDefjjj) for [local to stm32f0xx_hal_dma_c]::DMA_SetConfig(__DMA_HandleTypeDef*, unsigned, unsigned, unsigned)
    stm32f0xx_hal_dma.o(i.HAL_DMA_Start_IT) refers to stm32f0xx_hal_dma.o(i._ZN41_INTERNAL_19_stm32f0xx_hal_dma_c_c25f65ec13DMA_SetConfigEP19__DMA_HandleTypeDefjjj) for [local to stm32f0xx_hal_dma_c]::DMA_SetConfig(__DMA_HandleTypeDef*, unsigned, unsigned, unsigned)
    stm32f0xx_hal_dma.o(i.HAL_DMA_UnRegisterCallback) refers to stm32f0xx_hal_dma.o(i.__ARM_common_switch8) for __ARM_common_switch8
    stm32f0xx_hal_dma.o(i._ZN41_INTERNAL_19_stm32f0xx_hal_dma_c_c25f65ec23DMA_CalcBaseAndBitshiftEP19__DMA_HandleTypeDef) refers to aeabi_sdiv.o(.text) for __aeabi_uidivmod
    stm32f0xx_hal_dma.o(.ARM.exidx) refers to stm32f0xx_hal_dma.o(i._ZN41_INTERNAL_19_stm32f0xx_hal_dma_c_c25f65ec23DMA_CalcBaseAndBitshiftEP19__DMA_HandleTypeDef) for i._ZN41_INTERNAL_19_stm32f0xx_hal_dma_c_c25f65ec23DMA_CalcBaseAndBitshiftEP19__DMA_HandleTypeDef
    stm32f0xx_hal_dma.o(.ARM.exidx) refers to stm32f0xx_hal_dma.o(i.HAL_DMA_Init) for i.HAL_DMA_Init
    stm32f0xx_hal_dma.o(.ARM.exidx) refers to stm32f0xx_hal_dma.o(i.HAL_DMA_DeInit) for i.HAL_DMA_DeInit
    stm32f0xx_hal_dma.o(.ARM.exidx) refers to stm32f0xx_hal_dma.o(i._ZN41_INTERNAL_19_stm32f0xx_hal_dma_c_c25f65ec13DMA_SetConfigEP19__DMA_HandleTypeDefjjj) for i._ZN41_INTERNAL_19_stm32f0xx_hal_dma_c_c25f65ec13DMA_SetConfigEP19__DMA_HandleTypeDefjjj
    stm32f0xx_hal_dma.o(.ARM.exidx) refers to stm32f0xx_hal_dma.o(i.HAL_DMA_Start) for i.HAL_DMA_Start
    stm32f0xx_hal_dma.o(.ARM.exidx) refers to stm32f0xx_hal_dma.o(i.HAL_DMA_Start_IT) for i.HAL_DMA_Start_IT
    stm32f0xx_hal_dma.o(.ARM.exidx) refers to stm32f0xx_hal_dma.o(i.HAL_DMA_Abort) for i.HAL_DMA_Abort
    stm32f0xx_hal_dma.o(.ARM.exidx) refers to stm32f0xx_hal_dma.o(i.HAL_DMA_Abort_IT) for i.HAL_DMA_Abort_IT
    stm32f0xx_hal_dma.o(.ARM.exidx) refers to stm32f0xx_hal_dma.o(i.HAL_DMA_PollForTransfer) for i.HAL_DMA_PollForTransfer
    stm32f0xx_hal_dma.o(.ARM.exidx) refers to stm32f0xx_hal_dma.o(i.HAL_DMA_IRQHandler) for i.HAL_DMA_IRQHandler
    stm32f0xx_hal_dma.o(.ARM.exidx) refers to stm32f0xx_hal_dma.o(i._Z24HAL_DMA_RegisterCallbackP19__DMA_HandleTypeDef25HAL_DMA_CallbackIDTypeDefPFvS0_E) for i._Z24HAL_DMA_RegisterCallbackP19__DMA_HandleTypeDef25HAL_DMA_CallbackIDTypeDefPFvS0_E
    stm32f0xx_hal_dma.o(.ARM.exidx) refers to stm32f0xx_hal_dma.o(i.HAL_DMA_UnRegisterCallback) for i.HAL_DMA_UnRegisterCallback
[...]
    Removing stm32f0xx_hal_uart.o(i._ZN42_INTERNAL_20_stm32f0xx_hal_uart_c_d497114f18UART_EndTxTransferEP18UART_HandleTypeDef), (20 bytes).
    Removing stm32f0xx_hal_uart.o(i._ZN42_INTERNAL_20_stm32f0xx_hal_uart_c_d497114f19UART_DMAReceiveCpltEP19__DMA_HandleTypeDef), (76 bytes).
    Removing stm32f0xx_hal_uart.o(i._ZN42_INTERNAL_20_stm32f0xx_hal_uart_c_d497114f20UART_DMAAbortOnErrorEP19__DMA_HandleTypeDef), (24 bytes).
    Removing stm32f0xx_hal_uart.o(i._ZN42_INTERNAL_20_stm32f0xx_hal_uart_c_d497114f20UART_DMATransmitCpltEP19__DMA_HandleTypeDef), (58 bytes).
    Removing stm32f0xx_hal_uart.o(i._ZN42_INTERNAL_20_stm32f0xx_hal_uart_c_d497114f23UART_DMARxAbortCallbackEP19__DMA_HandleTypeDef), (68 bytes).
    Removing stm32f0xx_hal_uart.o(i._ZN42_INTERNAL_20_stm32f0xx_hal_uart_c_d497114f23UART_DMATxAbortCallbackEP19__DMA_HandleTypeDef), (68 bytes).
    Removing stm32f0xx_hal_uart.o(i._ZN42_INTERNAL_20_stm32f0xx_hal_uart_c_d497114f27UART_DMARxOnlyAbortCallbackEP19__DMA_HandleTypeDef), (32 bytes).
    Removing stm32f0xx_hal_uart.o(i._ZN42_INTERNAL_20_stm32f0xx_hal_uart_c_d497114f27UART_DMATxOnlyAbortCallbackEP19__DMA_HandleTypeDef), (26 bytes).
    Removing stm32f0xx_hal_uart.o(.ARM.exidx), (8 bytes).
    Removing stm32f0xx_hal_uart.o(.ARM.exidx), (8 bytes).
    Removing stm32f0xx_hal_uart.o(.ARM.exidx), (8 bytes).
    Removing stm32f0xx_hal_uart.o(.ARM.exidx), (8 bytes).
    Removing stm32f0xx_hal_uart.o(.ARM.exidx), (8 bytes).
    Removing stm32f0xx_hal_uart.o(.ARM.exidx), (8 bytes).
    Removing stm32f0xx_hal_uart.o(.ARM.exidx), (8 bytes).
    Removing stm32f0xx_hal_uart.o(.ARM.exidx), (8 bytes).
    Removing stm32f0xx_hal_uart.o(.ARM.exidx), (8 bytes).
    Removing stm32f0xx_hal_uart.o(.ARM.exidx), (8 bytes).
    Removing stm32f0xx_hal_uart.o(.ARM.exidx), (8 bytes).
    Removing stm32f0xx_hal_uart.o(.ARM.exidx), (8 bytes).
    Removing stm32f0xx_hal_uart.o(.ARM.exidx), (8 bytes).
    Removing stm32f0xx_hal_uart.o(.ARM.exidx), (8 bytes).
    Removing stm32f0xx_hal_uart.o(.ARM.exidx), (8 bytes).
    Removing stm32f0xx_hal_uart.o(.ARM.exidx), (8 bytes).
    Removing stm32f0xx_hal_uart.o(.ARM.exidx), (8 bytes).
    Removing stm32f0xx_hal_uart.o(.ARM.exidx), (8 bytes).
    Removing stm32f0xx_hal_uart.o(.ARM.exidx), (8 bytes).
    Removing stm32f0xx_hal_uart.o(.ARM.exidx), (8 bytes).
    Removing stm32f0xx_hal_uart.o(.ARM.exidx), (8 bytes).
    Removing stm32f0xx_hal_uart.o(.ARM.exidx), (8 bytes).
    Removing stm32f0xx_hal_uart.o(.ARM.exidx), (8 bytes).
    Removing stm32f0xx_hal_uart.o(.ARM.exidx), (8 bytes).
    Removing stm32f0xx_hal_uart.o(.ARM.exidx), (8 bytes).
    Removing stm32f0xx_hal_uart.o(.ARM.exidx), (8 bytes).
    Removing stm32f0xx_hal_uart.o(.ARM.exidx), (8 bytes).
    Removing stm32f0xx_hal_uart.o(.ARM.exidx), (8 bytes).
    Removing stm32f0xx_hal_uart.o(.ARM.exidx), (8 bytes).
    Removing stm32f0xx_hal_uart.o(.ARM.exidx), (8 bytes).
    Removing stm32f0xx_hal_uart.o(.ARM.exidx), (8 bytes).
    Removing stm32f0xx_hal_uart.o(.ARM.exidx), (8 bytes).
    Removing stm32f0xx_hal_uart.o(.ARM.exidx), (8 bytes).
    Removing stm32f0xx_hal_uart.o(.ARM.exidx), (8 bytes).
    Removing stm32f0xx_hal_uart.o(.ARM.exidx), (8 bytes).
    Removing stm32f0xx_hal_uart.o(.ARM.exidx), (8 bytes).
    Removing stm32f0xx_hal_uart.o(.ARM.exidx), (8 bytes).
    Removing stm32f0xx_hal_uart.o(.ARM.exidx), (8 bytes).
    Removing stm32f0xx_hal_uart.o(.ARM.exidx), (8 bytes).
    Removing stm32f0xx_hal_uart.o(.ARM.exidx), (8 bytes).
    Removing stm32f0xx_hal_uart.o(.ARM.exidx), (8 bytes).
    Removing stm32f0xx_hal_uart.o(.ARM.exidx), (8 bytes).
    Removing stm32f0xx_hal_uart.o(.ARM.exidx), (8 bytes).
    Removing stm32f0xx_hal_uart.o(.ARM.exidx), (8 bytes).
    Removing stm32f0xx_hal_uart.o(.ARM.exidx), (8 bytes).
    Removing stm32f0xx_hal_uart.o(.ARM.exidx), (8 bytes).
    Removing stm32f0xx_hal_uart.o(.ARM.exidx), (8 bytes).
    Removing stm32f0xx_hal_uart.o(.ARM.exidx), (8 bytes).
    Removing stm32f0xx_hal_uart.o(.ARM.exidx), (8 bytes).
    Removing stm32f0xx_hal_uart.o(.ARM.exidx), (8 bytes).
    Removing stm32f0xx_hal_uart.o(.ARM.exidx), (8 bytes).
    Removing stm32f0xx_hal_uart.o(.ARM.exidx), (8 bytes).
    Removing stm32f0xx_hal_uart.o(.ARM.exidx), (8 bytes).
    Removing stm32f0xx_hal_uart.o(.ARM.exidx), (8 bytes).
    Removing stm32f0xx_hal_uart.o(.ARM.exidx), (8 bytes).
    Removing stm32f0xx_hal_uart.o(.ARM.exidx), (8 bytes).
    Removing stm32f0xx_hal_uart_ex.o(.rev16_text), (4 bytes).
    Removing stm32f0xx_hal_uart_ex.o(.revsh_text), (4 bytes).
    Removing stm32f0xx_hal_uart_ex.o(i.HAL_MultiProcessorEx_AddressLength_Set), (66 bytes).
    Removing stm32f0xx_hal_uart_ex.o(i.HAL_RS485Ex_Init), (160 bytes).
    Removing stm32f0xx_hal_uart_ex.o(.ARM.exidx), (8 bytes).
    Removing stm32f0xx_hal_uart_ex.o(.ARM.exidx), (8 bytes).
    Removing stm32f0xx_hal_usart.o(.rev16_text), (4 bytes).
    Removing stm32f0xx_hal_usart.o(.revsh_text), (4 bytes).
    Removing stm32f0xx_hal_usart.o(i.HAL_USART_Abort), (134 bytes).
    Removing stm32f0xx_hal_usart.o(i.HAL_USART_AbortCpltCallback), (2 bytes).
    Removing stm32f0xx_hal_usart.o(i.HAL_USART_Abort_IT), (236 bytes).
    Removing stm32f0xx_hal_usart.o(i.HAL_USART_DMAPause), (156 bytes).
    Removing stm32f0xx_hal_usart.o(i.HAL_USART_DMAResume), (132 bytes).
    Removing stm32f0xx_hal_usart.o(i.HAL_USART_DMAStop), (68 bytes).
    Removing stm32f0xx_hal_usart.o(i.HAL_USART_DeInit), (60 bytes).
    Removing stm32f0xx_hal_usart.o(i.HAL_USART_ErrorCallback), (2 bytes).
    Removing stm32f0xx_hal_usart.o(i.HAL_USART_GetError), (6 bytes).
    Removing stm32f0xx_hal_usart.o(i.HAL_USART_GetState), (8 bytes).
    Removing stm32f0xx_hal_usart.o(i.HAL_USART_IRQHandler), (468 bytes).
    Removing stm32f0xx_hal_usart.o(i.HAL_USART_Init), (94 bytes).
    Removing stm32f0xx_hal_usart.o(i.HAL_USART_MspDeInit), (2 bytes).
    Removing stm32f0xx_hal_usart.o(i.HAL_USART_MspInit), (2 bytes).
    Removing stm32f0xx_hal_usart.o(i.HAL_USART_Receive), (340 bytes).
    Removing stm32f0xx_hal_usart.o(i.HAL_USART_Receive_DMA), (252 bytes).
    Removing stm32f0xx_hal_usart.o(i.HAL_USART_Receive_IT), (244 bytes).
    Removing stm32f0xx_hal_usart.o(i.HAL_USART_RxCpltCallback), (2 bytes).
    Removing stm32f0xx_hal_usart.o(i.HAL_USART_RxHalfCpltCallback), (2 bytes).
    Removing stm32f0xx_hal_usart.o(i.HAL_USART_Transmit), (230 bytes).
    Removing stm32f0xx_hal_usart.o(i.HAL_USART_TransmitReceive), (404 bytes).
    Removing stm32f0xx_hal_usart.o(i.HAL_USART_TransmitReceive_DMA), (288 bytes).
    Removing stm32f0xx_hal_usart.o(i.HAL_USART_TransmitReceive_IT), (252 bytes).
    Removing stm32f0xx_hal_usart.o(i.HAL_USART_Transmit_DMA), (184 bytes).
    Removing stm32f0xx_hal_usart.o(i.HAL_USART_Transmit_IT), (120 bytes).
    Removing stm32f0xx_hal_usart.o(i.HAL_USART_TxCpltCallback), (2 bytes).
    Removing stm32f0xx_hal_usart.o(i.HAL_USART_TxHalfCpltCallback), (2 bytes).
    Removing stm32f0xx_hal_usart.o(i.HAL_USART_TxRxCpltCallback), (2 bytes).
    Removing stm32f0xx_hal_usart.o(i._ZN43_INTERNAL_21_stm32f0xx_hal_usart_c_32ae874214USART_DMAErrorEP19__DMA_HandleTypeDef), (40 bytes).
    Removing stm32f0xx_hal_usart.o(i._ZN43_INTERNAL_21_stm32f0xx_hal_usart_c_32ae874215USART_SetConfigEP19USART_HandleTypeDef), (376 bytes).
    Removing stm32f0xx_hal_usart.o(i._ZN43_INTERNAL_21_stm32f0xx_hal_usart_c_32ae874216USART_Receive_ITEP19USART_HandleTypeDef), (134 bytes).
    Removing stm32f0xx_hal_usart.o(i._ZN43_INTERNAL_21_stm32f0xx_hal_usart_c_32ae874217USART_EndTransferEP19USART_HandleTypeDef), (34 bytes).
    Removing stm32f0xx_hal_usart.o(i._ZN43_INTERNAL_21_stm32f0xx_hal_usart_c_32ae874217USART_Transmit_ITEP19USART_HandleTypeDef), (108 bytes).
    Removing stm32f0xx_hal_usart.o(i._ZN43_INTERNAL_21_stm32f0xx_hal_usart_c_32ae874219USART_DMARxHalfCpltEP19__DMA_HandleTypeDef), (14 bytes).
    Removing stm32f0xx_hal_usart.o(i._ZN43_INTERNAL_21_stm32f0xx_hal_usart_c_32ae874219USART_DMATxHalfCpltEP19__DMA_HandleTypeDef), (14 bytes).
    Removing stm32f0xx_hal_usart.o(i._ZN43_INTERNAL_21_stm32f0xx_hal_usart_c_32ae874220USART_CheckIdleStateEP19USART_HandleTypeDef), (26 bytes).
    Removing stm32f0xx_hal_usart.o(i._ZN43_INTERNAL_21_stm32f0xx_hal_usart_c_32ae874220USART_DMAReceiveCpltEP19__DMA_HandleTypeDef), (122 bytes).
    Removing stm32f0xx_hal_usart.o(i._ZN43_INTERNAL_21_stm32f0xx_hal_usart_c_32ae874220USART_EndTransmit_ITEP19USART_HandleTypeDef), (44 bytes).
    Removing stm32f0xx_hal_usart.o(i._ZN43_INTERNAL_21_stm32f0xx_hal_usart_c_32ae874221USART_DMAAbortOnErrorEP19__DMA_HandleTypeDef), (20 bytes).
    Removing stm32f0xx_hal_usart.o(i._ZN43_INTERNAL_21_stm32f0xx_hal_usart_c_32ae874221USART_DMATransmitCpltEP19__DMA_HandleTypeDef), (70 bytes).
    Removing stm32f0xx_hal_usart.o(i._ZN43_INTERNAL_21_stm32f0xx_hal_usart_c_32ae874224USART_DMARxAbortCallbackEP19__DMA_HandleTypeDef), (58 bytes).
    Removing stm32f0xx_hal_usart.o(i._ZN43_INTERNAL_21_stm32f0xx_hal_usart_c_32ae874224USART_DMATxAbortCallbackEP19__DMA_HandleTypeDef), (58 bytes).
    Removing stm32f0xx_hal_usart.o(i._ZN43_INTERNAL_21_stm32f0xx_hal_usart_c_32ae874224USART_TransmitReceive_ITEP19USART_HandleTypeDef), (236 bytes).
    Removing stm32f0xx_hal_usart.o(i._ZN43_INTERNAL_21_stm32f0xx_hal_usart_c_32ae874228USART_WaitOnFlagUntilTimeoutEP19USART_HandleTypeDefj10FlagStatusjj), (108 bytes).
    Removing stm32f0xx_hal_usart.o(.ARM.exidx), (8 bytes).
    Removing stm32f0xx_hal_usart.o(.ARM.exidx), (8 bytes).
    Removing stm32f0xx_hal_usart.o(.ARM.exidx), (8 bytes).
    Removing stm32f0xx_hal_usart.o(.ARM.exidx), (8 bytes).
    Removing stm32f0xx_hal_usart.o(.ARM.exidx), (8 bytes).
    Removing stm32f0xx_hal_usart.o(.ARM.exidx), (8 bytes).
    Removing stm32f0xx_hal_usart.o(.ARM.exidx), (8 bytes).
    Removing stm32f0xx_hal_usart.o(.ARM.exidx), (8 bytes).
    Removing stm32f0xx_hal_usart.o(.ARM.exidx), (8 bytes).
    Removing stm32f0xx_hal_usart.o(.ARM.exidx), (8 bytes).
    Removing stm32f0xx_hal_usart.o(.ARM.exidx), (8 bytes).
    Removing stm32f0xx_hal_usart.o(.ARM.exidx), (8 bytes).
    Removing stm32f0xx_hal_usart.o(.ARM.exidx), (8 bytes).
    Removing stm32f0xx_hal_usart.o(.ARM.exidx), (8 bytes).
    Removing stm32f0xx_hal_usart.o(.ARM.exidx), (8 bytes).
    Removing stm32f0xx_hal_usart.o(.ARM.exidx), (8 bytes).
    Removing stm32f0xx_hal_usart.o(.ARM.exidx), (8 bytes).
    Removing stm32f0xx_hal_usart.o(.ARM.exidx), (8 bytes).
    Removing stm32f0xx_hal_usart.o(.ARM.exidx), (8 bytes).
    Removing stm32f0xx_hal_usart.o(.ARM.exidx), (8 bytes).
    Removing stm32f0xx_hal_usart.o(.ARM.exidx), (8 bytes).
    Removing stm32f0xx_hal_usart.o(.ARM.exidx), (8 bytes).
    Removing stm32f0xx_hal_usart.o(.ARM.exidx), (8 bytes).
    Removing stm32f0xx_hal_usart.o(.ARM.exidx), (8 bytes).
    Removing stm32f0xx_hal_usart.o(.ARM.exidx), (8 bytes).
    Removing stm32f0xx_hal_usart.o(.ARM.exidx), (8 bytes).
    Removing stm32f0xx_hal_usart.o(.ARM.exidx), (8 bytes).
    Removing stm32f0xx_hal_usart.o(.ARM.exidx), (8 bytes).
    Removing stm32f0xx_hal_usart.o(.ARM.exidx), (8 bytes).
    Removing stm32f0xx_hal_usart.o(.ARM.exidx), (8 bytes).
    Removing stm32f0xx_hal_usart.o(.ARM.exidx), (8 bytes).
    Removing stm32f0xx_hal_usart.o(.ARM.exidx), (8 bytes).
    Removing stm32f0xx_hal_usart.o(.ARM.exidx), (8 bytes).
    Removing stm32f0xx_hal_usart.o(.ARM.exidx), (8 bytes).
    Removing stm32f0xx_hal_usart.o(.ARM.exidx), (8 bytes).
    Removing stm32f0xx_hal_usart.o(.ARM.exidx), (8 bytes).
    Removing stm32f0xx_hal_usart.o(.ARM.exidx), (8 bytes).
    Removing stm32f0xx_hal_usart.o(.ARM.exidx), (8 bytes).
    Removing stm32f0xx_hal_usart.o(.ARM.exidx), (8 bytes).
    Removing stm32f0xx_hal_usart.o(.ARM.exidx), (8 bytes).
    Removing stm32f0xx_hal_usart.o(.ARM.exidx), (8 bytes).
    Removing stm32f0xx_hal_usart.o(.ARM.exidx), (8 bytes).
    Removing stm32f0xx_hal_usart.o(.ARM.exidx), (8 bytes).
    Removing stm32f0xx_hal_usart.o(.ARM.exidx), (8 bytes).
    Removing main.o(.rev16_text), (4 bytes).
    Removing main.o(.revsh_text), (4 bytes).
    Removing main.o(.ARM.exidx), (8 bytes).
    Removing main.o(.ARM.exidx), (8 bytes).
    Removing main.o(.ARM.exidx), (8 bytes).
    Removing main.o(.ARM.exidx), (8 bytes).
    Removing stm32f0xx_it.o(.rev16_text), (4 bytes).
    Removing stm32f0xx_it.o(.revsh_text), (4 bytes).
    Removing stm32f0xx_it.o(.ARM.exidx), (8 bytes).
    Removing stm32f0xx_it.o(.ARM.exidx), (8 bytes).
    Removing stm32f0xx_it.o(.ARM.exidx), (8 bytes).
    Removing stm32f0xx_it.o(.ARM.exidx), (8 bytes).
    Removing stm32f0xx_it.o(.ARM.exidx), (8 bytes).
    Removing stm32f0xx_it.o(.ARM.exidx), (8 bytes).
    Removing uart.o(.rev16_text), (4 bytes).
    Removing uart.o(.revsh_text), (4 bytes).
    Removing uart.o(i._ZN10UartDevice10DataLengthEv), (36 bytes).
    Removing uart.o(.ARM.exidx), (8 bytes).
    Removing uart.o(.ARM.exidx), (8 bytes).
    Removing uart.o(.ARM.exidx), (8 bytes).
    Removing uart.o(.ARM.exidx), (8 bytes).
    Removing uart.o(.ARM.exidx), (8 bytes).
    Removing uart.o(.ARM.exidx), (8 bytes).
    Removing uart.o(.ARM.exidx), (8 bytes).
    Removing cmd.o(.rev16_text), (4 bytes).
    Removing cmd.o(.revsh_text), (4 bytes).
    Removing cmd.o(.ARM.exidx), (8 bytes).
    Removing cmd.o(.ARM.exidx), (8 bytes).
    Removing cmd.o(.ARM.exidx), (8 bytes).
    Removing cmd.o(.ARM.exidx), (8 bytes).
    Removing cmd.o(.ARM.exidx), (8 bytes).
    Removing cmd.o(.ARM.exidx), (8 bytes).
    Removing cmd.o(.ARM.exidx), (8 bytes).
    Removing cmd.o(.ARM.exidx), (8 bytes).
    Removing cmd.o(.ARM.exidx), (8 bytes).
    Removing cmd.o(.ARM.exidx), (8 bytes).
    Removing cmd.o(.ARM.exidx), (8 bytes).
    Removing flash.o(.rev16_text), (4 bytes).
    Removing flash.o(.revsh_text), (4 bytes).
    Removing flash.o(i._ZN11FlashWriter7GetPageEj), (8 bytes).
    Removing flash.o(i._ZN11FlashWriterC1Ejj), (2 bytes).
    Removing flash.o(.ARM.exidx), (8 bytes).
    Removing flash.o(.ARM.exidx), (8 bytes).
    Removing flash.o(.ARM.exidx), (8 bytes).
    Removing flash.o(.ARM.exidx), (8 bytes).
    Removing flash.o(.ARM.exidx), (8 bytes).
    Removing flash.o(.ARM.exidx), (8 bytes).
    Removing flash.o(.ARM.exidx), (8 bytes).
    Removing appimage.o(.rev16_text), (4 bytes).
    Removing appimage.o(.revsh_text), (4 bytes).
    Removing appimage.o(.ARM.exidx), (8 bytes).
    Removing appimage.o(.ARM.exidx), (8 bytes).
    Removing appimage.o(.ARM.exidx), (8 bytes).
    Removing appimage.o(.ARM.exidx), (8 bytes).
    Removing appimage.o(.ARM.exidx), (8 bytes).
    Removing appimage.o(.ARM.exidx), (8 bytes).
    Removing appimage.o(.ARM.exidx), (8 bytes).
    Removing appimage.o(.ARM.exidx), (8 bytes).
    Removing appimage.o(.ARM.exidx), (8 bytes).
    Removing appimage.o(.ARM.exidx), (8 bytes).
    Removing led.o(.rev16_text), (4 bytes).
    Removing led.o(.revsh_text), (4 bytes).
    Removing led.o(i._ZN7LedCtrl11SetLedStateEi), (44 bytes).
    Removing led.o(i._ZN7LedCtrl12SetFlashTimeEi), (24 bytes).
    Removing led.o(i._ZN7LedCtrl4InitEv), (72 bytes).
    Removing led.o(i._ZN7LedCtrl6UpdateEv), (48 bytes).
    Removing led.o(i._ZN7LedCtrlC1Ev), (6 bytes).
    Removing led.o(.ARM.exidx), (8 bytes).
    Removing led.o(.ARM.exidx), (8 bytes).
    Removing led.o(.ARM.exidx), (8 bytes).
    Removing led.o(.ARM.exidx), (8 bytes).
    Removing led.o(.ARM.exidx), (8 bytes).
    Removing system_stm32f0xx.o(.rev16_text), (4 bytes).
    Removing system_stm32f0xx.o(.revsh_text), (4 bytes).
    Removing system_stm32f0xx.o(i.SystemCoreClockUpdate), (184 bytes).
    Removing system_stm32f0xx.o(.ARM.exidx), (8 bytes).
    Removing system_stm32f0xx.o(.ARM.exidx), (8 bytes).
    Removing stm32f0xx_hal_dma.o(.ARM.exidx), (8 bytes).

647 unused section(s) (total 29766 bytes) removed from the image.

==============================================================================

Image Symbol Table

    Local Symbols

    Symbol Name                              Value     Ov Type        Size  Object(Section)

    ../Drivers/STM32F0xx_HAL_Driver/Src/stm32f0xx_hal.c 0x00000000   Number         0  stm32f0xx_hal.o ABSOLUTE
    ../Drivers/STM32F0xx_HAL_Driver/Src/stm32f0xx_hal_cortex.c 0x00000000   Number         0  stm32f0xx_hal_cortex.o ABSOLUTE
    ../Drivers/STM32F0xx_HAL_Driver/Src/stm32f0xx_hal_dma.c 0x00000000   Number         0  stm32f0xx_hal_dma.o ABSOLUTE
    ../Drivers/STM32F0xx_HAL_Driver/Src/stm32f0xx_hal_flash.c 0x00000000   Number         0  stm32f0xx_hal_flash.o ABSOLUTE
    ../Drivers/STM32F0xx_HAL_Driver/Src/stm32f0xx_hal_flash_ex.c 0x00000000   Number         0  stm32f0xx_hal_flash_ex.o ABSOLUTE
    ../Drivers/STM32F0xx_HAL_Driver/Src/stm32f0xx_hal_gpio.c 0x00000000   Number         0  stm32f0xx_hal_gpio.o ABSOLUTE
    ../Drivers/STM32F0xx_HAL_Driver/Src/stm32f0xx_hal_i2c.c 0x00000000   Number         0  stm32f0xx_hal_i2c.o ABSOLUTE
    ../Drivers/STM32F0xx_HAL_Driver/Src/stm32f0xx_hal_i2c_ex.c 0x00000000   Number         0  stm32f0xx_hal_i2c_ex.o ABSOLUTE
    ../Drivers/STM32F0xx_HAL_Driver/Src/stm32f0xx_hal_pwr.c 0x00000000   Number         0  stm32f0xx_hal_pwr.o ABSOLUTE
    ../Drivers/STM32F0xx_HAL_Driver/Src/stm32f0xx_hal_pwr_ex.c 0x00000000   Number         0  stm32f0xx_hal_pwr_ex.o ABSOLUTE
    ../Drivers/STM32F0xx_HAL_Driver/Src/stm32f0xx_hal_rcc.c 0x00000000   Number         0  stm32f0xx_hal_rcc.o ABSOLUTE
    ../Drivers/STM32F0xx_HAL_Driver/Src/stm32f0xx_hal_rcc_ex.c 0x00000000   Number         0  stm32f0xx_hal_rcc_ex.o ABSOLUTE
    ../Src/system_stm32f0xx.c                0x00000000   Number         0  system_stm32f0xx.o ABSOLUTE
    ../clib/angel/boardlib.s                 0x00000000   Number         0  boardinit2.o ABSOLUTE
    ../clib/angel/boardlib.s                 0x00000000   Number         0  boardinit3.o ABSOLUTE
    ../clib/angel/boardlib.s                 0x00000000   Number         0  boardinit1.o ABSOLUTE
    ../clib/angel/boardlib.s                 0x00000000   Number         0  boardshut.o ABSOLUTE
    ../clib/angel/handlers.s                 0x00000000   Number         0  __scatter_zi.o ABSOLUTE
    ../clib/angel/handlers.s                 0x00000000   Number         0  __scatter_copy.o ABSOLUTE
    ../clib/angel/kernel.s                   0x00000000   Number         0  __rtentry4.o ABSOLUTE
    ../clib/angel/kernel.s                   0x00000000   Number         0  rtexit2.o ABSOLUTE
    ../clib/angel/kernel.s                   0x00000000   Number         0  rtexit.o ABSOLUTE
    ../clib/angel/kernel.s                   0x00000000   Number         0  __rtentry.o ABSOLUTE
    ../clib/angel/kernel.s                   0x00000000   Number         0  __rtentry2.o ABSOLUTE
    ../clib/angel/rt.s                       0x00000000   Number         0  aeabi_idiv0.o ABSOLUTE
    ../clib/angel/rt.s                       0x00000000   Number         0  rt_div0.o ABSOLUTE
    ../clib/angel/rt.s                       0x00000000   Number         0  aeabi_idiv0_sigfpe.o ABSOLUTE
    ../clib/angel/rt.s                       0x00000000   Number         0  rt_raise.o ABSOLUTE
    ../clib/angel/scatterp.s                 0x00000000   Number         0  __scatter.o ABSOLUTE
    ../clib/angel/startup.s                  0x00000000   Number         0  __main.o ABSOLUTE
    ../clib/angel/sys.s                      0x00000000   Number         0  libspace.o ABSOLUTE
    ../clib/angel/sys.s                      0x00000000   Number         0  sys_stackheap_outer.o ABSOLUTE
    ../clib/angel/sys.s                      0x00000000   Number         0  use_no_semi.o ABSOLUTE
    ../clib/angel/sys.s                      0x00000000   Number         0  tempstk.o ABSOLUTE
    ../clib/angel/sys.s                      0x00000000   Number         0  indicate_semi.o ABSOLUTE
    ../clib/angel/sysapp.c                   0x00000000   Number         0  sys_exit.o ABSOLUTE
    ../clib/angel/sysapp.c                   0x00000000   Number         0  sys_wrch.o ABSOLUTE
    ../clib/angel/sysapp.c                   0x00000000   Number         0  sys_command.o ABSOLUTE
    ../clib/arm_runtime.c                    0x00000000   Number         0  init_aeabi.o ABSOLUTE
    ../clib/arm_runtime.c                    0x00000000   Number         0  init_aeabi.o ABSOLUTE
    ../clib/armsys.c                         0x00000000   Number         0  no_argv.o ABSOLUTE
    ../clib/armsys.c                         0x00000000   Number         0  _get_argv_nomalloc.o ABSOLUTE
    ../clib/armsys.c                         0x00000000   Number         0  argv_veneer.o ABSOLUTE
    ../clib/division.s                       0x00000000   Number         0  aeabi_sdiv.o ABSOLUTE
    ../clib/division.s                       0x00000000   Number         0  aeabi_sdiv_div0.o ABSOLUTE
    ../clib/heapalloc.c                      0x00000000   Number         0  hrguard.o ABSOLUTE
    ../clib/heapaux.c                        0x00000000   Number         0  heapauxi.o ABSOLUTE
    ../clib/libinit.s                        0x00000000   Number         0  libinit.o ABSOLUTE
    ../clib/libinit.s                        0x00000000   Number         0  libshutdown.o ABSOLUTE
    ../clib/libinit.s                        0x00000000   Number         0  libinit2.o ABSOLUTE
    ../clib/libinit.s                        0x00000000   Number         0  libshutdown2.o ABSOLUTE
    ../clib/longlong.c                       0x00000000   Number         0  llushr.o ABSOLUTE
    ../clib/memcpset.c                       0x00000000   Number         0  rt_memclr.o ABSOLUTE
    ../clib/memcpset.c                       0x00000000   Number         0  rt_memcpy.o ABSOLUTE
    ../clib/memcpset.c                       0x00000000   Number         0  rt_memcpy.o ABSOLUTE
    ../clib/signal.c                         0x00000000   Number         0  defsig_cppl_inner.o ABSOLUTE
    ../clib/signal.c                         0x00000000   Number         0  defsig_pvfn_inner.o ABSOLUTE
    ../clib/signal.c                         0x00000000   Number         0  defsig_stak_inner.o ABSOLUTE
    ../clib/signal.c                         0x00000000   Number         0  defsig_rtred_inner.o ABSOLUTE
    ../clib/signal.c                         0x00000000   Number         0  defsig_abrt_inner.o ABSOLUTE
    ../clib/signal.c                         0x00000000   Number         0  defsig_rtmem_inner.o ABSOLUTE
    ../clib/signal.c                         0x00000000   Number         0  defsig_general.o ABSOLUTE
    ../clib/signal.c                         0x00000000   Number         0  __raise.o ABSOLUTE
    ../clib/signal.c                         0x00000000   Number         0  defsig_rtmem_formal.o ABSOLUTE
    ../clib/signal.c                         0x00000000   Number         0  defsig_rtmem_outer.o ABSOLUTE
    ../clib/signal.c                         0x00000000   Number         0  defsig_fpe_inner.o ABSOLUTE
    ../clib/signal.c                         0x00000000   Number         0  defsig_exit.o ABSOLUTE
    ../clib/signal.c                         0x00000000   Number         0  defsig_fpe_formal.o ABSOLUTE
    ../clib/signal.c                         0x00000000   Number         0  defsig_fpe_outer.o ABSOLUTE
    ../clib/signal.c                         0x00000000   Number         0  defsig_other.o ABSOLUTE
    ../clib/signal.c                         0x00000000   Number         0  defsig_segv_inner.o ABSOLUTE
    ../clib/signal.s                         0x00000000   Number         0  defsig.o ABSOLUTE
    ../clib/stdlib.c                         0x00000000   Number         0  exit.o ABSOLUTE
    ../fplib/cfplib/fpinit.c                 0x00000000   Number         0  fpinit.o ABSOLUTE
    ..\Drivers\STM32F0xx_HAL_Driver\Src\stm32f0xx_hal.c 0x00000000   Number         0  stm32f0xx_hal.o ABSOLUTE
    ..\Drivers\STM32F0xx_HAL_Driver\Src\stm32f0xx_hal_cortex.c 0x00000000   Number         0  stm32f0xx_hal_cortex.o ABSOLUTE
    ..\Drivers\STM32F0xx_HAL_Driver\Src\stm32f0xx_hal_dma.c 0x00000000   Number         0  stm32f0xx_hal_dma.o ABSOLUTE
    ..\Drivers\STM32F0xx_HAL_Driver\Src\stm32f0xx_hal_flash.c 0x00000000   Number         0  stm32f0xx_hal_flash.o ABSOLUTE
    ..\Drivers\STM32F0xx_HAL_Driver\Src\stm32f0xx_hal_flash_ex.c 0x00000000   Number         0  stm32f0xx_hal_flash_ex.o ABSOLUTE
    ..\Drivers\STM32F0xx_HAL_Driver\Src\stm32f0xx_hal_gpio.c 0x00000000   Number         0  stm32f0xx_hal_gpio.o ABSOLUTE
    ..\Drivers\STM32F0xx_HAL_Driver\Src\stm32f0xx_hal_i2c.c 0x00000000   Number         0  stm32f0xx_hal_i2c.o ABSOLUTE
    ..\Drivers\STM32F0xx_HAL_Driver\Src\stm32f0xx_hal_i2c_ex.c 0x00000000   Number         0  stm32f0xx_hal_i2c_ex.o ABSOLUTE
    ..\Drivers\STM32F0xx_HAL_Driver\Src\stm32f0xx_hal_pwr.c 0x00000000   Number         0  stm32f0xx_hal_pwr.o ABSOLUTE
    ..\Drivers\STM32F0xx_HAL_Driver\Src\stm32f0xx_hal_pwr_ex.c 0x00000000   Number         0  stm32f0xx_hal_pwr_ex.o ABSOLUTE
    ..\Drivers\STM32F0xx_HAL_Driver\Src\stm32f0xx_hal_rcc.c 0x00000000   Number         0  stm32f0xx_hal_rcc.o ABSOLUTE
    ..\Drivers\STM32F0xx_HAL_Driver\Src\stm32f0xx_hal_rcc_ex.c 0x00000000   Number         0  stm32f0xx_hal_rcc_ex.o ABSOLUTE
    ..\Drivers\STM32F0xx_HAL_Driver\Src\stm32f0xx_hal_uart.c 0x00000000   Number         0  stm32f0xx_hal_uart.o ABSOLUTE
    ..\Drivers\STM32F0xx_HAL_Driver\Src\stm32f0xx_hal_uart_ex.c 0x00000000   Number         0  stm32f0xx_hal_uart_ex.o ABSOLUTE
    ..\Drivers\STM32F0xx_HAL_Driver\Src\stm32f0xx_hal_usart.c 0x00000000   Number         0  stm32f0xx_hal_usart.o ABSOLUTE
    ..\Src\appimage.cpp                      0x00000000   Number         0  appimage.o ABSOLUTE
    ..\Src\cmd.cpp                           0x00000000   Number         0  cmd.o ABSOLUTE
    ..\Src\flash.cpp                         0x00000000   Number         0  flash.o ABSOLUTE
    ..\Src\led.cpp                           0x00000000   Number         0  led.o ABSOLUTE
    ..\Src\main.cpp                          0x00000000   Number         0  main.o ABSOLUTE
    ..\Src\stm32f0xx_it.cpp                  0x00000000   Number         0  stm32f0xx_it.o ABSOLUTE
    ..\Src\system_stm32f0xx.c                0x00000000   Number         0  system_stm32f0xx.o ABSOLUTE
    ..\Src\uart.cpp                          0x00000000   Number         0  uart.o ABSOLUTE
    ..\\Drivers\\STM32F0xx_HAL_Driver\\Src\\stm32f0xx_hal_uart.c 0x00000000   Number         0  stm32f0xx_hal_uart.o ABSOLUTE
    ..\\Drivers\\STM32F0xx_HAL_Driver\\Src\\stm32f0xx_hal_uart_ex.c 0x00000000   Number         0  stm32f0xx_hal_uart_ex.o ABSOLUTE
    ..\\Drivers\\STM32F0xx_HAL_Driver\\Src\\stm32f0xx_hal_usart.c 0x00000000   Number         0  stm32f0xx_hal_usart.o ABSOLUTE
    ..\\Src\\appimage.cpp                    0x00000000   Number         0  appimage.o ABSOLUTE
    ..\\Src\\cmd.cpp                         0x00000000   Number         0  cmd.o ABSOLUTE
    ..\\Src\\flash.cpp                       0x00000000   Number         0  flash.o ABSOLUTE
    ..\\Src\\led.cpp                         0x00000000   Number         0  led.o ABSOLUTE
    ..\\Src\\main.cpp                        0x00000000   Number         0  main.o ABSOLUTE
    ..\\Src\\stm32f0xx_it.cpp                0x00000000   Number         0  stm32f0xx_it.o ABSOLUTE
    ..\\Src\\uart.cpp                        0x00000000   Number         0  uart.o ABSOLUTE
    dc.s                                     0x00000000   Number         0  dc.o ABSOLUTE
    startup_stm32f070xb.s                    0x00000000   Number         0  startup_stm32f070xb.o ABSOLUTE
    RESET                                    0x08000000   Section      192  startup_stm32f070xb.o(RESET)
    !!!main                                  0x080000c0   Section        8  __main.o(!!!main)
    !!!scatter                               0x080000c8   Section       60  __scatter.o(!!!scatter)
    !!handler_copy                           0x08000104   Section       26  __scatter_copy.o(!!handler_copy)
    !!handler_zi                             0x08000120   Section       28  __scatter_zi.o(!!handler_zi)
    .ARM.Collect$$libinit$$00000000          0x0800013c   Section        2  libinit.o(.ARM.Collect$$libinit$$00000000)
    .ARM.Collect$$libinit$$00000002          0x0800013e   Section        0  libinit2.o(.ARM.Collect$$libinit$$00000002)
    .ARM.Collect$$libinit$$00000004          0x0800013e   Section        0  libinit2.o(.ARM.Collect$$libinit$$00000004)
    .ARM.Collect$$libinit$$0000000A          0x0800013e   Section        0  libinit2.o(.ARM.Collect$$libinit$$0000000A)
    .ARM.Collect$$libinit$$0000000C          0x0800013e   Section        0  libinit2.o(.ARM.Collect$$libinit$$0000000C)
    .ARM.Collect$$libinit$$0000000E          0x0800013e   Section        0  libinit2.o(.ARM.Collect$$libinit$$0000000E)
    .ARM.Collect$$libinit$$00000011          0x0800013e   Section        0  libinit2.o(.ARM.Collect$$libinit$$00000011)
    .ARM.Collect$$libinit$$00000013          0x0800013e   Section        0  libinit2.o(.ARM.Collect$$libinit$$00000013)
    .ARM.Collect$$libinit$$00000015          0x0800013e   Section        0  libinit2.o(.ARM.Collect$$libinit$$00000015)
    .ARM.Collect$$libinit$$00000017          0x0800013e   Section        0  libinit2.o(.ARM.Collect$$libinit$$00000017)
    .ARM.Collect$$libinit$$00000019          0x0800013e   Section        0  libinit2.o(.ARM.Collect$$libinit$$00000019)
    .ARM.Collect$$libinit$$0000001B          0x0800013e   Section        0  libinit2.o(.ARM.Collect$$libinit$$0000001B)
    .ARM.Collect$$libinit$$0000001D          0x0800013e   Section        0  libinit2.o(.ARM.Collect$$libinit$$0000001D)
    .ARM.Collect$$libinit$$0000001F          0x0800013e   Section        0  libinit2.o(.ARM.Collect$$libinit$$0000001F)
    .ARM.Collect$$libinit$$00000021          0x0800013e   Section        0  libinit2.o(.ARM.Collect$$libinit$$00000021)
    .ARM.Collect$$libinit$$00000023          0x0800013e   Section        0  libinit2.o(.ARM.Collect$$libinit$$00000023)
    .ARM.Collect$$libinit$$00000025          0x0800013e   Section        0  libinit2.o(.ARM.Collect$$libinit$$00000025)
    .ARM.Collect$$libinit$$0000002C          0x0800013e   Section        0  libinit2.o(.ARM.Collect$$libinit$$0000002C)
    .ARM.Collect$$libinit$$0000002E          0x0800013e   Section        0  libinit2.o(.ARM.Collect$$libinit$$0000002E)
    .ARM.Collect$$libinit$$00000030          0x0800013e   Section        0  libinit2.o(.ARM.Collect$$libinit$$00000030)
    .ARM.Collect$$libinit$$00000031          0x0800013e   Section        4  libinit2.o(.ARM.Collect$$libinit$$00000031)
    .ARM.Collect$$libinit$$00000032          0x08000142   Section        0  libinit2.o(.ARM.Collect$$libinit$$00000032)
    .ARM.Collect$$libinit$$00000033          0x08000142   Section        2  libinit2.o(.ARM.Collect$$libinit$$00000033)
    .ARM.Collect$$libshutdown$$00000000      0x08000144   Section        2  libshutdown.o(.ARM.Collect$$libshutdown$$00000000)
    .ARM.Collect$$libshutdown$$00000002      0x08000146   Section        0  libshutdown2.o(.ARM.Collect$$libshutdown$$00000002)
    .ARM.Collect$$libshutdown$$00000004      0x08000146   Section        0  libshutdown2.o(.ARM.Collect$$libshutdown$$00000004)
    .ARM.Collect$$libshutdown$$00000007      0x08000146   Section        0  libshutdown2.o(.ARM.Collect$$libshutdown$$00000007)
    .ARM.Collect$$libshutdown$$0000000A      0x08000146   Section        0  libshutdown2.o(.ARM.Collect$$libshutdown$$0000000A)
    .ARM.Collect$$libshutdown$$0000000C      0x08000146   Section        0  libshutdown2.o(.ARM.Collect$$libshutdown$$0000000C)
    .ARM.Collect$$libshutdown$$0000000F      0x08000146   Section        0  libshutdown2.o(.ARM.Collect$$libshutdown$$0000000F)
    .ARM.Collect$$libshutdown$$00000010      0x08000146   Section        2  libshutdown2.o(.ARM.Collect$$libshutdown$$00000010)
    .ARM.Collect$$rtentry$$00000000          0x08000148   Section        0  __rtentry.o(.ARM.Collect$$rtentry$$00000000)
    .ARM.Collect$$rtentry$$00000002          0x08000148   Section        0  __rtentry2.o(.ARM.Collect$$rtentry$$00000002)
    .ARM.Collect$$rtentry$$00000004          0x08000148   Section        6  __rtentry4.o(.ARM.Collect$$rtentry$$00000004)
    .ARM.Collect$$rtentry$$00000009          0x0800014e   Section        0  __rtentry2.o(.ARM.Collect$$rtentry$$00000009)
    .ARM.Collect$$rtentry$$0000000A          0x0800014e   Section        4  __rtentry2.o(.ARM.Collect$$rtentry$$0000000A)
    .ARM.Collect$$rtentry$$0000000C          0x08000152   Section        0  __rtentry2.o(.ARM.Collect$$rtentry$$0000000C)
    .ARM.Collect$$rtentry$$0000000D          0x08000152   Section        8  __rtentry2.o(.ARM.Collect$$rtentry$$0000000D)
    .ARM.Collect$$rtexit$$00000000           0x0800015a   Section        2  rtexit.o(.ARM.Collect$$rtexit$$00000000)
    .ARM.Collect$$rtexit$$00000002           0x0800015c   Section        0  rtexit2.o(.ARM.Collect$$rtexit$$00000002)
    .ARM.Collect$$rtexit$$00000003           0x0800015c   Section        4  rtexit2.o(.ARM.Collect$$rtexit$$00000003)
    .ARM.Collect$$rtexit$$00000004           0x08000160   Section        6  rtexit2.o(.ARM.Collect$$rtexit$$00000004)
    .emb_text                                0x08000168   Section       56  rt_memcpy.o(.emb_text)
    .text                                    0x080001a0   Section       56  startup_stm32f070xb.o(.text)
    .text                                    0x080001d8   Section        0  llushr.o(.text)
    .text                                    0x080001fa   Section        0  rt_memcpy.o(.text)
    .text                                    0x0800027c   Section      346  aeabi_sdiv.o(.text)
    .text                                    0x080003d6   Section        0  heapauxi.o(.text)
    .text                                    0x080003dc   Section        0  init_aeabi.o(.text)
    .text                                    0x08000400   Section       62  sys_stackheap_outer.o(.text)
    .text                                    0x0800043e   Section        0  exit.o(.text)
    .text                                    0x08000450   Section        8  libspace.o(.text)
    .text                                    0x08000458   Section        0  sys_exit.o(.text)
    .text                                    0x08000464   Section        2  use_no_semi.o(.text)
    .text                                    0x08000466   Section        0  indicate_semi.o(.text)
    i.DMA1_Channel2_3_IRQHandler             0x08000468   Section        0  stm32f0xx_it.o(i.DMA1_Channel2_3_IRQHandler)
    i.FLASH_WaitForLastOperation             0x08000478   Section        0  stm32f0xx_hal_flash.o(i.FLASH_WaitForLastOperation)
    i.HAL_DMA_Init                           0x080004e0   Section        0  stm32f0xx_hal_dma.o(i.HAL_DMA_Init)
    i.HAL_DMA_Start                          0x08000544   Section        0  stm32f0xx_hal_dma.o(i.HAL_DMA_Start)
    i.HAL_FLASHEx_Erase                      0x080005b4   Section        0  stm32f0xx_hal_flash_ex.o(i.HAL_FLASHEx_Erase)
    i.HAL_FLASH_Lock                         0x08000660   Section        0  stm32f0xx_hal_flash.o(i.HAL_FLASH_Lock)
    i.HAL_FLASH_Program                      0x08000674   Section        0  stm32f0xx_hal_flash.o(i.HAL_FLASH_Program)
    i.HAL_FLASH_Unlock                       0x08000730   Section        0  stm32f0xx_hal_flash.o(i.HAL_FLASH_Unlock)
    i.HAL_GPIO_Init                          0x0800075c   Section        0  stm32f0xx_hal_gpio.o(i.HAL_GPIO_Init)
    i.HAL_GPIO_WritePin                      0x0800094c   Section        0  stm32f0xx_hal_gpio.o(i.HAL_GPIO_WritePin)
    i.HAL_GetTick                            0x08000958   Section        0  stm32f0xx_hal.o(i.HAL_GetTick)
    i.HAL_IncTick                            0x08000964   Section        0  stm32f0xx_hal.o(i.HAL_IncTick)
    i.HAL_Init                               0x08000974   Section        0  stm32f0xx_hal.o(i.HAL_Init)
    i.HAL_InitTick                           0x08000994   Section        0  stm32f0xx_hal.o(i.HAL_InitTick)
    i.HAL_MspInit                            0x080009ba   Section        0  stm32f0xx_hal.o(i.HAL_MspInit)
    i.HAL_NVIC_EnableIRQ                     0x080009bc   Section        0  stm32f0xx_hal_cortex.o(i.HAL_NVIC_EnableIRQ)
    i.HAL_NVIC_SetPriority                   0x080009d4   Section        0  stm32f0xx_hal_cortex.o(i.HAL_NVIC_SetPriority)
    i.HAL_RCC_ClockConfig                    0x080009e8   Section        0  stm32f0xx_hal_rcc.o(i.HAL_RCC_ClockConfig)
    i.HAL_RCC_GetHCLKFreq                    0x08000b7c   Section        0  stm32f0xx_hal_rcc.o(i.HAL_RCC_GetHCLKFreq)
    i.HAL_RCC_GetPCLK1Freq                   0x08000b88   Section        0  stm32f0xx_hal_rcc.o(i.HAL_RCC_GetPCLK1Freq)
    i.HAL_RCC_GetSysClockFreq                0x08000bac   Section        0  stm32f0xx_hal_rcc.o(i.HAL_RCC_GetSysClockFreq)
    i.HAL_RCC_OscConfig                      0x08000c74   Section        0  stm32f0xx_hal_rcc.o(i.HAL_RCC_OscConfig)
    i.HAL_SYSTICK_CLKSourceConfig            0x080011c4   Section        0  stm32f0xx_hal_cortex.o(i.HAL_SYSTICK_CLKSourceConfig)
    i.HAL_SYSTICK_Callback                   0x080011e8   Section        0  stm32f0xx_hal_cortex.o(i.HAL_SYSTICK_Callback)
    i.HAL_SYSTICK_Config                     0x080011ec   Section        0  stm32f0xx_hal_cortex.o(i.HAL_SYSTICK_Config)
    i.HAL_SYSTICK_IRQHandler                 0x08001224   Section        0  stm32f0xx_hal_cortex.o(i.HAL_SYSTICK_IRQHandler)
    i.HAL_UART_Init                          0x0800122c   Section        0  stm32f0xx_hal_uart.o(i.HAL_UART_Init)
    i.HAL_UART_MspInit                       0x080012ae   Section        0  stm32f0xx_hal_uart.o(i.HAL_UART_MspInit)
    i.HAL_UART_Transmit                      0x080012b0   Section        0  stm32f0xx_hal_uart.o(i.HAL_UART_Transmit)
    i.HardFault_Handler                      0x080013a0   Section        0  stm32f0xx_it.o(i.HardFault_Handler)
    i.NMI_Handler                            0x080013a4   Section        0  stm32f0xx_it.o(i.NMI_Handler)
    i.PendSV_Handler                         0x080013a6   Section        0  stm32f0xx_it.o(i.PendSV_Handler)
    i.SVC_Handler                            0x080013a8   Section        0  stm32f0xx_it.o(i.SVC_Handler)
    i.SysTick_Handler                        0x080013aa   Section        0  stm32f0xx_it.o(i.SysTick_Handler)
    i.SystemInit                             0x080013b8   Section        0  system_stm32f0xx.o(i.SystemInit)
    i.UART_AdvFeatureConfig                  0x08001438   Section        0  stm32f0xx_hal_uart.o(i.UART_AdvFeatureConfig)
    i.UART_CheckIdleState                    0x08001528   Section        0  stm32f0xx_hal_uart.o(i.UART_CheckIdleState)
    i.UART_SetConfig                         0x08001548   Section        0  stm32f0xx_hal_uart.o(i.UART_SetConfig)
    i.UART_WaitOnFlagUntilTimeout            0x0800174c   Section        0  stm32f0xx_hal_uart.o(i.UART_WaitOnFlagUntilTimeout)
    i._Z13Error_Handlerv                     0x080017bc   Section        0  main.o(i._Z13Error_Handlerv)
    i._Z15FLASH_PageErasej                   0x080017c0   Section        0  stm32f0xx_hal_flash_ex.o(i._Z15FLASH_PageErasej)
    i._Z18SystemClock_Configv                0x080017ec   Section        0  main.o(i._Z18SystemClock_Configv)
    i._ZN10UartDevice16BeginTransmitDMAEPhi  0x08001860   Section        0  uart.o(i._ZN10UartDevice16BeginTransmitDMAEPhi)
    i._ZN10UartDevice16InttruptCallBackEv    0x080018ac   Section        0  uart.o(i._ZN10UartDevice16InttruptCallBackEv)
    i._ZN10UartDevice4InitEi                 0x08001964   Section        0  uart.o(i._ZN10UartDevice4InitEi)
    i._ZN10UartDevice8ReadDataEPvi           0x08001a8c   Section        0  uart.o(i._ZN10UartDevice8ReadDataEPvi)
    i._ZN10UartDevice9WriteDataEPvi          0x08001b44   Section        0  uart.o(i._ZN10UartDevice9WriteDataEPvi)
    i._ZN10UartDeviceC1Ei                    0x08001b5c   Section        0  uart.o(i._ZN10UartDeviceC1Ei)
    i._ZN11FlashWriter10WriteFlashEjPvi      0x08001b6e   Section        0  flash.o(i._ZN11FlashWriter10WriteFlashEjPvi)
    i._ZN11FlashWriter14EnableCtlFlashEv     0x08001bae   Section        0  flash.o(i._ZN11FlashWriter14EnableCtlFlashEv)
    i._ZN11FlashWriter14EraseFlashPageEji    0x08001bb8   Section        0  flash.o(i._ZN11FlashWriter14EraseFlashPageEji)
    i._ZN11FlashWriter15DisableCtlFlashEv    0x08001be0   Section        0  flash.o(i._ZN11FlashWriter15DisableCtlFlashEv)
    i._ZN11FlashWriterC1Ev                   0x08001bea   Section        0  flash.o(i._ZN11FlashWriterC1Ev)
    i._ZN41_INTERNAL_19_stm32f0xx_hal_dma_c_c25f65ec13DMA_SetConfigEP19__DMA_HandleTypeDefjjj 0x08001bec   Section        0  stm32f0xx_hal_dma.o(i._ZN41_INTERNAL_19_stm32f0xx_hal_dma_c_c25f65ec13DMA_SetConfigEP19__DMA_HandleTypeDefjjj)
    [local to stm32f0xx_hal_dma_c]::DMA_SetConfig(__DMA_HandleTypeDef*, unsigned, unsigned, unsigned) 0x08001bed   Thumb Code    42  stm32f0xx_hal_dma.o(i._ZN41_INTERNAL_19_stm32f0xx_hal_dma_c_c25f65ec13DMA_SetConfigEP19__DMA_HandleTypeDefjjj)
    i._ZN41_INTERNAL_19_stm32f0xx_hal_dma_c_c25f65ec23DMA_CalcBaseAndBitshiftEP19__DMA_HandleTypeDef 0x08001c18   Section        0  stm32f0xx_hal_dma.o(i._ZN41_INTERNAL_19_stm32f0xx_hal_dma_c_c25f65ec23DMA_CalcBaseAndBitshiftEP19__DMA_HandleTypeDef)
    [local to stm32f0xx_hal_dma_c]::DMA_CalcBaseAndBitshift(__DMA_HandleTypeDef*) 0x08001c19   Thumb Code    28  stm32f0xx_hal_dma.o(i._ZN41_INTERNAL_19_stm32f0xx_hal_dma_c_c25f65ec23DMA_CalcBaseAndBitshiftEP19__DMA_HandleTypeDef)
    i._ZN43_INTERNAL_21_stm32f0xx_hal_flash_c_48aa8f3e18FLASH_SetErrorCodeEv 0x08001c38   Section        0  stm32f0xx_hal_flash.o(i._ZN43_INTERNAL_21_stm32f0xx_hal_flash_c_48aa8f3e18FLASH_SetErrorCodeEv)
    [local to stm32f0xx_hal_flash_c]::FLASH_SetErrorCode() 0x08001c39   Thumb Code    64  stm32f0xx_hal_flash.o(i._ZN43_INTERNAL_21_stm32f0xx_hal_flash_c_48aa8f3e18FLASH_SetErrorCodeEv)
    i._ZN43_INTERNAL_21_stm32f0xx_hal_flash_c_48aa8f3e22FLASH_Program_HalfWordEjt 0x08001c80   Section        0  stm32f0xx_hal_flash.o(i._ZN43_INTERNAL_21_stm32f0xx_hal_flash_c_48aa8f3e22FLASH_Program_HalfWordEjt)
    [local to stm32f0xx_hal_flash_c]::FLASH_Program_HalfWord(unsigned, unsigned short) 0x08001c81   Thumb Code    22  stm32f0xx_hal_flash.o(i._ZN43_INTERNAL_21_stm32f0xx_hal_flash_c_48aa8f3e22FLASH_Program_HalfWordEjt)
    i._ZN44_INTERNAL_22_stm32f0xx_hal_cortex_c_910ac08716NVIC_SetPriorityE9IRQn_Typej 0x08001ca0   Section        0  stm32f0xx_hal_cortex.o(i._ZN44_INTERNAL_22_stm32f0xx_hal_cortex_c_910ac08716NVIC_SetPriorityE9IRQn_Typej)
    [local to stm32f0xx_hal_cortex_c]::NVIC_SetPriority(IRQn_Type, unsigned) 0x08001ca1   Thumb Code   110  stm32f0xx_hal_cortex.o(i._ZN44_INTERNAL_22_stm32f0xx_hal_cortex_c_910ac08716NVIC_SetPriorityE9IRQn_Typej)
    i._ZN46_INTERNAL_24_stm32f0xx_hal_flash_ex_c_6648b60e15FLASH_MassEraseEv 0x08001d18   Section        0  stm32f0xx_hal_flash_ex.o(i._ZN46_INTERNAL_24_stm32f0xx_hal_flash_ex_c_6648b60e15FLASH_MassEraseEv)
    [local to stm32f0xx_hal_flash_ex_c]::FLASH_MassErase() 0x08001d19   Thumb Code    32  stm32f0xx_hal_flash_ex.o(i._ZN46_INTERNAL_24_stm32f0xx_hal_flash_ex_c_6648b60e15FLASH_MassEraseEv)
    i._ZN8AppImage10GetHardVerEv             0x08001d40   Section        0  appimage.o(i._ZN8AppImage10GetHardVerEv)
    i._ZN8AppImage10GetSoftVerEv             0x08001d4c   Section        0  appimage.o(i._ZN8AppImage10GetSoftVerEv)
    i._ZN8AppImage11SetDataBuffEiPhi         0x08001d58   Section        0  appimage.o(i._ZN8AppImage11SetDataBuffEiPhi)
    i._ZN8AppImage12SetWriteAddrEj           0x08001d7c   Section        0  appimage.o(i._ZN8AppImage12SetWriteAddrEj)
    i._ZN8AppImage13CheckBuffDataEj          0x08001d8a   Section        0  appimage.o(i._ZN8AppImage13CheckBuffDataEj)
    i._ZN8AppImage14WriteBuffFlashEj         0x08001da8   Section        0  appimage.o(i._ZN8AppImage14WriteBuffFlashEj)
    i._ZN8AppImage15IsAppCheckRightEv        0x08001de8   Section        0  appimage.o(i._ZN8AppImage15IsAppCheckRightEv)
    i._ZN8AppImage16WriteFirmwareInfEP17FirmwareInfStruct 0x08001e74   Section        0  appimage.o(i._ZN8AppImage16WriteFirmwareInfEP17FirmwareInfStruct)
    i._ZN8AppImage7GoToAppEh                 0x08001ed0   Section        0  appimage.o(i._ZN8AppImage7GoToAppEh)
    i._ZN8AppImageC1Ev                       0x08001f88   Section        0  appimage.o(i._ZN8AppImageC1Ev)
    i._ZN9CmdHandle11GetSendDataEPh          0x08001f98   Section        0  cmd.o(i._ZN9CmdHandle11GetSendDataEPh)
    i._ZN9CmdHandle11PacketCheckEP16BootPacketStructi 0x08001ff8   Section        0  cmd.o(i._ZN9CmdHandle11PacketCheckEP16BootPacketStructi)
    i._ZN9CmdHandle13AddSendPacketEhhPhi     0x0800203c   Section        0  cmd.o(i._ZN9CmdHandle13AddSendPacketEhhPhi)
    i._ZN9CmdHandle14AnalysisPacketEP16BootPacketStruct 0x0800209c   Section        0  cmd.o(i._ZN9CmdHandle14AnalysisPacketEP16BootPacketStruct)
    i._ZN9CmdHandle17AnalysisExtPacketEP16BootPacketStruct 0x08002264   Section        0  cmd.o(i._ZN9CmdHandle17AnalysisExtPacketEP16BootPacketStruct)
    i._ZN9CmdHandle18GetLeakPacketIndexEPhi  0x080022e8   Section        0  cmd.o(i._ZN9CmdHandle18GetLeakPacketIndexEPhi)
    i._ZN9CmdHandle18InitLeakPacketFlagEi    0x08002362   Section        0  cmd.o(i._ZN9CmdHandle18InitLeakPacketFlagEi)
    i._ZN9CmdHandle20DeleteLeakPacketFlagEi  0x08002390   Section        0  cmd.o(i._ZN9CmdHandle20DeleteLeakPacketFlagEi)
    i._ZN9CmdHandle6UpdateEPhi               0x080023c2   Section        0  cmd.o(i._ZN9CmdHandle6UpdateEPhi)
    i._ZN9CmdHandle8CheckSumEPvi             0x080024cc   Section        0  cmd.o(i._ZN9CmdHandle8CheckSumEPvi)
    i._ZN9CmdHandleC1Ev                      0x080024e8   Section        0  cmd.o(i._ZN9CmdHandleC1Ev)
    i.__ARM_common_switch8                   0x08002504   Section        0  stm32f0xx_hal_dma.o(i.__ARM_common_switch8)
    i.__sti___8_main_cpp_appImg              0x08002520   Section        0  main.o(i.__sti___8_main_cpp_appImg)
    __sti___8_main_cpp_appImg                0x08002521   Thumb Code    24  main.o(i.__sti___8_main_cpp_appImg)
    i.main                                   0x08002544   Section        0  main.o(i.main)
    .constdata                               0x08002630   Section       24  system_stm32f0xx.o(.constdata)
    .init_array                              0x08002668   Section        4  main.o(.init_array)
    .init_array                              0x0800266c   Section        0  init_aeabi.o(.init_array)
    .data                                    0x20000100   Section        4  stm32f0xx_hal.o(.data)
    .data                                    0x20000104   Section      257  main.o(.data)
    .data                                    0x20000208   Section        4  system_stm32f0xx.o(.data)
    .bss                                     0x20000210   Section       32  stm32f0xx_hal_flash.o(.bss)
    .bss                                     0x20000230   Section     2976  main.o(.bss)
    .bss                                     0x20000dd0   Section      168  cmd.o(.bss)
    .bss                                     0x20000e78   Section       96  libspace.o(.bss)
    HEAP                                     0x20000ed8   Section      512  startup_stm32f070xb.o(HEAP)
    Heap_Mem                                 0x20000ed8   Data         512  startup_stm32f070xb.o(HEAP)
    STACK                                    0x200010d8   Section     1024  startup_stm32f070xb.o(STACK)
    Stack_Mem                                0x200010d8   Data        1024  startup_stm32f070xb.o(STACK)
    __initial_sp                             0x200014d8   Data           0  startup_stm32f070xb.o(STACK)

    Global Symbols

    Symbol Name                              Value     Ov Type        Size  Object(Section)

    BuildAttributes$$THM_ISAv3M$S$PE$A:L22$X:L11$S22$IEEE1$IW$USESV6$~STKCKD$USESV7$~SHL$OSPACE$ROPI$EBA8$UX$STANDARDLIB$REQ8$PRES8$EABIv2 0x00000000   Number         0  anon$$obj.o ABSOLUTE
    __ARM_use_no_argv                        0x00000000   Number         0  main.o ABSOLUTE
    __ARM_exceptions_init                     - Undefined Weak Reference
    __alloca_initialize                       - Undefined Weak Reference
    __arm_preinit_                            - Undefined Weak Reference
    __cxa_finalize                            - Undefined Weak Reference
    __rt_locale                               - Undefined Weak Reference
    __sigvec_lookup                           - Undefined Weak Reference
    _atexit_init                              - Undefined Weak Reference
    _call_atexit_fns                          - Undefined Weak Reference
    _clock_init                               - Undefined Weak Reference
    _fp_trap_init                             - Undefined Weak Reference
    _fp_trap_shutdown                         - Undefined Weak Reference
    _get_lc_collate                           - Undefined Weak Reference
    _get_lc_ctype                             - Undefined Weak Reference
    _get_lc_monetary                          - Undefined Weak Reference
    _get_lc_numeric                           - Undefined Weak Reference
    _get_lc_time                              - Undefined Weak Reference
    _getenv_init                              - Undefined Weak Reference
    _handle_redirection                       - Undefined Weak Reference
    _init_alloc                               - Undefined Weak Reference
    _init_user_alloc                          - Undefined Weak Reference
    _initio                                   - Undefined Weak Reference
    _rand_init                                - Undefined Weak Reference
    _signal_finish                            - Undefined Weak Reference
    _signal_init                              - Undefined Weak Reference
    _terminate_alloc                          - Undefined Weak Reference
    _terminate_user_alloc                     - Undefined Weak Reference
    _terminateio                              - Undefined Weak Reference
    __Vectors_Size                           0x000000c0   Number         0  startup_stm32f070xb.o ABSOLUTE
    __Vectors                                0x08000000   Data           4  startup_stm32f070xb.o(RESET)
    __Vectors_End                            0x080000c0   Data           0  startup_stm32f070xb.o(RESET)
    __main                                   0x080000c1   Thumb Code     8  __main.o(!!!main)
    __scatterload                            0x080000c9   Thumb Code     0  __scatter.o(!!!scatter)
    __scatterload_rt2                        0x080000c9   Thumb Code    52  __scatter.o(!!!scatter)
    __scatterload_rt2_thumb_only             0x080000c9   Thumb Code     0  __scatter.o(!!!scatter)
    __scatterload_null                       0x080000d9   Thumb Code     0  __scatter.o(!!!scatter)
    __scatterload_copy                       0x08000105   Thumb Code    26  __scatter_copy.o(!!handler_copy)
    __scatterload_zeroinit                   0x08000121   Thumb Code    28  __scatter_zi.o(!!handler_zi)
    __rt_lib_init                            0x0800013d   Thumb Code     0  libinit.o(.ARM.Collect$$libinit$$00000000)
    __rt_lib_init_alloca_1                   0x0800013f   Thumb Code     0  libinit2.o(.ARM.Collect$$libinit$$0000002E)
    __rt_lib_init_argv_1                     0x0800013f   Thumb Code     0  libinit2.o(.ARM.Collect$$libinit$$0000002C)
    __rt_lib_init_atexit_1                   0x0800013f   Thumb Code     0  libinit2.o(.ARM.Collect$$libinit$$0000001B)
    __rt_lib_init_clock_1                    0x0800013f   Thumb Code     0  libinit2.o(.ARM.Collect$$libinit$$00000021)
    __rt_lib_init_cpp_2                      0x0800013f   Thumb Code     0  libinit2.o(.ARM.Collect$$libinit$$00000031)
    __rt_lib_init_exceptions_1               0x0800013f   Thumb Code     0  libinit2.o(.ARM.Collect$$libinit$$00000030)
    __rt_lib_init_fp_1                       0x0800013f   Thumb Code     0  libinit2.o(.ARM.Collect$$libinit$$00000002)
    __rt_lib_init_fp_trap_1                  0x0800013f   Thumb Code     0  libinit2.o(.ARM.Collect$$libinit$$0000001F)
    __rt_lib_init_getenv_1                   0x0800013f   Thumb Code     0  libinit2.o(.ARM.Collect$$libinit$$00000023)
    __rt_lib_init_heap_1                     0x0800013f   Thumb Code     0  libinit2.o(.ARM.Collect$$libinit$$0000000A)
    __rt_lib_init_lc_collate_1               0x0800013f   Thumb Code     0  libinit2.o(.ARM.Collect$$libinit$$00000011)
    __rt_lib_init_lc_ctype_1                 0x0800013f   Thumb Code     0  libinit2.o(.ARM.Collect$$libinit$$00000013)
    __rt_lib_init_lc_monetary_1              0x0800013f   Thumb Code     0  libinit2.o(.ARM.Collect$$libinit$$00000015)
    __rt_lib_init_lc_numeric_1               0x0800013f   Thumb Code     0  libinit2.o(.ARM.Collect$$libinit$$00000017)
    __rt_lib_init_lc_time_1                  0x0800013f   Thumb Code     0  libinit2.o(.ARM.Collect$$libinit$$00000019)
    __rt_lib_init_preinit_1                  0x0800013f   Thumb Code     0  libinit2.o(.ARM.Collect$$libinit$$00000004)
    __rt_lib_init_rand_1                     0x0800013f   Thumb Code     0  libinit2.o(.ARM.Collect$$libinit$$0000000E)
    __rt_lib_init_signal_1                   0x0800013f   Thumb Code     0  libinit2.o(.ARM.Collect$$libinit$$0000001D)
    __rt_lib_init_stdio_1                    0x0800013f   Thumb Code     0  libinit2.o(.ARM.Collect$$libinit$$00000025)
    __rt_lib_init_user_alloc_1               0x0800013f   Thumb Code     0  libinit2.o(.ARM.Collect$$libinit$$0000000C)
    __rt_lib_init_cpp_1                      0x08000143   Thumb Code     0  libinit2.o(.ARM.Collect$$libinit$$00000032)
    __rt_lib_init_return                     0x08000143   Thumb Code     0  libinit2.o(.ARM.Collect$$libinit$$00000033)
    __rt_lib_shutdown                        0x08000145   Thumb Code     0  libshutdown.o(.ARM.Collect$$libshutdown$$00000000)
    __rt_lib_shutdown_cpp_1                  0x08000147   Thumb Code     0  libshutdown2.o(.ARM.Collect$$libshutdown$$00000002)
    __rt_lib_shutdown_fp_trap_1              0x08000147   Thumb Code     0  libshutdown2.o(.ARM.Collect$$libshutdown$$00000007)
    __rt_lib_shutdown_heap_1                 0x08000147   Thumb Code     0  libshutdown2.o(.ARM.Collect$$libshutdown$$0000000F)
    __rt_lib_shutdown_return                 0x08000147   Thumb Code     0  libshutdown2.o(.ARM.Collect$$libshutdown$$00000010)
    __rt_lib_shutdown_signal_1               0x08000147   Thumb Code     0  libshutdown2.o(.ARM.Collect$$libshutdown$$0000000A)
    __rt_lib_shutdown_stdio_1                0x08000147   Thumb Code     0  libshutdown2.o(.ARM.Collect$$libshutdown$$00000004)
    __rt_lib_shutdown_user_alloc_1           0x08000147   Thumb Code     0  libshutdown2.o(.ARM.Collect$$libshutdown$$0000000C)
    __rt_entry                               0x08000149   Thumb Code     0  __rtentry.o(.ARM.Collect$$rtentry$$00000000)
    __rt_entry_presh_1                       0x08000149   Thumb Code     0  __rtentry2.o(.ARM.Collect$$rtentry$$00000002)
    __rt_entry_sh                            0x08000149   Thumb Code     0  __rtentry4.o(.ARM.Collect$$rtentry$$00000004)
    __rt_entry_li                            0x0800014f   Thumb Code     0  __rtentry2.o(.ARM.Collect$$rtentry$$0000000A)
    __rt_entry_postsh_1                      0x0800014f   Thumb Code     0  __rtentry2.o(.ARM.Collect$$rtentry$$00000009)
    __rt_entry_main                          0x08000153   Thumb Code     0  __rtentry2.o(.ARM.Collect$$rtentry$$0000000D)
    __rt_entry_postli_1                      0x08000153   Thumb Code     0  __rtentry2.o(.ARM.Collect$$rtentry$$0000000C)
    __rt_exit                                0x0800015b   Thumb Code     0  rtexit.o(.ARM.Collect$$rtexit$$00000000)
    __rt_exit_ls                             0x0800015d   Thumb Code     0  rtexit2.o(.ARM.Collect$$rtexit$$00000003)
    __rt_exit_prels_1                        0x0800015d   Thumb Code     0  rtexit2.o(.ARM.Collect$$rtexit$$00000002)
    __rt_exit_exit                           0x08000161   Thumb Code     0  rtexit2.o(.ARM.Collect$$rtexit$$00000004)
    __aeabi_memcpy4                          0x08000169   Thumb Code    56  rt_memcpy.o(.emb_text)
    __aeabi_memcpy8                          0x08000169   Thumb Code     0  rt_memcpy.o(.emb_text)
    Reset_Handler                            0x080001a1   Thumb Code     8  startup_stm32f070xb.o(.text)
    ADC1_IRQHandler                          0x080001b3   Thumb Code     0  startup_stm32f070xb.o(.text)
    DMA1_Channel1_IRQHandler                 0x080001b3   Thumb Code     0  startup_stm32f070xb.o(.text)
    DMA1_Channel4_5_IRQHandler               0x080001b3   Thumb Code     0  startup_stm32f070xb.o(.text)
    EXTI0_1_IRQHandler                       0x080001b3   Thumb Code     0  startup_stm32f070xb.o(.text)
    EXTI2_3_IRQHandler                       0x080001b3   Thumb Code     0  startup_stm32f070xb.o(.text)
    EXTI4_15_IRQHandler                      0x080001b3   Thumb Code     0  startup_stm32f070xb.o(.text)
    FLASH_IRQHandler                         0x080001b3   Thumb Code     0  startup_stm32f070xb.o(.text)
    I2C1_IRQHandler                          0x080001b3   Thumb Code     0  startup_stm32f070xb.o(.text)
    I2C2_IRQHandler                          0x080001b3   Thumb Code     0  startup_stm32f070xb.o(.text)
    RCC_IRQHandler                           0x080001b3   Thumb Code     0  startup_stm32f070xb.o(.text)
    RTC_IRQHandler                           0x080001b3   Thumb Code     0  startup_stm32f070xb.o(.text)
    SPI1_IRQHandler                          0x080001b3   Thumb Code     0  startup_stm32f070xb.o(.text)
    SPI2_IRQHandler                          0x080001b3   Thumb Code     0  startup_stm32f070xb.o(.text)
    TIM14_IRQHandler                         0x080001b3   Thumb Code     0  startup_stm32f070xb.o(.text)
    TIM15_IRQHandler                         0x080001b3   Thumb Code     0  startup_stm32f070xb.o(.text)
    TIM16_IRQHandler                         0x080001b3   Thumb Code     0  startup_stm32f070xb.o(.text)
    TIM17_IRQHandler                         0x080001b3   Thumb Code     0  startup_stm32f070xb.o(.text)
    TIM1_BRK_UP_TRG_COM_IRQHandler           0x080001b3   Thumb Code     0  startup_stm32f070xb.o(.text)
    TIM1_CC_IRQHandler                       0x080001b3   Thumb Code     0  startup_stm32f070xb.o(.text)
    TIM3_IRQHandler                          0x080001b3   Thumb Code     0  startup_stm32f070xb.o(.text)
    TIM6_IRQHandler                          0x080001b3   Thumb Code     0  startup_stm32f070xb.o(.text)
    TIM7_IRQHandler                          0x080001b3   Thumb Code     0  startup_stm32f070xb.o(.text)
    USART1_IRQHandler                        0x080001b3   Thumb Code     0  startup_stm32f070xb.o(.text)
    USART2_IRQHandler                        0x080001b3   Thumb Code     0  startup_stm32f070xb.o(.text)
    USART3_4_IRQHandler                      0x080001b3   Thumb Code     0  startup_stm32f070xb.o(.text)
    USB_IRQHandler                           0x080001b3   Thumb Code     0  startup_stm32f070xb.o(.text)
    WWDG_IRQHandler                          0x080001b3   Thumb Code     0  startup_stm32f070xb.o(.text)
    __user_initial_stackheap                 0x080001b5   Thumb Code     0  startup_stm32f070xb.o(.text)
    __aeabi_llsr                             0x080001d9   Thumb Code    34  llushr.o(.text)
    _ll_ushift_r                             0x080001d9   Thumb Code     0  llushr.o(.text)
    __aeabi_memcpy                           0x080001fb   Thumb Code   130  rt_memcpy.o(.text)
    __rt_memcpy                              0x080001fb   Thumb Code     0  rt_memcpy.o(.text)
    __aeabi_uidiv                            0x0800027d   Thumb Code     0  aeabi_sdiv.o(.text)
    __aeabi_uidivmod                         0x0800027d   Thumb Code    20  aeabi_sdiv.o(.text)
    __aeabi_idiv                             0x08000291   Thumb Code     0  aeabi_sdiv.o(.text)
    __aeabi_idivmod                          0x08000291   Thumb Code   326  aeabi_sdiv.o(.text)
    __use_two_region_memory                  0x080003d7   Thumb Code     2  heapauxi.o(.text)
    __rt_heap_escrow$2region                 0x080003d9   Thumb Code     2  heapauxi.o(.text)
    __rt_heap_expand$2region                 0x080003db   Thumb Code     2  heapauxi.o(.text)
    __cpp_initialize__aeabi_                 0x080003dd   Thumb Code    26  init_aeabi.o(.text)
    __user_setup_stackheap                   0x08000401   Thumb Code    62  sys_stackheap_outer.o(.text)
    exit                                     0x0800043f   Thumb Code    16  exit.o(.text)
    __user_libspace                          0x08000451   Thumb Code     8  libspace.o(.text)
    __user_perproc_libspace                  0x08000451   Thumb Code     0  libspace.o(.text)
    __user_perthread_libspace                0x08000451   Thumb Code     0  libspace.o(.text)
    _sys_exit                                0x08000459   Thumb Code     8  sys_exit.o(.text)
    __I$use$semihosting                      0x08000465   Thumb Code     0  use_no_semi.o(.text)
    __use_no_semihosting_swi                 0x08000465   Thumb Code     2  use_no_semi.o(.text)
    __semihosting_library_function           0x08000467   Thumb Code     0  indicate_semi.o(.text)
    DMA1_Channel2_3_IRQHandler               0x08000469   Thumb Code    10  stm32f0xx_it.o(i.DMA1_Channel2_3_IRQHandler)
    FLASH_WaitForLastOperation               0x08000479   Thumb Code   100  stm32f0xx_hal_flash.o(i.FLASH_WaitForLastOperation)
    HAL_DMA_Init                             0x080004e1   Thumb Code    94  stm32f0xx_hal_dma.o(i.HAL_DMA_Init)
    HAL_DMA_Start                            0x08000545   Thumb Code   110  stm32f0xx_hal_dma.o(i.HAL_DMA_Start)
    HAL_FLASHEx_Erase                        0x080005b5   Thumb Code   160  stm32f0xx_hal_flash_ex.o(i.HAL_FLASHEx_Erase)
    HAL_FLASH_Lock                           0x08000661   Thumb Code    16  stm32f0xx_hal_flash.o(i.HAL_FLASH_Lock)
    HAL_FLASH_Program                        0x08000675   Thumb Code   174  stm32f0xx_hal_flash.o(i.HAL_FLASH_Program)
    HAL_FLASH_Unlock                         0x08000731   Thumb Code    32  stm32f0xx_hal_flash.o(i.HAL_FLASH_Unlock)
    HAL_GPIO_Init                            0x0800075d   Thumb Code   470  stm32f0xx_hal_gpio.o(i.HAL_GPIO_Init)
    HAL_GPIO_WritePin                        0x0800094d   Thumb Code    12  stm32f0xx_hal_gpio.o(i.HAL_GPIO_WritePin)
    HAL_GetTick                              0x08000959   Thumb Code     6  stm32f0xx_hal.o(i.HAL_GetTick)
    HAL_IncTick                              0x08000965   Thumb Code    12  stm32f0xx_hal.o(i.HAL_IncTick)
    HAL_Init                                 0x08000975   Thumb Code    28  stm32f0xx_hal.o(i.HAL_Init)
    HAL_InitTick                             0x08000995   Thumb Code    38  stm32f0xx_hal.o(i.HAL_InitTick)
    HAL_MspInit                              0x080009bb   Thumb Code     2  stm32f0xx_hal.o(i.HAL_MspInit)
    HAL_NVIC_EnableIRQ                       0x080009bd   Thumb Code    18  stm32f0xx_hal_cortex.o(i.HAL_NVIC_EnableIRQ)
    HAL_NVIC_SetPriority                     0x080009d5   Thumb Code    18  stm32f0xx_hal_cortex.o(i.HAL_NVIC_SetPriority)
    HAL_RCC_ClockConfig                      0x080009e9   Thumb Code   382  stm32f0xx_hal_rcc.o(i.HAL_RCC_ClockConfig)
    HAL_RCC_GetHCLKFreq                      0x08000b7d   Thumb Code     6  stm32f0xx_hal_rcc.o(i.HAL_RCC_GetHCLKFreq)
    HAL_RCC_GetPCLK1Freq                     0x08000b89   Thumb Code    26  stm32f0xx_hal_rcc.o(i.HAL_RCC_GetPCLK1Freq)
    HAL_RCC_GetSysClockFreq                  0x08000bad   Thumb Code   156  stm32f0xx_hal_rcc.o(i.HAL_RCC_GetSysClockFreq)
    HAL_RCC_OscConfig                        0x08000c75   Thumb Code  1356  stm32f0xx_hal_rcc.o(i.HAL_RCC_OscConfig)
    HAL_SYSTICK_CLKSourceConfig              0x080011c5   Thumb Code    32  stm32f0xx_hal_cortex.o(i.HAL_SYSTICK_CLKSourceConfig)
    HAL_SYSTICK_Callback                     0x080011e9   Thumb Code     2  stm32f0xx_hal_cortex.o(i.HAL_SYSTICK_Callback)
    HAL_SYSTICK_Config                       0x080011ed   Thumb Code    46  stm32f0xx_hal_cortex.o(i.HAL_SYSTICK_Config)
    HAL_SYSTICK_IRQHandler                   0x08001225   Thumb Code     8  stm32f0xx_hal_cortex.o(i.HAL_SYSTICK_IRQHandler)
    HAL_UART_Init                            0x0800122d   Thumb Code   130  stm32f0xx_hal_uart.o(i.HAL_UART_Init)
    HAL_UART_MspInit                         0x080012af   Thumb Code     2  stm32f0xx_hal_uart.o(i.HAL_UART_MspInit)
    HAL_UART_Transmit                        0x080012b1   Thumb Code   240  stm32f0xx_hal_uart.o(i.HAL_UART_Transmit)
    HardFault_Handler                        0x080013a1   Thumb Code     4  stm32f0xx_it.o(i.HardFault_Handler)
    NMI_Handler                              0x080013a5   Thumb Code     2  stm32f0xx_it.o(i.NMI_Handler)
    PendSV_Handler                           0x080013a7   Thumb Code     2  stm32f0xx_it.o(i.PendSV_Handler)
    SVC_Handler                              0x080013a9   Thumb Code     2  stm32f0xx_it.o(i.SVC_Handler)
    SysTick_Handler                          0x080013ab   Thumb Code    12  stm32f0xx_it.o(i.SysTick_Handler)
    SystemInit                               0x080013b9   Thumb Code   116  system_stm32f0xx.o(i.SystemInit)
    UART_AdvFeatureConfig                    0x08001439   Thumb Code   240  stm32f0xx_hal_uart.o(i.UART_AdvFeatureConfig)
    UART_CheckIdleState                      0x08001529   Thumb Code    30  stm32f0xx_hal_uart.o(i.UART_CheckIdleState)
    UART_SetConfig                           0x08001549   Thumb Code   478  stm32f0xx_hal_uart.o(i.UART_SetConfig)
    UART_WaitOnFlagUntilTimeout              0x0800174d   Thumb Code   112  stm32f0xx_hal_uart.o(i.UART_WaitOnFlagUntilTimeout)
    Error_Handler()                          0x080017bd   Thumb Code     4  main.o(i._Z13Error_Handlerv)
    FLASH_PageErase(unsigned)                0x080017c1   Thumb Code    34  stm32f0xx_hal_flash_ex.o(i._Z15FLASH_PageErasej)
    SystemClock_Config()                     0x080017ed   Thumb Code   114  main.o(i._Z18SystemClock_Configv)
    UartDevice::BeginTransmitDMA(unsigned char*, int) 0x08001861   Thumb Code    66  uart.o(i._ZN10UartDevice16BeginTransmitDMAEPhi)
    UartDevice::InttruptCallBack()           0x080018ad   Thumb Code   174  uart.o(i._ZN10UartDevice16InttruptCallBackEv)
    UartDevice::Init(int)                    0x08001965   Thumb Code   282  uart.o(i._ZN10UartDevice4InitEi)
    UartDevice::ReadData(void*, int)         0x08001a8d   Thumb Code   178  uart.o(i._ZN10UartDevice8ReadDataEPvi)
    UartDevice::WriteData(void*, int)        0x08001b45   Thumb Code    24  uart.o(i._ZN10UartDevice9WriteDataEPvi)
    UartDevice::UartDevice(int)              0x08001b5d   Thumb Code    18  uart.o(i._ZN10UartDeviceC1Ei)
    UartDevice::UartDevice__sub_object(int)  0x08001b5d   Thumb Code     0  uart.o(i._ZN10UartDeviceC1Ei)
    FlashWriter::WriteFlash(unsigned, void*, int) 0x08001b6f   Thumb Code    64  flash.o(i._ZN11FlashWriter10WriteFlashEjPvi)
    FlashWriter::EnableCtlFlash()            0x08001baf   Thumb Code    10  flash.o(i._ZN11FlashWriter14EnableCtlFlashEv)
    FlashWriter::EraseFlashPage(unsigned, int) 0x08001bb9   Thumb Code    40  flash.o(i._ZN11FlashWriter14EraseFlashPageEji)
    FlashWriter::DisableCtlFlash()           0x08001be1   Thumb Code    10  flash.o(i._ZN11FlashWriter15DisableCtlFlashEv)
    FlashWriter::FlashWriter()               0x08001beb   Thumb Code     2  flash.o(i._ZN11FlashWriterC1Ev)
    FlashWriter::FlashWriter__sub_object()   0x08001beb   Thumb Code     0  flash.o(i._ZN11FlashWriterC1Ev)
    AppImage::GetHardVer()                   0x08001d41   Thumb Code     8  appimage.o(i._ZN8AppImage10GetHardVerEv)
    AppImage::GetSoftVer()                   0x08001d4d   Thumb Code     8  appimage.o(i._ZN8AppImage10GetSoftVerEv)
    AppImage::SetDataBuff(int, unsigned char*, int) 0x08001d59   Thumb Code    36  appimage.o(i._ZN8AppImage11SetDataBuffEiPhi)
    AppImage::SetWriteAddr(unsigned)         0x08001d7d   Thumb Code    14  appimage.o(i._ZN8AppImage12SetWriteAddrEj)
    AppImage::CheckBuffData(unsigned)        0x08001d8b   Thumb Code    30  appimage.o(i._ZN8AppImage13CheckBuffDataEj)
    AppImage::WriteBuffFlash(unsigned)       0x08001da9   Thumb Code    62  appimage.o(i._ZN8AppImage14WriteBuffFlashEj)
    AppImage::IsAppCheckRight()              0x08001de9   Thumb Code   134  appimage.o(i._ZN8AppImage15IsAppCheckRightEv)
    AppImage::WriteFirmwareInf(FirmwareInfStruct*) 0x08001e75   Thumb Code    88  appimage.o(i._ZN8AppImage16WriteFirmwareInfEP17FirmwareInfStruct)
    AppImage::GoToApp(unsigned char)         0x08001ed1   Thumb Code   168  appimage.o(i._ZN8AppImage7GoToAppEh)
    AppImage::AppImage()                     0x08001f89   Thumb Code    10  appimage.o(i._ZN8AppImageC1Ev)
    AppImage::AppImage__sub_object()         0x08001f89   Thumb Code     0  appimage.o(i._ZN8AppImageC1Ev)
    CmdHandle::GetSendData(unsigned char*)   0x08001f99   Thumb Code    90  cmd.o(i._ZN9CmdHandle11GetSendDataEPh)
    CmdHandle::PacketCheck(BootPacketStruct*, int) 0x08001ff9   Thumb Code    66  cmd.o(i._ZN9CmdHandle11PacketCheckEP16BootPacketStructi)
    CmdHandle::AddSendPacket(unsigned char, unsigned char, unsigned char*, int) 0x0800203d   Thumb Code    90  cmd.o(i._ZN9CmdHandle13AddSendPacketEhhPhi)
    CmdHandle::AnalysisPacket(BootPacketStruct*) 0x0800209d   Thumb Code   452  cmd.o(i._ZN9CmdHandle14AnalysisPacketEP16BootPacketStruct)
    CmdHandle::AnalysisExtPacket(BootPacketStruct*) 0x08002265   Thumb Code   132  cmd.o(i._ZN9CmdHandle17AnalysisExtPacketEP16BootPacketStruct)
    CmdHandle::GetLeakPacketIndex(unsigned char*, int) 0x080022e9   Thumb Code   122  cmd.o(i._ZN9CmdHandle18GetLeakPacketIndexEPhi)
    CmdHandle::InitLeakPacketFlag(int)       0x08002363   Thumb Code    46  cmd.o(i._ZN9CmdHandle18InitLeakPacketFlagEi)
    CmdHandle::DeleteLeakPacketFlag(int)     0x08002391   Thumb Code    50  cmd.o(i._ZN9CmdHandle20DeleteLeakPacketFlagEi)
    CmdHandle::Update(unsigned char*, int)   0x080023c3   Thumb Code   266  cmd.o(i._ZN9CmdHandle6UpdateEPhi)
    CmdHandle::CheckSum(void*, int)          0x080024cd   Thumb Code    26  cmd.o(i._ZN9CmdHandle8CheckSumEPvi)
    CmdHandle::CmdHandle()                   0x080024e9   Thumb Code    24  cmd.o(i._ZN9CmdHandleC1Ev)
    CmdHandle::CmdHandle__sub_object()       0x080024e9   Thumb Code     0  cmd.o(i._ZN9CmdHandleC1Ev)
    __ARM_common_switch8                     0x08002505   Thumb Code    28  stm32f0xx_hal_dma.o(i.__ARM_common_switch8)
    main                                     0x08002545   Thumb Code   204  main.o(i.main)
    AHBPrescTable                            0x08002630   Data          16  system_stm32f0xx.o(.constdata)
    APBPrescTable                            0x08002640   Data           8  system_stm32f0xx.o(.constdata)
    Region$$Table$$Base                      0x08002648   Number         0  anon$$obj.o(Region$$Table)
    Region$$Table$$Limit                     0x08002668   Number         0  anon$$obj.o(Region$$Table)
    SHT$$INIT_ARRAY$$Base                    0x08002668   Number         0  main.o(.init_array)
    SHT$$INIT_ARRAY$$Limit                   0x0800266c   Number         0  init_aeabi.o(.init_array)
    uwTick                                   0x20000100   Data           4  stm32f0xx_hal.o(.data)
    buff                                     0x20000104   Data         256  main.o(.data)
    power_s                                  0x20000204   Data           1  main.o(.data)
    SystemCoreClock                          0x20000208   Data           4  system_stm32f0xx.o(.data)
    pFlash                                   0x20000210   Data          32  stm32f0xx_hal_flash.o(.bss)
    appImg                                   0x20000230   Data        2056  main.o(.bss)
    uart                                     0x20000a38   Data         636  main.o(.bss)
    cmd                                      0x20000cb4   Data         284  main.o(.bss)
    sendBuff                                 0x20000dd0   Data         168  cmd.o(.bss)
    __libspace_start                         0x20000e78   Data          96  libspace.o(.bss)
    __temporary_stack_top$libspace           0x20000ed8   Data           0  libspace.o(.bss)



==============================================================================

Memory Map of the image

  Image Entry point : 0x080000c1

  Load Region LR_IROM1 (Base: 0x08000000, Size: 0x00002778, Max: 0x00004000, ABSOLUTE)

    Execution Region ER_IROM1 (Base: 0x08000000, Size: 0x0000266c, Max: 0x00004000, ABSOLUTE)

    Base Addr    Size         Type   Attr      Idx    E Section Name        Object

    0x08000000   0x000000c0   Data   RO         2750    RESET               startup_stm32f070xb.o
    0x080000c0   0x00000008   Code   RO         2771  * !!!main             c_p.l(__main.o)
    0x080000c8   0x0000003c   Code   RO         2946    !!!scatter          c_p.l(__scatter.o)
    0x08000104   0x0000001a   Code   RO         2948    !!handler_copy      c_p.l(__scatter_copy.o)
    0x0800011e   0x00000002   PAD
    0x08000120   0x0000001c   Code   RO         2950    !!handler_zi        c_p.l(__scatter_zi.o)
    0x0800013c   0x00000002   Code   RO         2868    .ARM.Collect$$libinit$$00000000  c_p.l(libinit.o)
    0x0800013e   0x00000000   Code   RO         2785    .ARM.Collect$$libinit$$00000002  c_p.l(libinit2.o)
    0x0800013e   0x00000000   Code   RO         2787    .ARM.Collect$$libinit$$00000004  c_p.l(libinit2.o)
    0x0800013e   0x00000000   Code   RO         2790    .ARM.Collect$$libinit$$0000000A  c_p.l(libinit2.o)
    0x0800013e   0x00000000   Code   RO         2792    .ARM.Collect$$libinit$$0000000C  c_p.l(libinit2.o)
    0x0800013e   0x00000000   Code   RO         2794    .ARM.Collect$$libinit$$0000000E  c_p.l(libinit2.o)
    0x0800013e   0x00000000   Code   RO         2797    .ARM.Collect$$libinit$$00000011  c_p.l(libinit2.o)
    0x0800013e   0x00000000   Code   RO         2799    .ARM.Collect$$libinit$$00000013  c_p.l(libinit2.o)
    0x0800013e   0x00000000   Code   RO         2801    .ARM.Collect$$libinit$$00000015  c_p.l(libinit2.o)
    0x0800013e   0x00000000   Code   RO         2803    .ARM.Collect$$libinit$$00000017  c_p.l(libinit2.o)
    0x0800013e   0x00000000   Code   RO         2805    .ARM.Collect$$libinit$$00000019  c_p.l(libinit2.o)
    0x0800013e   0x00000000   Code   RO         2807    .ARM.Collect$$libinit$$0000001B  c_p.l(libinit2.o)
    0x0800013e   0x00000000   Code   RO         2809    .ARM.Collect$$libinit$$0000001D  c_p.l(libinit2.o)
    0x0800013e   0x00000000   Code   RO         2811    .ARM.Collect$$libinit$$0000001F  c_p.l(libinit2.o)
    0x0800013e   0x00000000   Code   RO         2813    .ARM.Collect$$libinit$$00000021  c_p.l(libinit2.o)
    0x0800013e   0x00000000   Code   RO         2815    .ARM.Collect$$libinit$$00000023  c_p.l(libinit2.o)
    0x0800013e   0x00000000   Code   RO         2817    .ARM.Collect$$libinit$$00000025  c_p.l(libinit2.o)
    0x0800013e   0x00000000   Code   RO         2821    .ARM.Collect$$libinit$$0000002C  c_p.l(libinit2.o)
    0x0800013e   0x00000000   Code   RO         2823    .ARM.Collect$$libinit$$0000002E  c_p.l(libinit2.o)
    0x0800013e   0x00000000   Code   RO         2825    .ARM.Collect$$libinit$$00000030  c_p.l(libinit2.o)
    0x0800013e   0x00000004   Code   RO         2826    .ARM.Collect$$libinit$$00000031  c_p.l(libinit2.o)
    0x08000142   0x00000000   Code   RO         2827    .ARM.Collect$$libinit$$00000032  c_p.l(libinit2.o)
    0x08000142   0x00000002   Code   RO         2828    .ARM.Collect$$libinit$$00000033  c_p.l(libinit2.o)
    0x08000144   0x00000002   Code   RO         2913    .ARM.Collect$$libshutdown$$00000000  c_p.l(libshutdown.o)
    0x08000146   0x00000000   Code   RO         2929    .ARM.Collect$$libshutdown$$00000002  c_p.l(libshutdown2.o)
    0x08000146   0x00000000   Code   RO         2931    .ARM.Collect$$libshutdown$$00000004  c_p.l(libshutdown2.o)
    0x08000146   0x00000000   Code   RO         2934    .ARM.Collect$$libshutdown$$00000007  c_p.l(libshutdown2.o)
    0x08000146   0x00000000   Code   RO         2937    .ARM.Collect$$libshutdown$$0000000A  c_p.l(libshutdown2.o)
    0x08000146   0x00000000   Code   RO         2939    .ARM.Collect$$libshutdown$$0000000C  c_p.l(libshutdown2.o)
    0x08000146   0x00000000   Code   RO         2942    .ARM.Collect$$libshutdown$$0000000F  c_p.l(libshutdown2.o)
    0x08000146   0x00000002   Code   RO         2943    .ARM.Collect$$libshutdown$$00000010  c_p.l(libshutdown2.o)
    0x08000148   0x00000000   Code   RO         2779    .ARM.Collect$$rtentry$$00000000  c_p.l(__rtentry.o)
    0x08000148   0x00000000   Code   RO         2830    .ARM.Collect$$rtentry$$00000002  c_p.l(__rtentry2.o)
    0x08000148   0x00000006   Code   RO         2842    .ARM.Collect$$rtentry$$00000004  c_p.l(__rtentry4.o)
    0x0800014e   0x00000000   Code   RO         2832    .ARM.Collect$$rtentry$$00000009  c_p.l(__rtentry2.o)
    0x0800014e   0x00000004   Code   RO         2833    .ARM.Collect$$rtentry$$0000000A  c_p.l(__rtentry2.o)
    0x08000152   0x00000000   Code   RO         2835    .ARM.Collect$$rtentry$$0000000C  c_p.l(__rtentry2.o)
    0x08000152   0x00000008   Code   RO         2836    .ARM.Collect$$rtentry$$0000000D  c_p.l(__rtentry2.o)
    0x0800015a   0x00000002   Code   RO         2875    .ARM.Collect$$rtexit$$00000000  c_p.l(rtexit.o)
    0x0800015c   0x00000000   Code   RO         2895    .ARM.Collect$$rtexit$$00000002  c_p.l(rtexit2.o)
    0x0800015c   0x00000004   Code   RO         2896    .ARM.Collect$$rtexit$$00000003  c_p.l(rtexit2.o)
    0x08000160   0x00000006   Code   RO         2897    .ARM.Collect$$rtexit$$00000004  c_p.l(rtexit2.o)
    0x08000166   0x00000002   PAD
    0x08000168   0x00000038   Code   RO         2759    .emb_text           c_p.l(rt_memcpy.o)
    0x080001a0   0x00000038   Code   RO         2751    .text               startup_stm32f070xb.o
    0x080001d8   0x00000022   Code   RO         2757    .text               c_p.l(llushr.o)
    0x080001fa   0x00000082   Code   RO         2760    .text               c_p.l(rt_memcpy.o)
    0x0800027c   0x0000015a   Code   RO         2765    .text               c_p.l(aeabi_sdiv.o)
    0x080003d6   0x00000006   Code   RO         2769    .text               c_p.l(heapauxi.o)
    0x080003dc   0x00000024   Code   RO         2776    .text               c_p.l(init_aeabi.o)
    0x08000400   0x0000003e   Code   RO         2850    .text               c_p.l(sys_stackheap_outer.o)
    0x0800043e   0x00000010   Code   RO         2853    .text               c_p.l(exit.o)
    0x0800044e   0x00000002   PAD
    0x08000450   0x00000008   Code   RO         2871    .text               c_p.l(libspace.o)
    0x08000458   0x0000000c   Code   RO         2889    .text               c_p.l(sys_exit.o)
    0x08000464   0x00000002   Code   RO         2891    .text               c_p.l(use_no_semi.o)
    0x08000466   0x00000000   Code   RO         2893    .text               c_p.l(indicate_semi.o)
    0x08000466   0x00000002   PAD
    0x08000468   0x00000010   Code   RO         2331    i.DMA1_Channel2_3_IRQHandler  stm32f0xx_it.o
    0x08000478   0x00000068   Code   RO         1330    i.FLASH_WaitForLastOperation  stm32f0xx_hal_flash.o
    0x080004e0   0x00000064   Code   RO          232    i.HAL_DMA_Init      stm32f0xx_hal_dma.o
    0x08000544   0x0000006e   Code   RO          234    i.HAL_DMA_Start     stm32f0xx_hal_dma.o
    0x080005b2   0x00000002   PAD
    0x080005b4   0x000000ac   Code   RO          969    i.HAL_FLASHEx_Erase  stm32f0xx_hal_flash_ex.o
    0x08000660   0x00000014   Code   RO         1334    i.HAL_FLASH_Lock    stm32f0xx_hal_flash.o
    0x08000674   0x000000bc   Code   RO         1339    i.HAL_FLASH_Program  stm32f0xx_hal_flash.o
    0x08000730   0x0000002c   Code   RO         1341    i.HAL_FLASH_Unlock  stm32f0xx_hal_flash.o
    0x0800075c   0x000001f0   Code   RO            6    i.HAL_GPIO_Init     stm32f0xx_hal_gpio.o
    0x0800094c   0x0000000c   Code   RO           10    i.HAL_GPIO_WritePin  stm32f0xx_hal_gpio.o
    0x08000958   0x0000000c   Code   RO         1096    i.HAL_GetTick       stm32f0xx_hal.o
    0x08000964   0x00000010   Code   RO         1097    i.HAL_IncTick       stm32f0xx_hal.o
    0x08000974   0x00000020   Code   RO         1098    i.HAL_Init          stm32f0xx_hal.o
    0x08000994   0x00000026   Code   RO         1099    i.HAL_InitTick      stm32f0xx_hal.o
    0x080009ba   0x00000002   Code   RO         1101    i.HAL_MspInit       stm32f0xx_hal.o
    0x080009bc   0x00000018   Code   RO         1225    i.HAL_NVIC_EnableIRQ  stm32f0xx_hal_cortex.o
    0x080009d4   0x00000012   Code   RO         1229    i.HAL_NVIC_SetPriority  stm32f0xx_hal_cortex.o
    0x080009e6   0x00000002   PAD
    0x080009e8   0x00000194   Code   RO         1444    i.HAL_RCC_ClockConfig  stm32f0xx_hal_rcc.o
    0x08000b7c   0x0000000c   Code   RO         1449    i.HAL_RCC_GetHCLKFreq  stm32f0xx_hal_rcc.o
    0x08000b88   0x00000024   Code   RO         1451    i.HAL_RCC_GetPCLK1Freq  stm32f0xx_hal_rcc.o
    0x08000bac   0x000000c8   Code   RO         1452    i.HAL_RCC_GetSysClockFreq  stm32f0xx_hal_rcc.o
    0x08000c74   0x00000550   Code   RO         1455    i.HAL_RCC_OscConfig  stm32f0xx_hal_rcc.o
    0x080011c4   0x00000024   Code   RO         1231    i.HAL_SYSTICK_CLKSourceConfig  stm32f0xx_hal_cortex.o
    0x080011e8   0x00000002   Code   RO         1232    i.HAL_SYSTICK_Callback  stm32f0xx_hal_cortex.o
    0x080011ea   0x00000002   PAD
    0x080011ec   0x00000038   Code   RO         1233    i.HAL_SYSTICK_Config  stm32f0xx_hal_cortex.o
    0x08001224   0x00000008   Code   RO         1234    i.HAL_SYSTICK_IRQHandler  stm32f0xx_hal_cortex.o
    0x0800122c   0x00000082   Code   RO         1572    i.HAL_UART_Init     stm32f0xx_hal_uart.o
    0x080012ae   0x00000002   Code   RO         1574    i.HAL_UART_MspInit  stm32f0xx_hal_uart.o
    0x080012b0   0x000000f0   Code   RO         1580    i.HAL_UART_Transmit  stm32f0xx_hal_uart.o
    0x080013a0   0x00000004   Code   RO         2332    i.HardFault_Handler  stm32f0xx_it.o
    0x080013a4   0x00000002   Code   RO         2333    i.NMI_Handler       stm32f0xx_it.o
    0x080013a6   0x00000002   Code   RO         2334    i.PendSV_Handler    stm32f0xx_it.o
    0x080013a8   0x00000002   Code   RO         2335    i.SVC_Handler       stm32f0xx_it.o
    0x080013aa   0x0000000c   Code   RO         2336    i.SysTick_Handler   stm32f0xx_it.o
    0x080013b6   0x00000002   PAD
    0x080013b8   0x00000080   Code   RO         2716    i.SystemInit        system_stm32f0xx.o
    0x08001438   0x000000f0   Code   RO         1585    i.UART_AdvFeatureConfig  stm32f0xx_hal_uart.o
    0x08001528   0x0000001e   Code   RO         1586    i.UART_CheckIdleState  stm32f0xx_hal_uart.o
    0x08001546   0x00000002   PAD
    0x08001548   0x00000204   Code   RO         1589    i.UART_SetConfig    stm32f0xx_hal_uart.o
    0x0800174c   0x00000070   Code   RO         1591    i.UART_WaitOnFlagUntilTimeout  stm32f0xx_hal_uart.o
    0x080017bc   0x00000004   Code   RO         2276    i._Z13Error_Handlerv  main.o
    0x080017c0   0x0000002c   Code   RO          975    i._Z15FLASH_PageErasej  stm32f0xx_hal_flash_ex.o
    0x080017ec   0x00000072   Code   RO         2277    i._Z18SystemClock_Configv  main.o
    0x0800185e   0x00000002   PAD
    0x08001860   0x0000004c   Code   RO         2392    i._ZN10UartDevice16BeginTransmitDMAEPhi  uart.o
    0x080018ac   0x000000b8   Code   RO         2393    i._ZN10UartDevice16InttruptCallBackEv  uart.o
    0x08001964   0x00000128   Code   RO         2394    i._ZN10UartDevice4InitEi  uart.o
    0x08001a8c   0x000000b8   Code   RO         2395    i._ZN10UartDevice8ReadDataEPvi  uart.o
    0x08001b44   0x00000018   Code   RO         2396    i._ZN10UartDevice9WriteDataEPvi  uart.o
    0x08001b5c   0x00000012   Code   RO         2397    i._ZN10UartDeviceC1Ei  uart.o
    0x08001b6e   0x00000040   Code   RO         2535    i._ZN11FlashWriter10WriteFlashEjPvi  flash.o
    0x08001bae   0x0000000a   Code   RO         2536    i._ZN11FlashWriter14EnableCtlFlashEv  flash.o
    0x08001bb8   0x00000028   Code   RO         2537    i._ZN11FlashWriter14EraseFlashPageEji  flash.o
    0x08001be0   0x0000000a   Code   RO         2538    i._ZN11FlashWriter15DisableCtlFlashEv  flash.o
    0x08001bea   0x00000002   Code   RO         2541    i._ZN11FlashWriterC1Ev  flash.o
    0x08001bec   0x0000002a   Code   RO          238    i._ZN41_INTERNAL_19_stm32f0xx_hal_dma_c_c25f65ec13DMA_SetConfigEP19__DMA_HandleTypeDefjjj  stm32f0xx_hal_dma.o
    0x08001c16   0x00000002   PAD
    0x08001c18   0x00000020   Code   RO          239    i._ZN41_INTERNAL_19_stm32f0xx_hal_dma_c_c25f65ec23DMA_CalcBaseAndBitshiftEP19__DMA_HandleTypeDef  stm32f0xx_hal_dma.o
    0x08001c38   0x00000048   Code   RO         1342    i._ZN43_INTERNAL_21_stm32f0xx_hal_flash_c_48aa8f3e18FLASH_SetErrorCodeEv  stm32f0xx_hal_flash.o
    0x08001c80   0x00000020   Code   RO         1343    i._ZN43_INTERNAL_21_stm32f0xx_hal_flash_c_48aa8f3e22FLASH_Program_HalfWordEjt  stm32f0xx_hal_flash.o
    0x08001ca0   0x00000078   Code   RO         1235    i._ZN44_INTERNAL_22_stm32f0xx_hal_cortex_c_910ac08716NVIC_SetPriorityE9IRQn_Typej  stm32f0xx_hal_cortex.o
    0x08001d18   0x00000028   Code   RO          976    i._ZN46_INTERNAL_24_stm32f0xx_hal_flash_ex_c_6648b60e15FLASH_MassEraseEv  stm32f0xx_hal_flash_ex.o
    0x08001d40   0x0000000c   Code   RO         2594    i._ZN8AppImage10GetHardVerEv  appimage.o
    0x08001d4c   0x0000000c   Code   RO         2595    i._ZN8AppImage10GetSoftVerEv  appimage.o
    0x08001d58   0x00000024   Code   RO         2596    i._ZN8AppImage11SetDataBuffEiPhi  appimage.o
    0x08001d7c   0x0000000e   Code   RO         2597    i._ZN8AppImage12SetWriteAddrEj  appimage.o
    0x08001d8a   0x0000001e   Code   RO         2598    i._ZN8AppImage13CheckBuffDataEj  appimage.o
    0x08001da8   0x0000003e   Code   RO         2599    i._ZN8AppImage14WriteBuffFlashEj  appimage.o
    0x08001de6   0x00000002   PAD
    0x08001de8   0x0000008c   Code   RO         2600    i._ZN8AppImage15IsAppCheckRightEv  appimage.o
    0x08001e74   0x0000005c   Code   RO         2601    i._ZN8AppImage16WriteFirmwareInfEP17FirmwareInfStruct  appimage.o
    0x08001ed0   0x000000b8   Code   RO         2602    i._ZN8AppImage7GoToAppEh  appimage.o
    0x08001f88   0x00000010   Code   RO         2603    i._ZN8AppImageC1Ev  appimage.o
    0x08001f98   0x00000060   Code   RO         2451    i._ZN9CmdHandle11GetSendDataEPh  cmd.o
    0x08001ff8   0x00000042   Code   RO         2452    i._ZN9CmdHandle11PacketCheckEP16BootPacketStructi  cmd.o
    0x0800203a   0x00000002   PAD
    0x0800203c   0x00000060   Code   RO         2453    i._ZN9CmdHandle13AddSendPacketEhhPhi  cmd.o
    0x0800209c   0x000001c8   Code   RO         2454    i._ZN9CmdHandle14AnalysisPacketEP16BootPacketStruct  cmd.o
    0x08002264   0x00000084   Code   RO         2455    i._ZN9CmdHandle17AnalysisExtPacketEP16BootPacketStruct  cmd.o
    0x080022e8   0x0000007a   Code   RO         2456    i._ZN9CmdHandle18GetLeakPacketIndexEPhi  cmd.o
    0x08002362   0x0000002e   Code   RO         2457    i._ZN9CmdHandle18InitLeakPacketFlagEi  cmd.o
    0x08002390   0x00000032   Code   RO         2458    i._ZN9CmdHandle20DeleteLeakPacketFlagEi  cmd.o
    0x080023c2   0x0000010a   Code   RO         2459    i._ZN9CmdHandle6UpdateEPhi  cmd.o
    0x080024cc   0x0000001a   Code   RO         2460    i._ZN9CmdHandle8CheckSumEPvi  cmd.o
    0x080024e6   0x00000002   PAD
    0x080024e8   0x0000001c   Code   RO         2461    i._ZN9CmdHandleC1Ev  cmd.o
    0x08002504   0x0000001c   Code   RO          331    i.__ARM_common_switch8  stm32f0xx_hal_dma.o
    0x08002520   0x00000024   Code   RO         2278    i.__sti___8_main_cpp_appImg  main.o
    0x08002544   0x000000ec   Code   RO         2279    i.main              main.o
    0x08002630   0x00000018   Data   RO         2719    .constdata          system_stm32f0xx.o
    0x08002648   0x00000020   Data   RO         2944    Region$$Table       anon$$obj.o
    0x08002668   0x00000004   Data   RO         2286    .init_array         main.o
    0x0800266c   0x00000000   Data   RO         2774    .init_array         c_p.l(init_aeabi.o)


    Execution Region RW_IRAM1 (Base: 0x20000100, Size: 0x000013d8, Max: 0x00003f00, ABSOLUTE)

    Base Addr    Size         Type   Attr      Idx    E Section Name        Object

    0x20000100   0x00000004   Data   RW         1121    .data               stm32f0xx_hal.o
    0x20000104   0x00000101   Data   RW         2285    .data               main.o
    0x20000205   0x00000003   PAD
    0x20000208   0x00000004   Data   RW         2720    .data               system_stm32f0xx.o
    0x2000020c   0x00000004   PAD
    0x20000210   0x00000020   Zero   RW         1358    .bss                stm32f0xx_hal_flash.o
    0x20000230   0x00000ba0   Zero   RW         2284    .bss                main.o
    0x20000dd0   0x000000a8   Zero   RW         2473    .bss                cmd.o
    0x20000e78   0x00000060   Zero   RW         2872    .bss                c_p.l(libspace.o)
    0x20000ed8   0x00000200   Zero   RW         2749    HEAP                startup_stm32f070xb.o
    0x200010d8   0x00000400   Zero   RW         2748    STACK               startup_stm32f070xb.o


==============================================================================

Image component sizes


      Code (inc. data)   RO Data    RW Data    ZI Data      Debug   Object Name

       598         40          0          0          0       7548   appimage.o
      1384         30          0          0        168       8652   cmd.o
       126          0          0          0          0       3516   flash.o
       390         44          4        257       2976       5071   main.o
        56         26        192          0       1536        576   startup_stm32f070xb.o
       100         14          0          4          0       3357   stm32f0xx_hal.o
       264         30          0          0          0      10339   stm32f0xx_hal_cortex.o
       312         10          0          0          0       3091   stm32f0xx_hal_dma.o
       460         52          0          0         32       3950   stm32f0xx_hal_flash.o
       256         30          0          0          0       2351   stm32f0xx_hal_flash_ex.o
       508         26          0          0          0     244776   stm32f0xx_hal_gpio.o
      2012         98          0          0          0       4773   stm32f0xx_hal_rcc.o
      1270         38          0          0          0       5552   stm32f0xx_hal_uart.o
        38          6          0          0          0       2392   stm32f0xx_it.o
       128         12         24          4          0       1079   system_stm32f0xx.o
       782         40          0          0          0       3836   uart.o

    ----------------------------------------------------------------------
      8704        496        252        268       4716     310859   Object Totals
         0          0         32          0          0          0   (incl. Generated)
        20          0          0          3          4          0   (incl. Padding)

    ----------------------------------------------------------------------

      Code (inc. data)   RO Data    RW Data    ZI Data      Debug   Library Member Name

         8          0          0          0          0         68   __main.o
         0          0          0          0          0          0   __rtentry.o
        12          0          0          0          0          0   __rtentry2.o
         6          0          0          0          0          0   __rtentry4.o
        60          8          0          0          0          0   __scatter.o
        26          0          0          0          0          0   __scatter_copy.o
        28          0          0          0          0          0   __scatter_zi.o
       346          0          0          0          0         92   aeabi_sdiv.o
        16          0          0          0          0         68   exit.o
         6          0          0          0          0        136   heapauxi.o
         0          0          0          0          0          0   indicate_semi.o
        36         10          0          0          0         72   init_aeabi.o
         2          0          0          0          0          0   libinit.o
         6          0          0          0          0          0   libinit2.o
         2          0          0          0          0          0   libshutdown.o
         2          0          0          0          0          0   libshutdown2.o
         8          4          0          0         96         68   libspace.o
        34          0          0          0          0         68   llushr.o
       186          0          0          0          0        144   rt_memcpy.o
         2          0          0          0          0          0   rtexit.o
        10          0          0          0          0          0   rtexit2.o
        12          4          0          0          0         60   sys_exit.o
        62          0          0          0          0         80   sys_stackheap_outer.o
         2          0          0          0          0         68   use_no_semi.o

    ----------------------------------------------------------------------
       880         26          0          0         96        924   Library Totals
         8          0          0          0          0          0   (incl. Padding)

    ----------------------------------------------------------------------

      Code (inc. data)   RO Data    RW Data    ZI Data      Debug   Library Name

       872         26          0          0         96        924   c_p.l

    ----------------------------------------------------------------------
       880         26          0          0         96        924   Library Totals

    ----------------------------------------------------------------------

==============================================================================


      Code (inc. data)   RO Data    RW Data    ZI Data      Debug   

      9584        522        252        268       4812     307979   Grand Totals
      9584        522        252        268       4812     307979   ELF Image Totals
      9584        522        252        268          0          0   ROM Totals

==============================================================================

    Total RO  Size (Code + RO Data)                 9836 (   9.61kB)
    Total RW  Size (RW Data + ZI Data)              5080 (   4.96kB)
    Total ROM Size (Code + RO Data + RW Data)      10104 (   9.87kB)

==============================================================================

