Component: ARM Compiler 5.06 update 1 (build 61) Tool: armlink [4d35a8]

==============================================================================

Section Cross References

    stm32f0xx_hal_gpio.o(i.HAL_GPIO_EXTI_IRQHandler) refers to stm32f0xx_hal_gpio.o(i.HAL_GPIO_EXTI_Callback) for HAL_GPIO_EXTI_Callback
    stm32f0xx_hal_dma.o(i.DMA_CalcBaseAndBitshift) refers to uidiv.o(.text) for __aeabi_uidivmod
    stm32f0xx_hal_dma.o(i.HAL_DMA_DeInit) refers to stm32f0xx_hal_dma.o(i.DMA_CalcBaseAndBitshift) for DMA_CalcBaseAndBitshift
    stm32f0xx_hal_dma.o(i.HAL_DMA_Init) refers to stm32f0xx_hal_dma.o(i.DMA_CalcBaseAndBitshift) for DMA_CalcBaseAndBitshift
    stm32f0xx_hal_dma.o(i.HAL_DMA_PollForTransfer) refers to stm32f0xx_hal.o(i.HAL_GetTick) for HAL_GetTick
    stm32f0xx_hal_dma.o(i.HAL_DMA_Start) refers to stm32f0xx_hal_dma.o(i.DMA_SetConfig) for DMA_SetConfig
    stm32f0xx_hal_dma.o(i.HAL_DMA_Start_IT) refers to stm32f0xx_hal_dma.o(i.DMA_SetConfig) for DMA_SetConfig
    stm32f0xx_hal_dma.o(i.HAL_DMA_UnRegisterCallback) refers to stm32f0xx_hal_dma.o(i.__ARM_common_switch8) for __ARM_common_switch8
    stm32f0xx_hal_i2c.o(i.HAL_I2C_DeInit) refers to stm32f0xx_hal_i2c.o(i.HAL_I2C_MspDeInit) for HAL_I2C_MspDeInit
    stm32f0xx_hal_i2c.o(i.HAL_I2C_DisableListen_IT) refers to stm32f0xx_hal_i2c.o(i.I2C_Disable_IRQ) for I2C_Disable_IRQ
    stm32f0xx_hal_i2c.o(i.HAL_I2C_ER_IRQHandler) refers to stm32f0xx_hal_i2c.o(i.I2C_ITError) for I2C_ITError
    stm32f0xx_hal_i2c.o(i.HAL_I2C_EnableListen_IT) refers to stm32f0xx_hal_i2c.o(i.I2C_Enable_IRQ) for I2C_Enable_IRQ
    stm32f0xx_hal_i2c.o(i.HAL_I2C_EnableListen_IT) refers to stm32f0xx_hal_i2c.o(i.I2C_Slave_ISR_IT) for I2C_Slave_ISR_IT
    stm32f0xx_hal_i2c.o(i.HAL_I2C_Init) refers to stm32f0xx_hal_i2c.o(i.HAL_I2C_MspInit) for HAL_I2C_MspInit
    stm32f0xx_hal_i2c.o(i.HAL_I2C_IsDeviceReady) refers to stm32f0xx_hal.o(i.HAL_GetTick) for HAL_GetTick
    stm32f0xx_hal_i2c.o(i.HAL_I2C_IsDeviceReady) refers to stm32f0xx_hal_i2c.o(i.I2C_WaitOnFlagUntilTimeout) for I2C_WaitOnFlagUntilTimeout
    stm32f0xx_hal_i2c.o(i.HAL_I2C_Master_Abort_IT) refers to stm32f0xx_hal_i2c.o(i.I2C_Disable_IRQ) for I2C_Disable_IRQ
    stm32f0xx_hal_i2c.o(i.HAL_I2C_Master_Abort_IT) refers to stm32f0xx_hal_i2c.o(i.I2C_TransferConfig) for I2C_TransferConfig
    stm32f0xx_hal_i2c.o(i.HAL_I2C_Master_Abort_IT) refers to stm32f0xx_hal_i2c.o(i.I2C_Enable_IRQ) for I2C_Enable_IRQ
    stm32f0xx_hal_i2c.o(i.HAL_I2C_Master_Receive) refers to stm32f0xx_hal.o(i.HAL_GetTick) for HAL_GetTick
    stm32f0xx_hal_i2c.o(i.HAL_I2C_Master_Receive) refers to stm32f0xx_hal_i2c.o(i.I2C_WaitOnFlagUntilTimeout) for I2C_WaitOnFlagUntilTimeout
    stm32f0xx_hal_i2c.o(i.HAL_I2C_Master_Receive) refers to stm32f0xx_hal_i2c.o(i.I2C_TransferConfig) for I2C_TransferConfig
    stm32f0xx_hal_i2c.o(i.HAL_I2C_Master_Receive) refers to stm32f0xx_hal_i2c.o(i.I2C_WaitOnRXNEFlagUntilTimeout) for I2C_WaitOnRXNEFlagUntilTimeout
    stm32f0xx_hal_i2c.o(i.HAL_I2C_Master_Receive) refers to stm32f0xx_hal_i2c.o(i.I2C_WaitOnSTOPFlagUntilTimeout) for I2C_WaitOnSTOPFlagUntilTimeout
    stm32f0xx_hal_i2c.o(i.HAL_I2C_Master_Receive_DMA) refers to stm32f0xx_hal_dma.o(i.HAL_DMA_Start_IT) for HAL_DMA_Start_IT
    stm32f0xx_hal_i2c.o(i.HAL_I2C_Master_Receive_DMA) refers to stm32f0xx_hal_i2c.o(i.I2C_TransferConfig) for I2C_TransferConfig
    stm32f0xx_hal_i2c.o(i.HAL_I2C_Master_Receive_DMA) refers to stm32f0xx_hal_i2c.o(i.I2C_Enable_IRQ) for I2C_Enable_IRQ
    stm32f0xx_hal_i2c.o(i.HAL_I2C_Master_Receive_DMA) refers to stm32f0xx_hal_i2c.o(i.I2C_Master_ISR_DMA) for I2C_Master_ISR_DMA
    stm32f0xx_hal_i2c.o(i.HAL_I2C_Master_Receive_DMA) refers to stm32f0xx_hal_i2c.o(i.I2C_DMAMasterReceiveCplt) for I2C_DMAMasterReceiveCplt
    stm32f0xx_hal_i2c.o(i.HAL_I2C_Master_Receive_DMA) refers to stm32f0xx_hal_i2c.o(i.I2C_DMAError) for I2C_DMAError
    stm32f0xx_hal_i2c.o(i.HAL_I2C_Master_Receive_DMA) refers to stm32f0xx_hal_i2c.o(i.I2C_Master_ISR_IT) for I2C_Master_ISR_IT
    stm32f0xx_hal_i2c.o(i.HAL_I2C_Master_Receive_IT) refers to stm32f0xx_hal_i2c.o(i.I2C_TransferConfig) for I2C_TransferConfig
    stm32f0xx_hal_i2c.o(i.HAL_I2C_Master_Receive_IT) refers to stm32f0xx_hal_i2c.o(i.I2C_Enable_IRQ) for I2C_Enable_IRQ
    stm32f0xx_hal_i2c.o(i.HAL_I2C_Master_Receive_IT) refers to stm32f0xx_hal_i2c.o(i.I2C_Master_ISR_IT) for I2C_Master_ISR_IT
    stm32f0xx_hal_i2c.o(i.HAL_I2C_Master_Sequential_Receive_IT) refers to stm32f0xx_hal_i2c.o(i.I2C_TransferConfig) for I2C_TransferConfig
    stm32f0xx_hal_i2c.o(i.HAL_I2C_Master_Sequential_Receive_IT) refers to stm32f0xx_hal_i2c.o(i.I2C_Enable_IRQ) for I2C_Enable_IRQ
    stm32f0xx_hal_i2c.o(i.HAL_I2C_Master_Sequential_Receive_IT) refers to stm32f0xx_hal_i2c.o(i.I2C_Master_ISR_IT) for I2C_Master_ISR_IT
    stm32f0xx_hal_i2c.o(i.HAL_I2C_Master_Sequential_Transmit_IT) refers to stm32f0xx_hal_i2c.o(i.I2C_TransferConfig) for I2C_TransferConfig
[...]
    motor.o(i.InitTim) refers to stm32f0xx_hal_tim.o(i.HAL_TIM_Base_Init) for HAL_TIM_Base_Init
    motor.o(i.InitTim) refers to stm32f0xx_hal_tim.o(i.HAL_TIM_PWM_ConfigChannel) for HAL_TIM_PWM_ConfigChannel
    motor.o(i.InitTim) refers to stm32f0xx_hal_tim.o(i.HAL_TIM_PWM_Start) for HAL_TIM_PWM_Start
    motor.o(i.InitTim) refers to system_stm32f0xx.o(.data) for SystemCoreClock
    motor.o(i.InitVariable) refers to motor.o(i.SetSpeedPid) for SetSpeedPid
    motor.o(i.InitVariable) refers to motor.o(.data) for motorCount
    motor.o(i.MotorInit) refers to motor.o(i.InitVariable) for InitVariable
    motor.o(i.MotorInit) refers to motor.o(i.InitExit) for InitExit
    motor.o(i.MotorInit) refers to motor.o(i.InitTim) for InitTim
    motor.o(i.MotorSpeedUpdate) refers to fadd.o(.text) for __aeabi_fsub
    motor.o(i.MotorSpeedUpdate) refers to fmul.o(.text) for __aeabi_fmul
    motor.o(i.MotorSpeedUpdate) refers to cfcmple.o(.text) for __aeabi_cfcmple
    motor.o(i.MotorSpeedUpdate) refers to cfrcmple.o(.text) for __aeabi_cfrcmple
    motor.o(i.MotorSpeedUpdate) refers to fflti.o(.text) for __aeabi_i2f
    motor.o(i.MotorSpeedUpdate) refers to ffixi.o(.text) for __aeabi_f2iz
    motor.o(i.MotorSpeedUpdate) refers to motor.o(i.SetOneMotorPwm) for SetOneMotorPwm
    motor.o(i.MotorSpeedUpdate) refers to motor.o(.data) for curMotorSpeed
    motor.o(i.MotorSpeedUpdate) refers to motor.o(.bss) for motorPID
    motor.o(i.MotorUpdate) refers to stm32f0xx_hal.o(i.HAL_GetTick) for HAL_GetTick
    motor.o(i.MotorUpdate) refers to fflti.o(.text) for __aeabi_i2f
    motor.o(i.MotorUpdate) refers to fmul.o(.text) for __aeabi_fmul
    motor.o(i.MotorUpdate) refers to fdiv.o(.text) for __aeabi_fdiv
    motor.o(i.MotorUpdate) refers to fadd.o(.text) for __aeabi_fsub
    motor.o(i.MotorUpdate) refers to motor.o(i.MotorSpeedUpdate) for MotorSpeedUpdate
    motor.o(i.MotorUpdate) refers to motor.o(.data) for lastUpdateTime
    motor.o(i.SetMotorPwm) refers to motor.o(i.SetOneMotorPwm) for SetOneMotorPwm
    motor.o(i.SetMotorSpeed) refers to motor.o(i.SetOneMotorSpeed) for SetOneMotorSpeed
    motor.o(i.SetOneMotorPwm) refers to stm32f0xx_hal_gpio.o(i.HAL_GPIO_WritePin) for HAL_GPIO_WritePin
    motor.o(i.SetOneMotorPwm) refers to motor.o(.data) for motorMode
    motor.o(i.SetOneMotorSpeed) refers to motor.o(.data) for motorMode
    motor.o(i.SetSpeedPid) refers to motor.o(.bss) for motorPID
    rgbled.o(i.ClearAllRgbLed) refers to rgbled.o(.bss) for ledDataBuff
    rgbled.o(i.RgbLedInit) refers to stm32f0xx_hal_gpio.o(i.HAL_GPIO_Init) for HAL_GPIO_Init
    rgbled.o(i.RgbLedInit) refers to stm32f0xx_hal_spi.o(i.HAL_SPI_Init) for HAL_SPI_Init
    rgbled.o(i.RgbLedInit) refers to stm32f0xx_hal_dma.o(i.HAL_DMA_Init) for HAL_DMA_Init
    rgbled.o(i.RgbLedInit) refers to rgbled.o(.bss) for SpiHandle
    rgbled.o(i.SetAllRgbLed) refers to rgbled.o(i.WriteRgbLed) for WriteRgbLed
    rgbled.o(i.ShowRgbLed) refers to rgbled.o(.bss) for ledDataBuff
    rgbled.o(i.WriteRgbLed) refers to rgbled.o(.bss) for ledDataBuff
    system_stm32f0xx.o(i.SystemCoreClockUpdate) refers to uidiv.o(.text) for __aeabi_uidivmod
    system_stm32f0xx.o(i.SystemCoreClockUpdate) refers to system_stm32f0xx.o(.data) for SystemCoreClock
    system_stm32f0xx.o(i.SystemCoreClockUpdate) refers to system_stm32f0xx.o(.constdata) for AHBPrescTable
    startup_stm32f070xb.o(RESET) refers to startup_stm32f070xb.o(STACK) for __initial_sp
    startup_stm32f070xb.o(RESET) refers to startup_stm32f070xb.o(.text) for Reset_Handler
    startup_stm32f070xb.o(RESET) refers to stm32f0xx_it.o(i.NMI_Handler) for NMI_Handler
    startup_stm32f070xb.o(RESET) refers to stm32f0xx_it.o(i.HardFault_Handler) for HardFault_Handler
    startup_stm32f070xb.o(RESET) refers to stm32f0xx_it.o(i.SVC_Handler) for SVC_Handler
    startup_stm32f070xb.o(RESET) refers to stm32f0xx_it.o(i.PendSV_Handler) for PendSV_Handler
    startup_stm32f070xb.o(RESET) refers to stm32f0xx_it.o(i.SysTick_Handler) for SysTick_Handler
    startup_stm32f070xb.o(RESET) refers to stm32f0xx_it.o(i.EXTI4_15_IRQHandler) for EXTI4_15_IRQHandler
    startup_stm32f070xb.o(RESET) refers to stm32f0xx_it.o(i.DMA1_Channel4_5_IRQHandler) for DMA1_Channel4_5_IRQHandler
    startup_stm32f070xb.o(.text) refers to system_stm32f0xx.o(i.SystemInit) for SystemInit
    startup_stm32f070xb.o(.text) refers to entry.o(.ARM.Collect$$$$00000000) for __main
    entry.o(.ARM.Collect$$$$00000000) refers (Special) to entry10a.o(.ARM.Collect$$$$0000000D) for __rt_final_cpp
    entry.o(.ARM.Collect$$$$00000000) refers (Special) to entry11a.o(.ARM.Collect$$$$0000000F) for __rt_final_exit
    entry.o(.ARM.Collect$$$$00000000) refers (Special) to entry7b.o(.ARM.Collect$$$$00000008) for _main_clock
    entry.o(.ARM.Collect$$$$00000000) refers (Special) to entry8b.o(.ARM.Collect$$$$0000000A) for _main_cpp_init
    entry.o(.ARM.Collect$$$$00000000) refers (Special) to entry9a.o(.ARM.Collect$$$$0000000B) for _main_init
    entry.o(.ARM.Collect$$$$00000000) refers (Special) to entry5.o(.ARM.Collect$$$$00000004) for _main_scatterload
    entry.o(.ARM.Collect$$$$00000000) refers (Special) to entry2.o(.ARM.Collect$$$$00000001) for _main_stk
    fadd.o(.text) refers (Special) to iusefp.o(.text) for __I$use$fp
    fadd.o(.text) refers to fepilogue.o(.text) for _float_epilogue
    fmul.o(.text) refers (Special) to iusefp.o(.text) for __I$use$fp
    fdiv.o(.text) refers (Special) to iusefp.o(.text) for __I$use$fp
    fdiv.o(.text) refers to fepilogue.o(.text) for _float_round
    fflti.o(.text) refers (Special) to iusefp.o(.text) for __I$use$fp
    fflti.o(.text) refers to fepilogue.o(.text) for _float_epilogue
    ffixi.o(.text) refers (Special) to iusefp.o(.text) for __I$use$fp
    cfcmple.o(.text) refers (Special) to iusefp.o(.text) for __I$use$fp
    cfrcmple.o(.text) refers (Special) to iusefp.o(.text) for __I$use$fp
    entry2.o(.ARM.Collect$$$$00000001) refers to entry2.o(.ARM.Collect$$$$00002712) for __lit__00000000
    entry2.o(.ARM.Collect$$$$00002712) refers to startup_stm32f070xb.o(STACK) for __initial_sp
    entry2.o(__vectab_stack_and_reset_area) refers to startup_stm32f070xb.o(STACK) for __initial_sp
    entry2.o(__vectab_stack_and_reset_area) refers to entry.o(.ARM.Collect$$$$00000000) for __main
    entry5.o(.ARM.Collect$$$$00000004) refers to init.o(.text) for __scatterload
    entry9a.o(.ARM.Collect$$$$0000000B) refers to main.o(i.main) for main
    entry9b.o(.ARM.Collect$$$$0000000C) refers to main.o(i.main) for main
    init.o(.text) refers to entry5.o(.ARM.Collect$$$$00000004) for __main_after_scatterload


==============================================================================

Removing Unused input sections from the image.

    Removing stm32f0xx_hal_gpio.o(.rev16_text), (4 bytes).
    Removing stm32f0xx_hal_gpio.o(.revsh_text), (4 bytes).
    Removing stm32f0xx_hal_gpio.o(i.HAL_GPIO_DeInit), (268 bytes).
    Removing stm32f0xx_hal_gpio.o(i.HAL_GPIO_EXTI_Callback), (2 bytes).
    Removing stm32f0xx_hal_gpio.o(i.HAL_GPIO_EXTI_IRQHandler), (32 bytes).
    Removing stm32f0xx_hal_gpio.o(i.HAL_GPIO_LockPin), (50 bytes).
    Removing stm32f0xx_hal_i2c_ex.o(.rev16_text), (4 bytes).
    Removing stm32f0xx_hal_i2c_ex.o(.revsh_text), (4 bytes).
    Removing stm32f0xx_hal_i2c_ex.o(i.HAL_I2CEx_ConfigAnalogFilter), (110 bytes).
    Removing stm32f0xx_hal_i2c_ex.o(i.HAL_I2CEx_ConfigDigitalFilter), (114 bytes).
    Removing stm32f0xx_hal_i2c_ex.o(i.HAL_I2CEx_DisableFastModePlus), (52 bytes).
    Removing stm32f0xx_hal_i2c_ex.o(i.HAL_I2CEx_EnableFastModePlus), (52 bytes).
    Removing stm32f0xx_hal_pwr_ex.o(.rev16_text), (4 bytes).
    Removing stm32f0xx_hal_pwr_ex.o(.revsh_text), (4 bytes).
    Removing stm32f0xx_hal_dma.o(.rev16_text), (4 bytes).
    Removing stm32f0xx_hal_dma.o(.revsh_text), (4 bytes).
    Removing stm32f0xx_hal_dma.o(i.DMA_SetConfig), (42 bytes).
    Removing stm32f0xx_hal_dma.o(i.HAL_DMA_Abort), (56 bytes).
    Removing stm32f0xx_hal_dma.o(i.HAL_DMA_Abort_IT), (88 bytes).
    Removing stm32f0xx_hal_dma.o(i.HAL_DMA_DeInit), (80 bytes).
    Removing stm32f0xx_hal_dma.o(i.HAL_DMA_GetError), (6 bytes).
    Removing stm32f0xx_hal_dma.o(i.HAL_DMA_GetState), (8 bytes).
    Removing stm32f0xx_hal_dma.o(i.HAL_DMA_IRQHandler), (240 bytes).
    Removing stm32f0xx_hal_dma.o(i.HAL_DMA_PollForTransfer), (236 bytes).
    Removing stm32f0xx_hal_dma.o(i.HAL_DMA_RegisterCallback), (92 bytes).
    Removing stm32f0xx_hal_dma.o(i.HAL_DMA_Start), (110 bytes).
    Removing stm32f0xx_hal_dma.o(i.HAL_DMA_Start_IT), (154 bytes).
    Removing stm32f0xx_hal_dma.o(i.HAL_DMA_UnRegisterCallback), (108 bytes).
    Removing stm32f0xx_hal_i2c.o(.rev16_text), (4 bytes).
    Removing stm32f0xx_hal_i2c.o(.revsh_text), (4 bytes).
    Removing stm32f0xx_hal_i2c.o(i.HAL_I2C_AbortCpltCallback), (2 bytes).
    Removing stm32f0xx_hal_i2c.o(i.HAL_I2C_AddrCallback), (2 bytes).
    Removing stm32f0xx_hal_i2c.o(i.HAL_I2C_DeInit), (66 bytes).
    Removing stm32f0xx_hal_i2c.o(i.HAL_I2C_DisableListen_IT), (60 bytes).
    Removing stm32f0xx_hal_i2c.o(i.HAL_I2C_ER_IRQHandler), (128 bytes).
    Removing stm32f0xx_hal_i2c.o(i.HAL_I2C_EV_IRQHandler), (30 bytes).
    Removing stm32f0xx_hal_i2c.o(i.HAL_I2C_EnableListen_IT), (44 bytes).
    Removing stm32f0xx_hal_i2c.o(i.HAL_I2C_ErrorCallback), (2 bytes).
    Removing stm32f0xx_hal_i2c.o(i.HAL_I2C_GetError), (6 bytes).
    Removing stm32f0xx_hal_i2c.o(i.HAL_I2C_GetMode), (8 bytes).
    Removing stm32f0xx_hal_i2c.o(i.HAL_I2C_GetState), (8 bytes).
    Removing stm32f0xx_hal_i2c.o(i.HAL_I2C_Init), (212 bytes).
    Removing stm32f0xx_hal_i2c.o(i.HAL_I2C_IsDeviceReady), (398 bytes).
    Removing stm32f0xx_hal_i2c.o(i.HAL_I2C_ListenCpltCallback), (2 bytes).
    Removing stm32f0xx_hal_i2c.o(i.HAL_I2C_MasterRxCpltCallback), (2 bytes).
    Removing stm32f0xx_hal_i2c.o(i.HAL_I2C_MasterTxCpltCallback), (2 bytes).
    Removing stm32f0xx_hal_i2c.o(i.HAL_I2C_Master_Abort_IT), (102 bytes).
    Removing stm32f0xx_hal_i2c.o(i.HAL_I2C_Master_Receive), (384 bytes).
    Removing stm32f0xx_hal_i2c.o(i.HAL_I2C_Master_Receive_DMA), (300 bytes).
    Removing stm32f0xx_hal_i2c.o(i.HAL_I2C_Master_Receive_IT), (172 bytes).
    Removing stm32f0xx_hal_i2c.o(i.HAL_I2C_Master_Sequential_Receive_IT), (160 bytes).
    Removing stm32f0xx_hal_i2c.o(i.HAL_I2C_Master_Sequential_Transmit_IT), (160 bytes).
    Removing stm32f0xx_hal_i2c.o(i.HAL_I2C_Master_Transmit), (380 bytes).
    Removing stm32f0xx_hal_i2c.o(i.HAL_I2C_Master_Transmit_DMA), (300 bytes).
    Removing stm32f0xx_hal_i2c.o(i.HAL_I2C_Master_Transmit_IT), (172 bytes).
    Removing stm32f0xx_hal_i2c.o(i.HAL_I2C_MemRxCpltCallback), (2 bytes).
    Removing stm32f0xx_hal_i2c.o(i.HAL_I2C_MemTxCpltCallback), (2 bytes).
    Removing stm32f0xx_hal_i2c.o(i.HAL_I2C_Mem_Read), (452 bytes).
    Removing stm32f0xx_hal_i2c.o(i.HAL_I2C_Mem_Read_DMA), (320 bytes).
    Removing stm32f0xx_hal_i2c.o(i.HAL_I2C_Mem_Read_IT), (256 bytes).
    Removing stm32f0xx_hal_i2c.o(i.HAL_I2C_Mem_Write), (452 bytes).
    Removing stm32f0xx_hal_i2c.o(i.HAL_I2C_Mem_Write_DMA), (320 bytes).
    Removing stm32f0xx_hal_i2c.o(i.HAL_I2C_Mem_Write_IT), (252 bytes).
    Removing stm32f0xx_hal_i2c.o(i.HAL_I2C_MspDeInit), (2 bytes).
    Removing stm32f0xx_hal_i2c.o(i.HAL_I2C_MspInit), (2 bytes).
    Removing stm32f0xx_hal_i2c.o(i.HAL_I2C_SlaveRxCpltCallback), (2 bytes).
    Removing stm32f0xx_hal_i2c.o(i.HAL_I2C_SlaveTxCpltCallback), (2 bytes).
    Removing stm32f0xx_hal_i2c.o(i.HAL_I2C_Slave_Receive), (406 bytes).
    Removing stm32f0xx_hal_i2c.o(i.HAL_I2C_Slave_Receive_DMA), (192 bytes).
    Removing stm32f0xx_hal_i2c.o(i.HAL_I2C_Slave_Receive_IT), (116 bytes).
    Removing stm32f0xx_hal_i2c.o(i.HAL_I2C_Slave_Sequential_Receive_IT), (172 bytes).
    Removing stm32f0xx_hal_i2c.o(i.HAL_I2C_Slave_Sequential_Transmit_IT), (176 bytes).
    Removing stm32f0xx_hal_i2c.o(i.HAL_I2C_Slave_Transmit), (422 bytes).
    Removing stm32f0xx_hal_i2c.o(i.HAL_I2C_Slave_Transmit_DMA), (192 bytes).
    Removing stm32f0xx_hal_i2c.o(i.HAL_I2C_Slave_Transmit_IT), (116 bytes).
    Removing stm32f0xx_hal_i2c.o(i.I2C_DMAAbort), (60 bytes).
    Removing stm32f0xx_hal_i2c.o(i.I2C_DMAError), (30 bytes).
    Removing stm32f0xx_hal_i2c.o(i.I2C_DMAMasterReceiveCplt), (86 bytes).
    Removing stm32f0xx_hal_i2c.o(i.I2C_DMAMasterTransmitCplt), (86 bytes).
    Removing stm32f0xx_hal_i2c.o(i.I2C_DMASlaveReceiveCplt), (2 bytes).
    Removing stm32f0xx_hal_i2c.o(i.I2C_DMASlaveTransmitCplt), (2 bytes).
    Removing stm32f0xx_hal_i2c.o(i.I2C_Disable_IRQ), (126 bytes).
    Removing stm32f0xx_hal_i2c.o(i.I2C_Enable_IRQ), (144 bytes).
    Removing stm32f0xx_hal_i2c.o(i.I2C_Flush_TXDR), (50 bytes).
    Removing stm32f0xx_hal_i2c.o(i.I2C_ITAddrCplt), (214 bytes).
    Removing stm32f0xx_hal_i2c.o(i.I2C_ITError), (280 bytes).
    Removing stm32f0xx_hal_i2c.o(i.I2C_ITListenCplt), (116 bytes).
    Removing stm32f0xx_hal_i2c.o(i.I2C_ITMasterCplt), (236 bytes).
    Removing stm32f0xx_hal_i2c.o(i.I2C_ITMasterSequentialCplt), (98 bytes).
    Removing stm32f0xx_hal_i2c.o(i.I2C_ITSlaveCplt), (316 bytes).
    Removing stm32f0xx_hal_i2c.o(i.I2C_ITSlaveSequentialCplt), (98 bytes).
    Removing stm32f0xx_hal_i2c.o(i.I2C_IsAcknowledgeFailed), (148 bytes).
    Removing stm32f0xx_hal_i2c.o(i.I2C_Master_ISR_DMA), (266 bytes).
    Removing stm32f0xx_hal_i2c.o(i.I2C_Master_ISR_IT), (428 bytes).
    Removing stm32f0xx_hal_i2c.o(i.I2C_RequestMemoryRead), (146 bytes).
    Removing stm32f0xx_hal_i2c.o(i.I2C_RequestMemoryWrite), (146 bytes).
    Removing stm32f0xx_hal_i2c.o(i.I2C_Slave_ISR_DMA), (158 bytes).
    Removing stm32f0xx_hal_i2c.o(i.I2C_Slave_ISR_IT), (352 bytes).
    Removing stm32f0xx_hal_i2c.o(i.I2C_TransferConfig), (48 bytes).
    Removing stm32f0xx_hal_i2c.o(i.I2C_WaitOnFlagUntilTimeout), (82 bytes).
    Removing stm32f0xx_hal_i2c.o(i.I2C_WaitOnRXNEFlagUntilTimeout), (152 bytes).
    Removing stm32f0xx_hal_i2c.o(i.I2C_WaitOnSTOPFlagUntilTimeout), (90 bytes).
    Removing stm32f0xx_hal_i2c.o(i.I2C_WaitOnTXISFlagUntilTimeout), (96 bytes).
    Removing stm32f0xx_hal_rcc_ex.o(.rev16_text), (4 bytes).
    Removing stm32f0xx_hal_rcc_ex.o(.revsh_text), (4 bytes).
    Removing stm32f0xx_hal_rcc_ex.o(i.HAL_RCCEx_GetPeriphCLKConfig), (64 bytes).
    Removing stm32f0xx_hal_rcc_ex.o(i.HAL_RCCEx_GetPeriphCLKFreq), (392 bytes).
    Removing stm32f0xx_hal_rcc_ex.o(i.HAL_RCCEx_PeriphCLKConfig), (364 bytes).
    Removing stm32f0xx_hal_pwr.o(.rev16_text), (4 bytes).
    Removing stm32f0xx_hal_pwr.o(.revsh_text), (4 bytes).
    Removing stm32f0xx_hal_pwr.o(i.HAL_PWR_DeInit), (32 bytes).
    Removing stm32f0xx_hal_pwr.o(i.HAL_PWR_DisableBkUpAccess), (20 bytes).
    Removing stm32f0xx_hal_pwr.o(i.HAL_PWR_DisableSEVOnPend), (20 bytes).
    Removing stm32f0xx_hal_pwr.o(i.HAL_PWR_DisableSleepOnExit), (20 bytes).
    Removing stm32f0xx_hal_pwr.o(i.HAL_PWR_DisableWakeUpPin), (16 bytes).
    Removing stm32f0xx_hal_pwr.o(i.HAL_PWR_EnableBkUpAccess), (20 bytes).
    Removing stm32f0xx_hal_pwr.o(i.HAL_PWR_EnableSEVOnPend), (20 bytes).
    Removing stm32f0xx_hal_pwr.o(i.HAL_PWR_EnableSleepOnExit), (20 bytes).
    Removing stm32f0xx_hal_pwr.o(i.HAL_PWR_EnableWakeUpPin), (16 bytes).
    Removing stm32f0xx_hal_pwr.o(i.HAL_PWR_EnterSLEEPMode), (32 bytes).
    Removing stm32f0xx_hal_pwr.o(i.HAL_PWR_EnterSTANDBYMode), (40 bytes).
    Removing stm32f0xx_hal_pwr.o(i.HAL_PWR_EnterSTOPMode), (72 bytes).
    Removing stm32f0xx_hal_flash_ex.o(.rev16_text), (4 bytes).
    Removing stm32f0xx_hal_flash_ex.o(.revsh_text), (4 bytes).
    Removing stm32f0xx_hal_flash_ex.o(i.FLASH_MassErase), (40 bytes).
    Removing stm32f0xx_hal_flash_ex.o(i.FLASH_OB_DisableWRP), (228 bytes).
    Removing stm32f0xx_hal_flash_ex.o(i.FLASH_OB_EnableWRP), (232 bytes).
    Removing stm32f0xx_hal_flash_ex.o(i.FLASH_OB_GetRDP), (40 bytes).
    Removing stm32f0xx_hal_flash_ex.o(i.FLASH_OB_GetUser), (20 bytes).
    Removing stm32f0xx_hal_flash_ex.o(i.FLASH_OB_GetWRP), (12 bytes).
    Removing stm32f0xx_hal_flash_ex.o(i.FLASH_OB_ProgramData), (76 bytes).
    Removing stm32f0xx_hal_flash_ex.o(i.FLASH_OB_RDP_LevelConfig), (128 bytes).
    Removing stm32f0xx_hal_flash_ex.o(i.FLASH_OB_UserConfig), (84 bytes).
    Removing stm32f0xx_hal_flash_ex.o(i.FLASH_PageErase), (44 bytes).
    Removing stm32f0xx_hal_flash_ex.o(i.HAL_FLASHEx_Erase), (172 bytes).
    Removing stm32f0xx_hal_flash_ex.o(i.HAL_FLASHEx_Erase_IT), (104 bytes).
    Removing stm32f0xx_hal_flash_ex.o(i.HAL_FLASHEx_OBErase), (100 bytes).
    Removing stm32f0xx_hal_flash_ex.o(i.HAL_FLASHEx_OBGetConfig), (28 bytes).
    Removing stm32f0xx_hal_flash_ex.o(i.HAL_FLASHEx_OBGetUserData), (40 bytes).
    Removing stm32f0xx_hal_flash_ex.o(i.HAL_FLASHEx_OBProgram), (208 bytes).
    Removing stm32f0xx_hal.o(.rev16_text), (4 bytes).
    Removing stm32f0xx_hal.o(.revsh_text), (4 bytes).
    Removing stm32f0xx_hal.o(i.HAL_DBGMCU_DisableDBGStandbyMode), (20 bytes).
    Removing stm32f0xx_hal.o(i.HAL_DBGMCU_DisableDBGStopMode), (20 bytes).
    Removing stm32f0xx_hal.o(i.HAL_DBGMCU_EnableDBGStandbyMode), (20 bytes).
    Removing stm32f0xx_hal.o(i.HAL_DBGMCU_EnableDBGStopMode), (20 bytes).
    Removing stm32f0xx_hal.o(i.HAL_DeInit), (44 bytes).
    Removing stm32f0xx_hal.o(i.HAL_Delay), (26 bytes).
    Removing stm32f0xx_hal.o(i.HAL_GetDEVID), (16 bytes).
    Removing stm32f0xx_hal.o(i.HAL_GetHalVersion), (8 bytes).
    Removing stm32f0xx_hal.o(i.HAL_GetREVID), (12 bytes).
    Removing stm32f0xx_hal.o(i.HAL_MspDeInit), (2 bytes).
    Removing stm32f0xx_hal.o(i.HAL_MspInit), (2 bytes).
    Removing stm32f0xx_hal.o(i.HAL_ResumeTick), (20 bytes).
    Removing stm32f0xx_hal.o(i.HAL_SuspendTick), (20 bytes).
    Removing stm32f0xx_hal_cortex.o(.rev16_text), (4 bytes).
    Removing stm32f0xx_hal_cortex.o(.revsh_text), (4 bytes).
    Removing stm32f0xx_hal_cortex.o(i.HAL_NVIC_ClearPendingIRQ), (24 bytes).
    Removing stm32f0xx_hal_cortex.o(i.HAL_NVIC_DisableIRQ), (24 bytes).
    Removing stm32f0xx_hal_cortex.o(i.HAL_NVIC_GetPendingIRQ), (40 bytes).
    Removing stm32f0xx_hal_cortex.o(i.HAL_NVIC_GetPriority), (72 bytes).
    Removing stm32f0xx_hal_cortex.o(i.HAL_NVIC_SetPendingIRQ), (24 bytes).
    Removing stm32f0xx_hal_cortex.o(i.HAL_NVIC_SystemReset), (56 bytes).
    Removing stm32f0xx_hal_flash.o(.rev16_text), (4 bytes).
    Removing stm32f0xx_hal_flash.o(.revsh_text), (4 bytes).
    Removing stm32f0xx_hal_flash.o(i.FLASH_Program_HalfWord), (32 bytes).
    Removing stm32f0xx_hal_flash.o(i.FLASH_SetErrorCode), (72 bytes).
    Removing stm32f0xx_hal_flash.o(i.FLASH_WaitForLastOperation), (104 bytes).
    Removing stm32f0xx_hal_flash.o(i.HAL_FLASH_EndOfOperationCallback), (2 bytes).
    Removing stm32f0xx_hal_flash.o(i.HAL_FLASH_GetError), (12 bytes).
    Removing stm32f0xx_hal_flash.o(i.HAL_FLASH_IRQHandler), (396 bytes).
    Removing stm32f0xx_hal_flash.o(i.HAL_FLASH_Lock), (20 bytes).
    Removing stm32f0xx_hal_flash.o(i.HAL_FLASH_OB_Launch), (32 bytes).
    Removing stm32f0xx_hal_flash.o(i.HAL_FLASH_OB_Lock), (24 bytes).
    Removing stm32f0xx_hal_flash.o(i.HAL_FLASH_OB_Unlock), (48 bytes).
    Removing stm32f0xx_hal_flash.o(i.HAL_FLASH_OperationErrorCallback), (2 bytes).
    Removing stm32f0xx_hal_flash.o(i.HAL_FLASH_Program), (188 bytes).
    Removing stm32f0xx_hal_flash.o(i.HAL_FLASH_Program_IT), (120 bytes).
    Removing stm32f0xx_hal_flash.o(i.HAL_FLASH_Unlock), (44 bytes).
    Removing stm32f0xx_hal_flash.o(.bss), (32 bytes).
    Removing stm32f0xx_hal_rcc.o(.rev16_text), (4 bytes).
    Removing stm32f0xx_hal_rcc.o(.revsh_text), (4 bytes).
    Removing stm32f0xx_hal_rcc.o(i.HAL_RCC_CSSCallback), (2 bytes).
    Removing stm32f0xx_hal_rcc.o(i.HAL_RCC_DeInit), (88 bytes).
    Removing stm32f0xx_hal_rcc.o(i.HAL_RCC_DisableCSS), (20 bytes).
    Removing stm32f0xx_hal_rcc.o(i.HAL_RCC_EnableCSS), (20 bytes).
    Removing stm32f0xx_hal_rcc.o(i.HAL_RCC_GetClockConfig), (56 bytes).
    Removing stm32f0xx_hal_rcc.o(i.HAL_RCC_GetOscConfig), (244 bytes).
    Removing stm32f0xx_hal_rcc.o(i.HAL_RCC_GetPCLK1Freq), (36 bytes).
    Removing stm32f0xx_hal_rcc.o(i.HAL_RCC_MCOConfig), (112 bytes).
    Removing stm32f0xx_hal_rcc.o(i.HAL_RCC_NMI_IRQHandler), (32 bytes).
    Removing stm32f0xx_hal_uart.o(.rev16_text), (4 bytes).
    Removing stm32f0xx_hal_uart.o(.revsh_text), (4 bytes).
    Removing stm32f0xx_hal_uart.o(i.HAL_HalfDuplex_EnableReceiver), (74 bytes).
    Removing stm32f0xx_hal_uart.o(i.HAL_HalfDuplex_EnableTransmitter), (74 bytes).
    Removing stm32f0xx_hal_uart.o(i.HAL_HalfDuplex_Init), (120 bytes).
    Removing stm32f0xx_hal_uart.o(i.HAL_MultiProcessor_DisableMuteMode), (60 bytes).
    Removing stm32f0xx_hal_uart.o(i.HAL_MultiProcessor_EnableMuteMode), (60 bytes).
    Removing stm32f0xx_hal_uart.o(i.HAL_MultiProcessor_EnterMuteMode), (14 bytes).
    Removing stm32f0xx_hal_uart.o(i.HAL_MultiProcessor_Init), (164 bytes).
    Removing stm32f0xx_hal_uart.o(i.HAL_UART_Abort), (142 bytes).
    Removing stm32f0xx_hal_uart.o(i.HAL_UART_AbortCpltCallback), (2 bytes).
    Removing stm32f0xx_hal_uart.o(i.HAL_UART_AbortReceive), (92 bytes).
    Removing stm32f0xx_hal_uart.o(i.HAL_UART_AbortReceiveCpltCallback), (2 bytes).
    Removing stm32f0xx_hal_uart.o(i.HAL_UART_AbortReceive_IT), (140 bytes).
    Removing stm32f0xx_hal_uart.o(i.HAL_UART_AbortTransmit), (72 bytes).
    Removing stm32f0xx_hal_uart.o(i.HAL_UART_AbortTransmitCpltCallback), (2 bytes).
    Removing stm32f0xx_hal_uart.o(i.HAL_UART_AbortTransmit_IT), (116 bytes).
    Removing stm32f0xx_hal_uart.o(i.HAL_UART_Abort_IT), (244 bytes).
    Removing stm32f0xx_hal_uart.o(i.HAL_UART_DMAPause), (124 bytes).
    Removing stm32f0xx_hal_uart.o(i.HAL_UART_DMAResume), (110 bytes).
    Removing stm32f0xx_hal_uart.o(i.HAL_UART_DMAStop), (104 bytes).
    Removing stm32f0xx_hal_uart.o(i.HAL_UART_DeInit), (76 bytes).
    Removing stm32f0xx_hal_uart.o(i.HAL_UART_ErrorCallback), (2 bytes).
    Removing stm32f0xx_hal_uart.o(i.HAL_UART_GetError), (6 bytes).
    Removing stm32f0xx_hal_uart.o(i.HAL_UART_GetState), (20 bytes).
    Removing stm32f0xx_hal_uart.o(i.HAL_UART_IRQHandler), (404 bytes).
    Removing stm32f0xx_hal_uart.o(i.HAL_UART_Init), (130 bytes).
    Removing stm32f0xx_hal_uart.o(i.HAL_UART_MspDeInit), (2 bytes).
    Removing stm32f0xx_hal_uart.o(i.HAL_UART_MspInit), (2 bytes).
    Removing stm32f0xx_hal_uart.o(i.HAL_UART_Receive), (332 bytes).
    Removing stm32f0xx_hal_uart.o(i.HAL_UART_Receive_DMA), (204 bytes).
    Removing stm32f0xx_hal_uart.o(i.HAL_UART_Receive_IT), (236 bytes).
    Removing stm32f0xx_hal_uart.o(i.HAL_UART_RxCpltCallback), (2 bytes).
    Removing stm32f0xx_hal_uart.o(i.HAL_UART_RxHalfCpltCallback), (2 bytes).
    Removing stm32f0xx_hal_uart.o(i.HAL_UART_Transmit), (240 bytes).
    Removing stm32f0xx_hal_uart.o(i.HAL_UART_Transmit_DMA), (188 bytes).
    Removing stm32f0xx_hal_uart.o(i.HAL_UART_Transmit_IT), (124 bytes).
    Removing stm32f0xx_hal_uart.o(i.HAL_UART_TxCpltCallback), (2 bytes).
    Removing stm32f0xx_hal_uart.o(i.HAL_UART_TxHalfCpltCallback), (2 bytes).
    Removing stm32f0xx_hal_uart.o(i.UART_AdvFeatureConfig), (240 bytes).
    Removing stm32f0xx_hal_uart.o(i.UART_CheckIdleState), (30 bytes).
    Removing stm32f0xx_hal_uart.o(i.UART_DMAAbortOnError), (24 bytes).
    Removing stm32f0xx_hal_uart.o(i.UART_DMAError), (86 bytes).
    Removing stm32f0xx_hal_uart.o(i.UART_DMAReceiveCplt), (76 bytes).
    Removing stm32f0xx_hal_uart.o(i.UART_DMARxAbortCallback), (68 bytes).
    Removing stm32f0xx_hal_uart.o(i.UART_DMARxHalfCplt), (14 bytes).
    Removing stm32f0xx_hal_uart.o(i.UART_DMARxOnlyAbortCallback), (32 bytes).
    Removing stm32f0xx_hal_uart.o(i.UART_DMATransmitCplt), (58 bytes).
    Removing stm32f0xx_hal_uart.o(i.UART_DMATxAbortCallback), (68 bytes).
    Removing stm32f0xx_hal_uart.o(i.UART_DMATxHalfCplt), (14 bytes).
    Removing stm32f0xx_hal_uart.o(i.UART_DMATxOnlyAbortCallback), (26 bytes).
    Removing stm32f0xx_hal_uart.o(i.UART_EndRxTransfer), (34 bytes).
    Removing stm32f0xx_hal_uart.o(i.UART_EndTransmit_IT), (32 bytes).
    Removing stm32f0xx_hal_uart.o(i.UART_EndTxTransfer), (20 bytes).
    Removing stm32f0xx_hal_uart.o(i.UART_Receive_IT), (142 bytes).
    Removing stm32f0xx_hal_uart.o(i.UART_SetConfig), (516 bytes).
    Removing stm32f0xx_hal_uart.o(i.UART_Transmit_IT), (114 bytes).
    Removing stm32f0xx_hal_uart.o(i.UART_WaitOnFlagUntilTimeout), (112 bytes).
    Removing stm32f0xx_hal_uart_ex.o(.rev16_text), (4 bytes).
    Removing stm32f0xx_hal_uart_ex.o(.revsh_text), (4 bytes).
    Removing stm32f0xx_hal_uart_ex.o(i.HAL_MultiProcessorEx_AddressLength_Set), (66 bytes).
    Removing stm32f0xx_hal_uart_ex.o(i.HAL_RS485Ex_Init), (160 bytes).
    Removing stm32f0xx_hal_usart.o(.rev16_text), (4 bytes).
    Removing stm32f0xx_hal_usart.o(.revsh_text), (4 bytes).
    Removing stm32f0xx_hal_usart.o(i.HAL_USART_Abort), (134 bytes).
    Removing stm32f0xx_hal_usart.o(i.HAL_USART_AbortCpltCallback), (2 bytes).
    Removing stm32f0xx_hal_usart.o(i.HAL_USART_Abort_IT), (236 bytes).
    Removing stm32f0xx_hal_usart.o(i.HAL_USART_DMAPause), (156 bytes).
    Removing stm32f0xx_hal_usart.o(i.HAL_USART_DMAResume), (132 bytes).
    Removing stm32f0xx_hal_usart.o(i.HAL_USART_DMAStop), (68 bytes).
    Removing stm32f0xx_hal_usart.o(i.HAL_USART_DeInit), (60 bytes).
    Removing stm32f0xx_hal_usart.o(i.HAL_USART_ErrorCallback), (2 bytes).
    Removing stm32f0xx_hal_usart.o(i.HAL_USART_GetError), (6 bytes).
    Removing stm32f0xx_hal_usart.o(i.HAL_USART_GetState), (8 bytes).
    Removing stm32f0xx_hal_usart.o(i.HAL_USART_IRQHandler), (468 bytes).
    Removing stm32f0xx_hal_usart.o(i.HAL_USART_Init), (94 bytes).
    Removing stm32f0xx_hal_usart.o(i.HAL_USART_MspDeInit), (2 bytes).
    Removing stm32f0xx_hal_usart.o(i.HAL_USART_MspInit), (2 bytes).
    Removing stm32f0xx_hal_usart.o(i.HAL_USART_Receive), (340 bytes).
    Removing stm32f0xx_hal_usart.o(i.HAL_USART_Receive_DMA), (252 bytes).
    Removing stm32f0xx_hal_usart.o(i.HAL_USART_Receive_IT), (244 bytes).
    Removing stm32f0xx_hal_usart.o(i.HAL_USART_RxCpltCallback), (2 bytes).
    Removing stm32f0xx_hal_usart.o(i.HAL_USART_RxHalfCpltCallback), (2 bytes).
    Removing stm32f0xx_hal_usart.o(i.HAL_USART_Transmit), (230 bytes).
    Removing stm32f0xx_hal_usart.o(i.HAL_USART_TransmitReceive), (404 bytes).
    Removing stm32f0xx_hal_usart.o(i.HAL_USART_TransmitReceive_DMA), (288 bytes).
    Removing stm32f0xx_hal_usart.o(i.HAL_USART_TransmitReceive_IT), (252 bytes).
    Removing stm32f0xx_hal_usart.o(i.HAL_USART_Transmit_DMA), (184 bytes).
    Removing stm32f0xx_hal_usart.o(i.HAL_USART_Transmit_IT), (120 bytes).
    Removing stm32f0xx_hal_usart.o(i.HAL_USART_TxCpltCallback), (2 bytes).
    Removing stm32f0xx_hal_usart.o(i.HAL_USART_TxHalfCpltCallback), (2 bytes).
    Removing stm32f0xx_hal_usart.o(i.HAL_USART_TxRxCpltCallback), (2 bytes).
    Removing stm32f0xx_hal_usart.o(i.USART_CheckIdleState), (26 bytes).
    Removing stm32f0xx_hal_usart.o(i.USART_DMAAbortOnError), (20 bytes).
    Removing stm32f0xx_hal_usart.o(i.USART_DMAError), (40 bytes).
    Removing stm32f0xx_hal_usart.o(i.USART_DMAReceiveCplt), (122 bytes).
    Removing stm32f0xx_hal_usart.o(i.USART_DMARxAbortCallback), (58 bytes).
    Removing stm32f0xx_hal_usart.o(i.USART_DMARxHalfCplt), (14 bytes).
    Removing stm32f0xx_hal_usart.o(i.USART_DMATransmitCplt), (70 bytes).
    Removing stm32f0xx_hal_usart.o(i.USART_DMATxAbortCallback), (58 bytes).
    Removing stm32f0xx_hal_usart.o(i.USART_DMATxHalfCplt), (14 bytes).
    Removing stm32f0xx_hal_usart.o(i.USART_EndTransfer), (34 bytes).
    Removing stm32f0xx_hal_usart.o(i.USART_EndTransmit_IT), (44 bytes).
    Removing stm32f0xx_hal_usart.o(i.USART_Receive_IT), (134 bytes).
    Removing stm32f0xx_hal_usart.o(i.USART_SetConfig), (376 bytes).
    Removing stm32f0xx_hal_usart.o(i.USART_TransmitReceive_IT), (236 bytes).
    Removing stm32f0xx_hal_usart.o(i.USART_Transmit_IT), (108 bytes).
    Removing stm32f0xx_hal_usart.o(i.USART_WaitOnFlagUntilTimeout), (108 bytes).
    Removing stm32f0xx_hal_tim.o(.rev16_text), (4 bytes).
    Removing stm32f0xx_hal_tim.o(.revsh_text), (4 bytes).
    Removing stm32f0xx_hal_tim.o(i.HAL_TIM_Base_DeInit), (80 bytes).
    Removing stm32f0xx_hal_tim.o(i.HAL_TIM_Base_GetState), (8 bytes).
    Removing stm32f0xx_hal_tim.o(i.HAL_TIM_Base_MspDeInit), (2 bytes).
    Removing stm32f0xx_hal_tim.o(i.HAL_TIM_Base_Start), (30 bytes).
    Removing stm32f0xx_hal_tim.o(i.HAL_TIM_Base_Start_DMA), (108 bytes).
    Removing stm32f0xx_hal_tim.o(i.HAL_TIM_Base_Start_IT), (30 bytes).
    Removing stm32f0xx_hal_tim.o(i.HAL_TIM_Base_Stop), (64 bytes).
    Removing stm32f0xx_hal_tim.o(i.HAL_TIM_Base_Stop_DMA), (72 bytes).
    Removing stm32f0xx_hal_tim.o(i.HAL_TIM_Base_Stop_IT), (64 bytes).
    Removing stm32f0xx_hal_tim.o(i.HAL_TIM_ConfigClockSource), (318 bytes).
    Removing stm32f0xx_hal_tim.o(i.HAL_TIM_ConfigOCrefClear), (296 bytes).
    Removing stm32f0xx_hal_tim.o(i.HAL_TIM_ConfigTI1Input), (34 bytes).
    Removing stm32f0xx_hal_tim.o(i.HAL_TIM_DMABurst_ReadStart), (400 bytes).
    Removing stm32f0xx_hal_tim.o(i.HAL_TIM_DMABurst_ReadStop), (146 bytes).
    Removing stm32f0xx_hal_tim.o(i.HAL_TIM_DMABurst_WriteStart), (400 bytes).
    Removing stm32f0xx_hal_tim.o(i.HAL_TIM_DMABurst_WriteStop), (146 bytes).
    Removing stm32f0xx_hal_tim.o(i.HAL_TIM_Encoder_DeInit), (80 bytes).
    Removing stm32f0xx_hal_tim.o(i.HAL_TIM_Encoder_GetState), (8 bytes).
    Removing stm32f0xx_hal_tim.o(i.HAL_TIM_Encoder_Init), (196 bytes).
    Removing stm32f0xx_hal_tim.o(i.HAL_TIM_Encoder_MspDeInit), (2 bytes).
    Removing stm32f0xx_hal_tim.o(i.HAL_TIM_Encoder_MspInit), (2 bytes).
    Removing stm32f0xx_hal_tim.o(i.HAL_TIM_Encoder_Start), (80 bytes).
    Removing stm32f0xx_hal_tim.o(i.HAL_TIM_Encoder_Start_DMA), (336 bytes).
    Removing stm32f0xx_hal_tim.o(i.HAL_TIM_Encoder_Start_IT), (128 bytes).
    Removing stm32f0xx_hal_tim.o(i.HAL_TIM_Encoder_Stop), (112 bytes).
    Removing stm32f0xx_hal_tim.o(i.HAL_TIM_Encoder_Stop_DMA), (168 bytes).
    Removing stm32f0xx_hal_tim.o(i.HAL_TIM_Encoder_Stop_IT), (160 bytes).
    Removing stm32f0xx_hal_tim.o(i.HAL_TIM_ErrorCallback), (2 bytes).
    Removing stm32f0xx_hal_tim.o(i.HAL_TIM_GenerateEvent), (54 bytes).
    Removing stm32f0xx_hal_tim.o(i.HAL_TIM_IC_CaptureCallback), (2 bytes).
    Removing stm32f0xx_hal_tim.o(i.HAL_TIM_IC_ConfigChannel), (226 bytes).
    Removing stm32f0xx_hal_tim.o(i.HAL_TIM_IC_DeInit), (80 bytes).
    Removing stm32f0xx_hal_tim.o(i.HAL_TIM_IC_GetState), (8 bytes).
    Removing stm32f0xx_hal_tim.o(i.HAL_TIM_IC_Init), (56 bytes).
    Removing stm32f0xx_hal_tim.o(i.HAL_TIM_IC_MspDeInit), (2 bytes).
    Removing stm32f0xx_hal_tim.o(i.HAL_TIM_IC_MspInit), (2 bytes).
    Removing stm32f0xx_hal_tim.o(i.HAL_TIM_IC_Start), (32 bytes).
    Removing stm32f0xx_hal_tim.o(i.HAL_TIM_IC_Start_DMA), (276 bytes).
    Removing stm32f0xx_hal_tim.o(i.HAL_TIM_IC_Start_IT), (110 bytes).
    Removing stm32f0xx_hal_tim.o(i.HAL_TIM_IC_Stop), (64 bytes).
    Removing stm32f0xx_hal_tim.o(i.HAL_TIM_IC_Stop_DMA), (156 bytes).
    Removing stm32f0xx_hal_tim.o(i.HAL_TIM_IC_Stop_IT), (144 bytes).
    Removing stm32f0xx_hal_tim.o(i.HAL_TIM_IRQHandler), (456 bytes).
    Removing stm32f0xx_hal_tim.o(i.HAL_TIM_OC_ConfigChannel), (118 bytes).
    Removing stm32f0xx_hal_tim.o(i.HAL_TIM_OC_DeInit), (80 bytes).
    Removing stm32f0xx_hal_tim.o(i.HAL_TIM_OC_DelayElapsedCallback), (2 bytes).
    Removing stm32f0xx_hal_tim.o(i.HAL_TIM_OC_GetState), (8 bytes).
    Removing stm32f0xx_hal_tim.o(i.HAL_TIM_OC_Init), (56 bytes).
    Removing stm32f0xx_hal_tim.o(i.HAL_TIM_OC_MspDeInit), (2 bytes).
    Removing stm32f0xx_hal_tim.o(i.HAL_TIM_OC_MspInit), (2 bytes).
    Removing stm32f0xx_hal_tim.o(i.HAL_TIM_OC_Start), (104 bytes).
    Removing stm32f0xx_hal_tim.o(i.HAL_TIM_OC_Start_DMA), (348 bytes).
    Removing stm32f0xx_hal_tim.o(i.HAL_TIM_OC_Start_IT), (184 bytes).
    Removing stm32f0xx_hal_tim.o(i.HAL_TIM_OC_Stop), (164 bytes).
    Removing stm32f0xx_hal_tim.o(i.HAL_TIM_OC_Stop_DMA), (256 bytes).
    Removing stm32f0xx_hal_tim.o(i.HAL_TIM_OC_Stop_IT), (244 bytes).
    Removing stm32f0xx_hal_tim.o(i.HAL_TIM_OnePulse_ConfigChannel), (298 bytes).
    Removing stm32f0xx_hal_tim.o(i.HAL_TIM_OnePulse_DeInit), (80 bytes).
    Removing stm32f0xx_hal_tim.o(i.HAL_TIM_OnePulse_GetState), (8 bytes).
    Removing stm32f0xx_hal_tim.o(i.HAL_TIM_OnePulse_Init), (80 bytes).
    Removing stm32f0xx_hal_tim.o(i.HAL_TIM_OnePulse_MspDeInit), (2 bytes).
    Removing stm32f0xx_hal_tim.o(i.HAL_TIM_OnePulse_MspInit), (2 bytes).
    Removing stm32f0xx_hal_tim.o(i.HAL_TIM_OnePulse_Start), (104 bytes).
    Removing stm32f0xx_hal_tim.o(i.HAL_TIM_OnePulse_Start_IT), (128 bytes).
    Removing stm32f0xx_hal_tim.o(i.HAL_TIM_OnePulse_Stop), (176 bytes).
    Removing stm32f0xx_hal_tim.o(i.HAL_TIM_OnePulse_Stop_IT), (200 bytes).
    Removing stm32f0xx_hal_tim.o(i.HAL_TIM_PWM_DeInit), (80 bytes).
    Removing stm32f0xx_hal_tim.o(i.HAL_TIM_PWM_GetState), (8 bytes).
    Removing stm32f0xx_hal_tim.o(i.HAL_TIM_PWM_Init), (56 bytes).
    Removing stm32f0xx_hal_tim.o(i.HAL_TIM_PWM_MspDeInit), (2 bytes).
    Removing stm32f0xx_hal_tim.o(i.HAL_TIM_PWM_MspInit), (2 bytes).
    Removing stm32f0xx_hal_tim.o(i.HAL_TIM_PWM_PulseFinishedCallback), (2 bytes).
    Removing stm32f0xx_hal_tim.o(i.HAL_TIM_PWM_Start_DMA), (348 bytes).
    Removing stm32f0xx_hal_tim.o(i.HAL_TIM_PWM_Start_IT), (184 bytes).
    Removing stm32f0xx_hal_tim.o(i.HAL_TIM_PWM_Stop), (172 bytes).
    Removing stm32f0xx_hal_tim.o(i.HAL_TIM_PWM_Stop_DMA), (256 bytes).
    Removing stm32f0xx_hal_tim.o(i.HAL_TIM_PWM_Stop_IT), (244 bytes).
    Removing stm32f0xx_hal_tim.o(i.HAL_TIM_PeriodElapsedCallback), (2 bytes).
    Removing stm32f0xx_hal_tim.o(i.HAL_TIM_ReadCapturedValue), (88 bytes).
    Removing stm32f0xx_hal_tim.o(i.HAL_TIM_SlaveConfigSynchronization), (88 bytes).
    Removing stm32f0xx_hal_tim.o(i.HAL_TIM_SlaveConfigSynchronization_IT), (88 bytes).
    Removing stm32f0xx_hal_tim.o(i.HAL_TIM_TriggerCallback), (2 bytes).
    Removing stm32f0xx_hal_tim.o(i.TIM_DMACaptureCplt), (70 bytes).
    Removing stm32f0xx_hal_tim.o(i.TIM_DMADelayPulseCplt), (70 bytes).
    Removing stm32f0xx_hal_tim.o(i.TIM_DMAError), (20 bytes).
    Removing stm32f0xx_hal_tim.o(i.TIM_DMAPeriodElapsedCplt), (20 bytes).
    Removing stm32f0xx_hal_tim.o(i.TIM_DMATriggerCplt), (20 bytes).
    Removing stm32f0xx_hal_tim.o(i.TIM_ETR_SetConfig), (30 bytes).
    Removing stm32f0xx_hal_tim.o(i.TIM_ITRx_SetConfig), (26 bytes).
    Removing stm32f0xx_hal_tim.o(i.TIM_SlaveTimer_SetConfig), (172 bytes).
    Removing stm32f0xx_hal_tim.o(i.TIM_TI1_ConfigInputStage), (54 bytes).
    Removing stm32f0xx_hal_tim.o(i.TIM_TI1_SetConfig), (112 bytes).
    Removing stm32f0xx_hal_tim.o(i.TIM_TI2_ConfigInputStage), (54 bytes).
    Removing stm32f0xx_hal_tim.o(i.TIM_TI2_SetConfig), (76 bytes).
    Removing stm32f0xx_hal_tim.o(i.TIM_TI3_SetConfig), (74 bytes).
    Removing stm32f0xx_hal_tim.o(i.TIM_TI4_SetConfig), (82 bytes).
    Removing stm32f0xx_hal_tim_ex.o(.rev16_text), (4 bytes).
    Removing stm32f0xx_hal_tim_ex.o(.revsh_text), (4 bytes).
    Removing stm32f0xx_hal_tim_ex.o(i.HAL_TIMEx_BreakCallback), (2 bytes).
    Removing stm32f0xx_hal_tim_ex.o(i.HAL_TIMEx_CommutationCallback), (2 bytes).
    Removing stm32f0xx_hal_tim_ex.o(i.HAL_TIMEx_ConfigBreakDeadTime), (166 bytes).
    Removing stm32f0xx_hal_tim_ex.o(i.HAL_TIMEx_ConfigCommutationEvent), (112 bytes).
    Removing stm32f0xx_hal_tim_ex.o(i.HAL_TIMEx_ConfigCommutationEvent_DMA), (148 bytes).
    Removing stm32f0xx_hal_tim_ex.o(i.HAL_TIMEx_ConfigCommutationEvent_IT), (124 bytes).
    Removing stm32f0xx_hal_tim_ex.o(i.HAL_TIMEx_HallSensor_DeInit), (80 bytes).
    Removing stm32f0xx_hal_tim_ex.o(i.HAL_TIMEx_HallSensor_GetState), (8 bytes).
    Removing stm32f0xx_hal_tim_ex.o(i.HAL_TIMEx_HallSensor_Init), (212 bytes).
    Removing stm32f0xx_hal_tim_ex.o(i.HAL_TIMEx_HallSensor_MspDeInit), (2 bytes).
    Removing stm32f0xx_hal_tim_ex.o(i.HAL_TIMEx_HallSensor_MspInit), (2 bytes).
    Removing stm32f0xx_hal_tim_ex.o(i.HAL_TIMEx_HallSensor_Start), (30 bytes).
    Removing stm32f0xx_hal_tim_ex.o(i.HAL_TIMEx_HallSensor_Start_DMA), (120 bytes).
    Removing stm32f0xx_hal_tim_ex.o(i.HAL_TIMEx_HallSensor_Start_IT), (42 bytes).
    Removing stm32f0xx_hal_tim_ex.o(i.HAL_TIMEx_HallSensor_Stop), (64 bytes).
    Removing stm32f0xx_hal_tim_ex.o(i.HAL_TIMEx_HallSensor_Stop_DMA), (76 bytes).
    Removing stm32f0xx_hal_tim_ex.o(i.HAL_TIMEx_HallSensor_Stop_IT), (76 bytes).
    Removing stm32f0xx_hal_tim_ex.o(i.HAL_TIMEx_MasterConfigSynchronization), (98 bytes).
    Removing stm32f0xx_hal_tim_ex.o(i.HAL_TIMEx_OCN_Start), (46 bytes).
    Removing stm32f0xx_hal_tim_ex.o(i.HAL_TIMEx_OCN_Start_DMA), (292 bytes).
    Removing stm32f0xx_hal_tim_ex.o(i.HAL_TIMEx_OCN_Start_IT), (136 bytes).
    Removing stm32f0xx_hal_tim_ex.o(i.HAL_TIMEx_OCN_Stop), (108 bytes).
    Removing stm32f0xx_hal_tim_ex.o(i.HAL_TIMEx_OCN_Stop_DMA), (200 bytes).
    Removing stm32f0xx_hal_tim_ex.o(i.HAL_TIMEx_OCN_Stop_IT), (216 bytes).
    Removing stm32f0xx_hal_tim_ex.o(i.HAL_TIMEx_OnePulseN_Start), (34 bytes).
    Removing stm32f0xx_hal_tim_ex.o(i.HAL_TIMEx_OnePulseN_Start_IT), (58 bytes).
    Removing stm32f0xx_hal_tim_ex.o(i.HAL_TIMEx_OnePulseN_Stop), (108 bytes).
    Removing stm32f0xx_hal_tim_ex.o(i.HAL_TIMEx_OnePulseN_Stop_IT), (132 bytes).
    Removing stm32f0xx_hal_tim_ex.o(i.HAL_TIMEx_PWMN_Start), (46 bytes).
    Removing stm32f0xx_hal_tim_ex.o(i.HAL_TIMEx_PWMN_Start_DMA), (292 bytes).
    Removing stm32f0xx_hal_tim_ex.o(i.HAL_TIMEx_PWMN_Start_IT), (136 bytes).
    Removing stm32f0xx_hal_tim_ex.o(i.HAL_TIMEx_PWMN_Stop), (108 bytes).
    Removing stm32f0xx_hal_tim_ex.o(i.HAL_TIMEx_PWMN_Stop_DMA), (200 bytes).
    Removing stm32f0xx_hal_tim_ex.o(i.HAL_TIMEx_PWMN_Stop_IT), (216 bytes).
    Removing stm32f0xx_hal_tim_ex.o(i.HAL_TIMEx_RemapConfig), (46 bytes).
    Removing stm32f0xx_hal_tim_ex.o(i.TIMEx_DMACommutationCplt), (20 bytes).
    Removing stm32f0xx_hal_tim_ex.o(i.TIM_CCxNChannelCmd), (28 bytes).
    Removing stm32f0xx_hal_spi.o(.rev16_text), (4 bytes).
    Removing stm32f0xx_hal_spi.o(.revsh_text), (4 bytes).
    Removing stm32f0xx_hal_spi.o(i.HAL_SPI_Abort), (388 bytes).
    Removing stm32f0xx_hal_spi.o(i.HAL_SPI_AbortCpltCallback), (2 bytes).
    Removing stm32f0xx_hal_spi.o(i.HAL_SPI_Abort_IT), (404 bytes).
    Removing stm32f0xx_hal_spi.o(i.HAL_SPI_DMAPause), (50 bytes).
    Removing stm32f0xx_hal_spi.o(i.HAL_SPI_DMAResume), (50 bytes).
    Removing stm32f0xx_hal_spi.o(i.HAL_SPI_DMAStop), (50 bytes).
    Removing stm32f0xx_hal_spi.o(i.HAL_SPI_DeInit), (58 bytes).
    Removing stm32f0xx_hal_spi.o(i.HAL_SPI_ErrorCallback), (2 bytes).
    Removing stm32f0xx_hal_spi.o(i.HAL_SPI_GetError), (6 bytes).
    Removing stm32f0xx_hal_spi.o(i.HAL_SPI_GetState), (8 bytes).
    Removing stm32f0xx_hal_spi.o(i.HAL_SPI_IRQHandler), (344 bytes).
    Removing stm32f0xx_hal_spi.o(i.HAL_SPI_MspDeInit), (2 bytes).
    Removing stm32f0xx_hal_spi.o(i.HAL_SPI_Receive), (432 bytes).
    Removing stm32f0xx_hal_spi.o(i.HAL_SPI_Receive_DMA), (408 bytes).
    Removing stm32f0xx_hal_spi.o(i.HAL_SPI_Receive_IT), (252 bytes).
    Removing stm32f0xx_hal_spi.o(i.HAL_SPI_RxCpltCallback), (2 bytes).
    Removing stm32f0xx_hal_spi.o(i.HAL_SPI_RxHalfCpltCallback), (2 bytes).
    Removing stm32f0xx_hal_spi.o(i.HAL_SPI_Transmit), (462 bytes).
    Removing stm32f0xx_hal_spi.o(i.HAL_SPI_TransmitReceive), (698 bytes).
    Removing stm32f0xx_hal_spi.o(i.HAL_SPI_TransmitReceive_DMA), (548 bytes).
    Removing stm32f0xx_hal_spi.o(i.HAL_SPI_TransmitReceive_IT), (264 bytes).
    Removing stm32f0xx_hal_spi.o(i.HAL_SPI_Transmit_DMA), (320 bytes).
    Removing stm32f0xx_hal_spi.o(i.HAL_SPI_Transmit_IT), (184 bytes).
    Removing stm32f0xx_hal_spi.o(i.HAL_SPI_TxCpltCallback), (2 bytes).
    Removing stm32f0xx_hal_spi.o(i.HAL_SPI_TxHalfCpltCallback), (2 bytes).
    Removing stm32f0xx_hal_spi.o(i.HAL_SPI_TxRxCpltCallback), (2 bytes).
    Removing stm32f0xx_hal_spi.o(i.HAL_SPI_TxRxHalfCpltCallback), (2 bytes).
    Removing stm32f0xx_hal_spi.o(i.SPI_2linesRxISR_16BIT), (62 bytes).
    Removing stm32f0xx_hal_spi.o(i.SPI_2linesRxISR_8BIT), (118 bytes).
    Removing stm32f0xx_hal_spi.o(i.SPI_2linesTxISR_16BIT), (58 bytes).
    Removing stm32f0xx_hal_spi.o(i.SPI_2linesTxISR_8BIT), (84 bytes).
    Removing stm32f0xx_hal_spi.o(i.SPI_AbortRx_ISR), (108 bytes).
    Removing stm32f0xx_hal_spi.o(i.SPI_AbortTx_ISR), (104 bytes).
    Removing stm32f0xx_hal_spi.o(i.SPI_CloseRxTx_ISR), (102 bytes).
    Removing stm32f0xx_hal_spi.o(i.SPI_CloseRx_ISR), (72 bytes).
    Removing stm32f0xx_hal_spi.o(i.SPI_CloseTx_ISR), (100 bytes).
    Removing stm32f0xx_hal_spi.o(i.SPI_DMAAbortOnError), (24 bytes).
    Removing stm32f0xx_hal_spi.o(i.SPI_DMAError), (40 bytes).
    Removing stm32f0xx_hal_spi.o(i.SPI_DMAHalfReceiveCplt), (14 bytes).
    Removing stm32f0xx_hal_spi.o(i.SPI_DMAHalfTransmitCplt), (14 bytes).
    Removing stm32f0xx_hal_spi.o(i.SPI_DMAHalfTransmitReceiveCplt), (14 bytes).
    Removing stm32f0xx_hal_spi.o(i.SPI_DMAReceiveCplt), (102 bytes).
    Removing stm32f0xx_hal_spi.o(i.SPI_DMARxAbortCallback), (184 bytes).
    Removing stm32f0xx_hal_spi.o(i.SPI_DMATransmitCplt), (130 bytes).
    Removing stm32f0xx_hal_spi.o(i.SPI_DMATransmitReceiveCplt), (110 bytes).
    Removing stm32f0xx_hal_spi.o(i.SPI_DMATxAbortCallback), (180 bytes).
    Removing stm32f0xx_hal_spi.o(i.SPI_EndRxTransaction), (142 bytes).
    Removing stm32f0xx_hal_spi.o(i.SPI_EndRxTxTransaction), (74 bytes).
    Removing stm32f0xx_hal_spi.o(i.SPI_RxISR_16BIT), (44 bytes).
    Removing stm32f0xx_hal_spi.o(i.SPI_RxISR_8BIT), (42 bytes).
    Removing stm32f0xx_hal_spi.o(i.SPI_TxISR_16BIT), (38 bytes).
    Removing stm32f0xx_hal_spi.o(i.SPI_TxISR_8BIT), (36 bytes).
    Removing stm32f0xx_hal_spi.o(i.SPI_WaitFifoStateUntilTimeout), (188 bytes).
    Removing stm32f0xx_hal_spi.o(i.SPI_WaitFlagStateUntilTimeout), (176 bytes).
    Removing stm32f0xx_hal_spi_ex.o(.rev16_text), (4 bytes).
    Removing stm32f0xx_hal_spi_ex.o(.revsh_text), (4 bytes).
    Removing stm32f0xx_hal_spi_ex.o(i.HAL_SPIEx_FlushRxFifo), (46 bytes).
    Removing stm32f0xx_hal_msp.o(.rev16_text), (4 bytes).
    Removing stm32f0xx_hal_msp.o(.revsh_text), (4 bytes).
    Removing main.o(.rev16_text), (4 bytes).
    Removing main.o(.revsh_text), (4 bytes).
    Removing stm32f0xx_it.o(.rev16_text), (4 bytes).
    Removing stm32f0xx_it.o(.revsh_text), (4 bytes).
    Removing cmd.o(.rev16_text), (4 bytes).
    Removing cmd.o(.revsh_text), (4 bytes).
    Removing cmd.o(i.AddAckPacket), (76 bytes).
    Removing cmd.o(i.CmdAddSendPacket), (52 bytes).
    Removing cmd.o(i.CmdAnalysisPacket), (52 bytes).
    Removing cmd.o(i.CmdCheckSum), (26 bytes).
    Removing cmd.o(i.CmdGetSendData), (84 bytes).
    Removing cmd.o(i.CmdInit), (24 bytes).
    Removing cmd.o(i.CmdPacketCheck), (36 bytes).
    Removing cmd.o(i.CmdUpdate), (268 bytes).
    Removing cmd.o(i.readSensor), (52 bytes).
    Removing cmd.o(i.runModule), (346 bytes).
    Removing cmd.o(.bss), (488 bytes).
    Removing cmd.o(.data), (4 bytes).
    Removing uart.o(.rev16_text), (4 bytes).
    Removing uart.o(.revsh_text), (4 bytes).
    Removing uart.o(i.UartDataLength), (32 bytes).
    Removing uart.o(i.UartInit), (328 bytes).
    Removing uart.o(i.UartReadData), (160 bytes).
    Removing uart.o(i.UartWriteData), (304 bytes).
    Removing motor.o(.rev16_text), (4 bytes).
    Removing motor.o(.revsh_text), (4 bytes).
    Removing motor.o(i.GetCurAverageSpeed), (28 bytes).
    Removing motor.o(i.GetMotorPwm), (20 bytes).
    Removing motor.o(i.GetMotorSpeed), (20 bytes).
    Removing motor.o(i.GetOneMotorPwm), (16 bytes).
    Removing motor.o(i.GetOneMotorSpeed), (16 bytes).
    Removing motor.o(i.SetMotorPwm), (24 bytes).
    Removing motor.o(i.SetMotorSpeed), (24 bytes).
    Removing motor.o(i.SetOneMotorSpeed), (24 bytes).
    Removing rgbled.o(.rev16_text), (4 bytes).
    Removing rgbled.o(.revsh_text), (4 bytes).
    Removing rgbled.o(i.SetAllRgbLed), (24 bytes).
    Removing system_stm32f0xx.o(.rev16_text), (4 bytes).
    Removing system_stm32f0xx.o(.revsh_text), (4 bytes).
    Removing system_stm32f0xx.o(i.SystemCoreClockUpdate), (184 bytes).
    Removing startup_stm32f070xb.o(HEAP), (512 bytes).

538 unused section(s) (total 53468 bytes) removed from the image.

==============================================================================

Image Symbol Table

    Local Symbols

    Symbol Name                              Value     Ov Type        Size  Object(Section)

    ../Drivers/STM32F0xx_HAL_Driver/Src/stm32f0xx_hal.c 0x00000000   Number         0  stm32f0xx_hal.o ABSOLUTE
    ../Drivers/STM32F0xx_HAL_Driver/Src/stm32f0xx_hal_cortex.c 0x00000000   Number         0  stm32f0xx_hal_cortex.o ABSOLUTE
    ../Drivers/STM32F0xx_HAL_Driver/Src/stm32f0xx_hal_dma.c 0x00000000   Number         0  stm32f0xx_hal_dma.o ABSOLUTE
    ../Drivers/STM32F0xx_HAL_Driver/Src/stm32f0xx_hal_flash.c 0x00000000   Number         0  stm32f0xx_hal_flash.o ABSOLUTE
    ../Drivers/STM32F0xx_HAL_Driver/Src/stm32f0xx_hal_flash_ex.c 0x00000000   Number         0  stm32f0xx_hal_flash_ex.o ABSOLUTE
    ../Drivers/STM32F0xx_HAL_Driver/Src/stm32f0xx_hal_gpio.c 0x00000000   Number         0  stm32f0xx_hal_gpio.o ABSOLUTE
    ../Drivers/STM32F0xx_HAL_Driver/Src/stm32f0xx_hal_i2c.c 0x00000000   Number         0  stm32f0xx_hal_i2c.o ABSOLUTE
    ../Drivers/STM32F0xx_HAL_Driver/Src/stm32f0xx_hal_i2c_ex.c 0x00000000   Number         0  stm32f0xx_hal_i2c_ex.o ABSOLUTE
    ../Drivers/STM32F0xx_HAL_Driver/Src/stm32f0xx_hal_pwr.c 0x00000000   Number         0  stm32f0xx_hal_pwr.o ABSOLUTE
    ../Drivers/STM32F0xx_HAL_Driver/Src/stm32f0xx_hal_pwr_ex.c 0x00000000   Number         0  stm32f0xx_hal_pwr_ex.o ABSOLUTE
    ../Drivers/STM32F0xx_HAL_Driver/Src/stm32f0xx_hal_rcc.c 0x00000000   Number         0  stm32f0xx_hal_rcc.o ABSOLUTE
    ../Drivers/STM32F0xx_HAL_Driver/Src/stm32f0xx_hal_rcc_ex.c 0x00000000   Number         0  stm32f0xx_hal_rcc_ex.o ABSOLUTE
    ../Src/main.c                            0x00000000   Number         0  main.o ABSOLUTE
    ../Src/stm32f0xx_hal_msp.c               0x00000000   Number         0  stm32f0xx_hal_msp.o ABSOLUTE
    ../Src/stm32f0xx_it.c                    0x00000000   Number         0  stm32f0xx_it.o ABSOLUTE
    ../Src/system_stm32f0xx.c                0x00000000   Number         0  system_stm32f0xx.o ABSOLUTE
    ../clib/microlib/division.c              0x00000000   Number         0  uidiv.o ABSOLUTE
    ../clib/microlib/init/entry.s            0x00000000   Number         0  entry11b.o ABSOLUTE
    ../clib/microlib/init/entry.s            0x00000000   Number         0  entry11a.o ABSOLUTE
    ../clib/microlib/init/entry.s            0x00000000   Number         0  entry10b.o ABSOLUTE
    ../clib/microlib/init/entry.s            0x00000000   Number         0  entry9b.o ABSOLUTE
    ../clib/microlib/init/entry.s            0x00000000   Number         0  entry10a.o ABSOLUTE
    ../clib/microlib/init/entry.s            0x00000000   Number         0  entry.o ABSOLUTE
    ../clib/microlib/init/entry.s            0x00000000   Number         0  entry2.o ABSOLUTE
    ../clib/microlib/init/entry.s            0x00000000   Number         0  entry5.o ABSOLUTE
    ../clib/microlib/init/entry.s            0x00000000   Number         0  entry7a.o ABSOLUTE
    ../clib/microlib/init/entry.s            0x00000000   Number         0  entry7b.o ABSOLUTE
    ../clib/microlib/init/entry.s            0x00000000   Number         0  entry8a.o ABSOLUTE
    ../clib/microlib/init/entry.s            0x00000000   Number         0  entry8b.o ABSOLUTE
    ../clib/microlib/init/entry.s            0x00000000   Number         0  entry9a.o ABSOLUTE
    ../clib/microlib/longlong.c              0x00000000   Number         0  llushr.o ABSOLUTE
    ../clib/microlib/string/memcpy.c         0x00000000   Number         0  memcpyb.o ABSOLUTE
    ../clib/microlib/string/memcpy.c         0x00000000   Number         0  memcpya.o ABSOLUTE
    ../clib/microlib/string/memset.c         0x00000000   Number         0  memseta.o ABSOLUTE
    ../clib/microlib/stubs.s                 0x00000000   Number         0  iusefp.o ABSOLUTE
    ../fplib/microlib/fpadd.c                0x00000000   Number         0  fadd.o ABSOLUTE
    ../fplib/microlib/fpdiv.c                0x00000000   Number         0  fdiv.o ABSOLUTE
    ../fplib/microlib/fpepilogue.c           0x00000000   Number         0  fepilogue.o ABSOLUTE
    ../fplib/microlib/fpfix.c                0x00000000   Number         0  ffixi.o ABSOLUTE
    ../fplib/microlib/fpflt.c                0x00000000   Number         0  fflti.o ABSOLUTE
    ../fplib/microlib/fpmul.c                0x00000000   Number         0  fmul.o ABSOLUTE
    ..\Drivers\STM32F0xx_HAL_Driver\Src\stm32f0xx_hal.c 0x00000000   Number         0  stm32f0xx_hal.o ABSOLUTE
    ..\Drivers\STM32F0xx_HAL_Driver\Src\stm32f0xx_hal_cortex.c 0x00000000   Number         0  stm32f0xx_hal_cortex.o ABSOLUTE
    ..\Drivers\STM32F0xx_HAL_Driver\Src\stm32f0xx_hal_dma.c 0x00000000   Number         0  stm32f0xx_hal_dma.o ABSOLUTE
    ..\Drivers\STM32F0xx_HAL_Driver\Src\stm32f0xx_hal_flash.c 0x00000000   Number         0  stm32f0xx_hal_flash.o ABSOLUTE
    ..\Drivers\STM32F0xx_HAL_Driver\Src\stm32f0xx_hal_flash_ex.c 0x00000000   Number         0  stm32f0xx_hal_flash_ex.o ABSOLUTE
    ..\Drivers\STM32F0xx_HAL_Driver\Src\stm32f0xx_hal_gpio.c 0x00000000   Number         0  stm32f0xx_hal_gpio.o ABSOLUTE
    ..\Drivers\STM32F0xx_HAL_Driver\Src\stm32f0xx_hal_i2c.c 0x00000000   Number         0  stm32f0xx_hal_i2c.o ABSOLUTE
    ..\Drivers\STM32F0xx_HAL_Driver\Src\stm32f0xx_hal_i2c_ex.c 0x00000000   Number         0  stm32f0xx_hal_i2c_ex.o ABSOLUTE
    ..\Drivers\STM32F0xx_HAL_Driver\Src\stm32f0xx_hal_pwr.c 0x00000000   Number         0  stm32f0xx_hal_pwr.o ABSOLUTE
    ..\Drivers\STM32F0xx_HAL_Driver\Src\stm32f0xx_hal_pwr_ex.c 0x00000000   Number         0  stm32f0xx_hal_pwr_ex.o ABSOLUTE
    ..\Drivers\STM32F0xx_HAL_Driver\Src\stm32f0xx_hal_rcc.c 0x00000000   Number         0  stm32f0xx_hal_rcc.o ABSOLUTE
    ..\Drivers\STM32F0xx_HAL_Driver\Src\stm32f0xx_hal_rcc_ex.c 0x00000000   Number         0  stm32f0xx_hal_rcc_ex.o ABSOLUTE
    ..\Drivers\STM32F0xx_HAL_Driver\Src\stm32f0xx_hal_spi.c 0x00000000   Number         0  stm32f0xx_hal_spi.o ABSOLUTE
    ..\Drivers\STM32F0xx_HAL_Driver\Src\stm32f0xx_hal_spi_ex.c 0x00000000   Number         0  stm32f0xx_hal_spi_ex.o ABSOLUTE
    ..\Drivers\STM32F0xx_HAL_Driver\Src\stm32f0xx_hal_tim.c 0x00000000   Number         0  stm32f0xx_hal_tim.o ABSOLUTE
    ..\Drivers\STM32F0xx_HAL_Driver\Src\stm32f0xx_hal_tim_ex.c 0x00000000   Number         0  stm32f0xx_hal_tim_ex.o ABSOLUTE
    ..\Drivers\STM32F0xx_HAL_Driver\Src\stm32f0xx_hal_uart.c 0x00000000   Number         0  stm32f0xx_hal_uart.o ABSOLUTE
    ..\Drivers\STM32F0xx_HAL_Driver\Src\stm32f0xx_hal_uart_ex.c 0x00000000   Number         0  stm32f0xx_hal_uart_ex.o ABSOLUTE
    ..\Drivers\STM32F0xx_HAL_Driver\Src\stm32f0xx_hal_usart.c 0x00000000   Number         0  stm32f0xx_hal_usart.o ABSOLUTE
    ..\Src\cmd.c                             0x00000000   Number         0  cmd.o ABSOLUTE
    ..\Src\main.c                            0x00000000   Number         0  main.o ABSOLUTE
    ..\Src\motor.c                           0x00000000   Number         0  motor.o ABSOLUTE
    ..\Src\rgbled.c                          0x00000000   Number         0  rgbled.o ABSOLUTE
    ..\Src\stm32f0xx_hal_msp.c               0x00000000   Number         0  stm32f0xx_hal_msp.o ABSOLUTE
    ..\Src\stm32f0xx_it.c                    0x00000000   Number         0  stm32f0xx_it.o ABSOLUTE
    ..\Src\system_stm32f0xx.c                0x00000000   Number         0  system_stm32f0xx.o ABSOLUTE
    ..\Src\uart.c                            0x00000000   Number         0  uart.o ABSOLUTE
    ..\\Drivers\\STM32F0xx_HAL_Driver\\Src\\stm32f0xx_hal_spi.c 0x00000000   Number         0  stm32f0xx_hal_spi.o ABSOLUTE
    ..\\Drivers\\STM32F0xx_HAL_Driver\\Src\\stm32f0xx_hal_spi_ex.c 0x00000000   Number         0  stm32f0xx_hal_spi_ex.o ABSOLUTE
    ..\\Drivers\\STM32F0xx_HAL_Driver\\Src\\stm32f0xx_hal_tim.c 0x00000000   Number         0  stm32f0xx_hal_tim.o ABSOLUTE
    ..\\Drivers\\STM32F0xx_HAL_Driver\\Src\\stm32f0xx_hal_tim_ex.c 0x00000000   Number         0  stm32f0xx_hal_tim_ex.o ABSOLUTE
    ..\\Drivers\\STM32F0xx_HAL_Driver\\Src\\stm32f0xx_hal_uart.c 0x00000000   Number         0  stm32f0xx_hal_uart.o ABSOLUTE
    ..\\Drivers\\STM32F0xx_HAL_Driver\\Src\\stm32f0xx_hal_uart_ex.c 0x00000000   Number         0  stm32f0xx_hal_uart_ex.o ABSOLUTE
    ..\\Drivers\\STM32F0xx_HAL_Driver\\Src\\stm32f0xx_hal_usart.c 0x00000000   Number         0  stm32f0xx_hal_usart.o ABSOLUTE
    ..\\Src\\cmd.c                           0x00000000   Number         0  cmd.o ABSOLUTE
    ..\\Src\\motor.c                         0x00000000   Number         0  motor.o ABSOLUTE
    ..\\Src\\rgbled.c                        0x00000000   Number         0  rgbled.o ABSOLUTE
    ..\\Src\\uart.c                          0x00000000   Number         0  uart.o ABSOLUTE
    cfcmple.s                                0x00000000   Number         0  cfcmple.o ABSOLUTE
    cfrcmple.s                               0x00000000   Number         0  cfrcmple.o ABSOLUTE
    dc.s                                     0x00000000   Number         0  dc.o ABSOLUTE
    handlers.s                               0x00000000   Number         0  handlers.o ABSOLUTE
    init.s                                   0x00000000   Number         0  init.o ABSOLUTE
    startup_stm32f070xb.s                    0x00000000   Number         0  startup_stm32f070xb.o ABSOLUTE
    RESET                                    0x08004000   Section      192  startup_stm32f070xb.o(RESET)
    .ARM.Collect$$$$00000000                 0x080040c0   Section        0  entry.o(.ARM.Collect$$$$00000000)
    .ARM.Collect$$$$00000001                 0x080040c0   Section        4  entry2.o(.ARM.Collect$$$$00000001)
    .ARM.Collect$$$$00000004                 0x080040c4   Section        4  entry5.o(.ARM.Collect$$$$00000004)
    .ARM.Collect$$$$00000008                 0x080040c8   Section        0  entry7b.o(.ARM.Collect$$$$00000008)
    .ARM.Collect$$$$0000000A                 0x080040c8   Section        0  entry8b.o(.ARM.Collect$$$$0000000A)
    .ARM.Collect$$$$0000000B                 0x080040c8   Section        8  entry9a.o(.ARM.Collect$$$$0000000B)
    .ARM.Collect$$$$0000000D                 0x080040d0   Section        0  entry10a.o(.ARM.Collect$$$$0000000D)
    .ARM.Collect$$$$0000000F                 0x080040d0   Section        0  entry11a.o(.ARM.Collect$$$$0000000F)
    .ARM.Collect$$$$00002712                 0x080040d0   Section        4  entry2.o(.ARM.Collect$$$$00002712)
    __lit__00000000                          0x080040d0   Data           4  entry2.o(.ARM.Collect$$$$00002712)
    .text                                    0x080040d4   Section       28  startup_stm32f070xb.o(.text)
    .text                                    0x080040f0   Section        0  uidiv.o(.text)
    .text                                    0x0800411c   Section        0  fadd.o(.text)
    .text                                    0x080041ce   Section        0  fmul.o(.text)
    .text                                    0x08004248   Section        0  fdiv.o(.text)
    .text                                    0x080042c4   Section        0  fflti.o(.text)
    .text                                    0x080042da   Section        0  ffixi.o(.text)
    .text                                    0x0800430c   Section       20  cfcmple.o(.text)
    .text                                    0x08004320   Section       20  cfrcmple.o(.text)
    .text                                    0x08004334   Section        0  fepilogue.o(.text)
    .text                                    0x08004334   Section        0  iusefp.o(.text)
    .text                                    0x080043b8   Section       36  init.o(.text)
    i.ClearAllRgbLed                         0x080043dc   Section        0  rgbled.o(i.ClearAllRgbLed)
    i.DMA1_Channel4_5_IRQHandler             0x080043f8   Section        0  stm32f0xx_it.o(i.DMA1_Channel4_5_IRQHandler)
    i.DMA_CalcBaseAndBitshift                0x08004400   Section        0  stm32f0xx_hal_dma.o(i.DMA_CalcBaseAndBitshift)
    DMA_CalcBaseAndBitshift                  0x08004401   Thumb Code    28  stm32f0xx_hal_dma.o(i.DMA_CalcBaseAndBitshift)
    i.EXIT8_10_CallBack                      0x08004420   Section        0  motor.o(i.EXIT8_10_CallBack)
    i.EXTI4_15_IRQHandler                    0x0800449c   Section        0  stm32f0xx_it.o(i.EXTI4_15_IRQHandler)
    i.Error_Handler                          0x080044a4   Section        0  main.o(i.Error_Handler)
    i.HAL_DMA_Init                           0x080044a8   Section        0  stm32f0xx_hal_dma.o(i.HAL_DMA_Init)
    i.HAL_GPIO_Init                          0x0800450c   Section        0  stm32f0xx_hal_gpio.o(i.HAL_GPIO_Init)
    i.HAL_GPIO_ReadPin                       0x080046fc   Section        0  stm32f0xx_hal_gpio.o(i.HAL_GPIO_ReadPin)
    i.HAL_GPIO_TogglePin                     0x0800470e   Section        0  stm32f0xx_hal_gpio.o(i.HAL_GPIO_TogglePin)
    i.HAL_GPIO_WritePin                      0x08004716   Section        0  stm32f0xx_hal_gpio.o(i.HAL_GPIO_WritePin)
    i.HAL_GetTick                            0x08004724   Section        0  stm32f0xx_hal.o(i.HAL_GetTick)
    i.HAL_IncTick                            0x08004730   Section        0  stm32f0xx_hal.o(i.HAL_IncTick)
    i.HAL_Init                               0x08004740   Section        0  stm32f0xx_hal.o(i.HAL_Init)
    i.HAL_InitTick                           0x08004760   Section        0  stm32f0xx_hal.o(i.HAL_InitTick)
    i.HAL_MspInit                            0x08004788   Section        0  stm32f0xx_hal_msp.o(i.HAL_MspInit)
    i.HAL_NVIC_EnableIRQ                     0x080047cc   Section        0  stm32f0xx_hal_cortex.o(i.HAL_NVIC_EnableIRQ)
    i.HAL_NVIC_SetPriority                   0x080047e4   Section        0  stm32f0xx_hal_cortex.o(i.HAL_NVIC_SetPriority)
    i.HAL_RCC_ClockConfig                    0x080047f8   Section        0  stm32f0xx_hal_rcc.o(i.HAL_RCC_ClockConfig)
    i.HAL_RCC_GetHCLKFreq                    0x0800498c   Section        0  stm32f0xx_hal_rcc.o(i.HAL_RCC_GetHCLKFreq)
    i.HAL_RCC_GetSysClockFreq                0x08004998   Section        0  stm32f0xx_hal_rcc.o(i.HAL_RCC_GetSysClockFreq)
    i.HAL_RCC_OscConfig                      0x08004a60   Section        0  stm32f0xx_hal_rcc.o(i.HAL_RCC_OscConfig)
    i.HAL_SPI_Init                           0x08004fb0   Section        0  stm32f0xx_hal_spi.o(i.HAL_SPI_Init)
    i.HAL_SPI_MspInit                        0x0800508c   Section        0  stm32f0xx_hal_spi.o(i.HAL_SPI_MspInit)
    i.HAL_SYSTICK_CLKSourceConfig            0x08005090   Section        0  stm32f0xx_hal_cortex.o(i.HAL_SYSTICK_CLKSourceConfig)
    i.HAL_SYSTICK_Callback                   0x080050b4   Section        0  stm32f0xx_hal_cortex.o(i.HAL_SYSTICK_Callback)
    i.HAL_SYSTICK_Config                     0x080050b8   Section        0  stm32f0xx_hal_cortex.o(i.HAL_SYSTICK_Config)
    i.HAL_SYSTICK_IRQHandler                 0x080050f0   Section        0  stm32f0xx_hal_cortex.o(i.HAL_SYSTICK_IRQHandler)
    i.HAL_TIM_Base_Init                      0x080050f8   Section        0  stm32f0xx_hal_tim.o(i.HAL_TIM_Base_Init)
    i.HAL_TIM_Base_MspInit                   0x08005130   Section        0  stm32f0xx_hal_tim.o(i.HAL_TIM_Base_MspInit)
    i.HAL_TIM_PWM_ConfigChannel              0x08005132   Section        0  stm32f0xx_hal_tim.o(i.HAL_TIM_PWM_ConfigChannel)
    i.HAL_TIM_PWM_Start                      0x08005244   Section        0  stm32f0xx_hal_tim.o(i.HAL_TIM_PWM_Start)
    i.HardFault_Handler                      0x080052ac   Section        0  stm32f0xx_it.o(i.HardFault_Handler)
    i.InitExit                               0x080052b0   Section        0  motor.o(i.InitExit)
    InitExit                                 0x080052b1   Thumb Code    98  motor.o(i.InitExit)
    i.InitTim                                0x08005320   Section        0  motor.o(i.InitTim)
    InitTim                                  0x08005321   Thumb Code   392  motor.o(i.InitTim)
    i.InitVariable                           0x080054c0   Section        0  motor.o(i.InitVariable)
    InitVariable                             0x080054c1   Thumb Code    56  motor.o(i.InitVariable)
    i.MX_GPIO_Init                           0x0800551c   Section        0  main.o(i.MX_GPIO_Init)
    MX_GPIO_Init                             0x0800551d   Thumb Code    36  main.o(i.MX_GPIO_Init)
    i.MotorInit                              0x08005544   Section        0  motor.o(i.MotorInit)
    i.MotorSpeedUpdate                       0x08005554   Section        0  motor.o(i.MotorSpeedUpdate)
    MotorSpeedUpdate                         0x08005555   Thumb Code   332  motor.o(i.MotorSpeedUpdate)
    i.MotorUpdate                            0x080056bc   Section        0  motor.o(i.MotorUpdate)
    i.NMI_Handler                            0x080057c0   Section        0  stm32f0xx_it.o(i.NMI_Handler)
    i.NVIC_SetPriority                       0x080057c4   Section        0  stm32f0xx_hal_cortex.o(i.NVIC_SetPriority)
    NVIC_SetPriority                         0x080057c5   Thumb Code   110  stm32f0xx_hal_cortex.o(i.NVIC_SetPriority)
    i.PendSV_Handler                         0x0800583c   Section        0  stm32f0xx_it.o(i.PendSV_Handler)
    i.RgbLedInit                             0x08005840   Section        0  rgbled.o(i.RgbLedInit)
    i.SVC_Handler                            0x08005964   Section        0  stm32f0xx_it.o(i.SVC_Handler)
    i.SetOneMotorPwm                         0x08005968   Section        0  motor.o(i.SetOneMotorPwm)
    i.SetSpeedPid                            0x08005a28   Section        0  motor.o(i.SetSpeedPid)
    i.ShowRgbLed                             0x08005a48   Section        0  rgbled.o(i.ShowRgbLed)
    i.SysTick_Handler                        0x08005a7c   Section        0  stm32f0xx_it.o(i.SysTick_Handler)
    i.SystemClock_Config                     0x08005a88   Section        0  main.o(i.SystemClock_Config)
    i.SystemInit                             0x08005afc   Section        0  system_stm32f0xx.o(i.SystemInit)
    i.TIM_Base_SetConfig                     0x08005b7c   Section        0  stm32f0xx_hal_tim.o(i.TIM_Base_SetConfig)
    i.TIM_CCxChannelCmd                      0x08005c1c   Section        0  stm32f0xx_hal_tim.o(i.TIM_CCxChannelCmd)
    i.TIM_OC1_SetConfig                      0x08005c38   Section        0  stm32f0xx_hal_tim.o(i.TIM_OC1_SetConfig)
    TIM_OC1_SetConfig                        0x08005c39   Thumb Code   164  stm32f0xx_hal_tim.o(i.TIM_OC1_SetConfig)
    i.TIM_OC2_SetConfig                      0x08005cec   Section        0  stm32f0xx_hal_tim.o(i.TIM_OC2_SetConfig)
    i.TIM_OC3_SetConfig                      0x08005db4   Section        0  stm32f0xx_hal_tim.o(i.TIM_OC3_SetConfig)
    TIM_OC3_SetConfig                        0x08005db5   Thumb Code   178  stm32f0xx_hal_tim.o(i.TIM_OC3_SetConfig)
    i.TIM_OC4_SetConfig                      0x08005e78   Section        0  stm32f0xx_hal_tim.o(i.TIM_OC4_SetConfig)
    TIM_OC4_SetConfig                        0x08005e79   Thumb Code   118  stm32f0xx_hal_tim.o(i.TIM_OC4_SetConfig)
    i.UartBeginTransmitDMA                   0x08005f00   Section        0  uart.o(i.UartBeginTransmitDMA)
    i.UartInttruptCallBack                   0x08005f48   Section        0  uart.o(i.UartInttruptCallBack)
    i.WriteRgbLed                            0x08005ff4   Section        0  rgbled.o(i.WriteRgbLed)
    i.__ARM_common_switch8                   0x08006084   Section        0  stm32f0xx_hal_dma.o(i.__ARM_common_switch8)
    i.__scatterload_copy                     0x080060a0   Section       14  handlers.o(i.__scatterload_copy)
    i.__scatterload_null                     0x080060ae   Section        2  handlers.o(i.__scatterload_null)
    i.__scatterload_zeroinit                 0x080060b0   Section       14  handlers.o(i.__scatterload_zeroinit)
    i.main                                   0x080060c0   Section        0  main.o(i.main)
    .constdata                               0x0800622c   Section       24  system_stm32f0xx.o(.constdata)
    .data                                    0x20000100   Section        4  stm32f0xx_hal.o(.data)
    .data                                    0x20000104   Section       12  uart.o(.data)
    tx_headIndex                             0x20000104   Data           4  uart.o(.data)
    tx_tailIndex                             0x20000108   Data           4  uart.o(.data)
    rx_tailIndex                             0x2000010c   Data           4  uart.o(.data)
    .data                                    0x20000110   Section       48  motor.o(.data)
    motorCount                               0x20000110   Data           8  motor.o(.data)
    motorPwm                                 0x20000118   Data           8  motor.o(.data)
    tagMotorSpeed                            0x20000120   Data           8  motor.o(.data)
    curMotorSpeed                            0x20000128   Data           8  motor.o(.data)
    motorMode                                0x20000130   Data           4  motor.o(.data)
    lastUpdateTime                           0x20000134   Data           4  motor.o(.data)
    lastMotorCount                           0x20000138   Data           8  motor.o(.data)
    .data                                    0x20000140   Section        4  system_stm32f0xx.o(.data)
    .bss                                     0x20000144   Section      512  uart.o(.bss)
    rx_dataBuff                              0x20000144   Data         256  uart.o(.bss)
    tx_dataBuff                              0x20000244   Data         256  uart.o(.bss)
    .bss                                     0x20000344   Section       40  motor.o(.bss)
    .bss                                     0x2000036c   Section      392  rgbled.o(.bss)
    ledDataBuff                              0x2000036c   Data         290  rgbled.o(.bss)
    STACK                                    0x200004f8   Section     1024  startup_stm32f070xb.o(STACK)

    Global Symbols

    Symbol Name                              Value     Ov Type        Size  Object(Section)

    BuildAttributes$$THM_ISAv3M$S$PE$A:L22$X:L11$S22$IEEE1$IW$USESV6$~STKCKD$USESV7$~SHL$OTIME$ROPI$EBA8$MICROLIB$REQ8$PRES8$EABIv2 0x00000000   Number         0  anon$$obj.o ABSOLUTE
    __ARM_use_no_argv                        0x00000000   Number         0  main.o ABSOLUTE
    __cpp_initialize__aeabi_                  - Undefined Weak Reference
    __cxa_finalize                            - Undefined Weak Reference
    __decompress                              - Undefined Weak Reference
    _clock_init                               - Undefined Weak Reference
    _microlib_exit                            - Undefined Weak Reference
    __Vectors_Size                           0x000000c0   Number         0  startup_stm32f070xb.o ABSOLUTE
    __Vectors                                0x08004000   Data           4  startup_stm32f070xb.o(RESET)
    __Vectors_End                            0x080040c0   Data           0  startup_stm32f070xb.o(RESET)
    __main                                   0x080040c1   Thumb Code     0  entry.o(.ARM.Collect$$$$00000000)
    _main_stk                                0x080040c1   Thumb Code     0  entry2.o(.ARM.Collect$$$$00000001)
    _main_scatterload                        0x080040c5   Thumb Code     0  entry5.o(.ARM.Collect$$$$00000004)
    __main_after_scatterload                 0x080040c9   Thumb Code     0  entry5.o(.ARM.Collect$$$$00000004)
    _main_clock                              0x080040c9   Thumb Code     0  entry7b.o(.ARM.Collect$$$$00000008)
    _main_cpp_init                           0x080040c9   Thumb Code     0  entry8b.o(.ARM.Collect$$$$0000000A)
    _main_init                               0x080040c9   Thumb Code     0  entry9a.o(.ARM.Collect$$$$0000000B)
    __rt_final_cpp                           0x080040d1   Thumb Code     0  entry10a.o(.ARM.Collect$$$$0000000D)
    __rt_final_exit                          0x080040d1   Thumb Code     0  entry11a.o(.ARM.Collect$$$$0000000F)
    Reset_Handler                            0x080040d5   Thumb Code     8  startup_stm32f070xb.o(.text)
    ADC1_IRQHandler                          0x080040e7   Thumb Code     0  startup_stm32f070xb.o(.text)
    DMA1_Channel1_IRQHandler                 0x080040e7   Thumb Code     0  startup_stm32f070xb.o(.text)
    DMA1_Channel2_3_IRQHandler               0x080040e7   Thumb Code     0  startup_stm32f070xb.o(.text)
    EXTI0_1_IRQHandler                       0x080040e7   Thumb Code     0  startup_stm32f070xb.o(.text)
    EXTI2_3_IRQHandler                       0x080040e7   Thumb Code     0  startup_stm32f070xb.o(.text)
    FLASH_IRQHandler                         0x080040e7   Thumb Code     0  startup_stm32f070xb.o(.text)
    I2C1_IRQHandler                          0x080040e7   Thumb Code     0  startup_stm32f070xb.o(.text)
    I2C2_IRQHandler                          0x080040e7   Thumb Code     0  startup_stm32f070xb.o(.text)
    RCC_IRQHandler                           0x080040e7   Thumb Code     0  startup_stm32f070xb.o(.text)
    RTC_IRQHandler                           0x080040e7   Thumb Code     0  startup_stm32f070xb.o(.text)
    SPI1_IRQHandler                          0x080040e7   Thumb Code     0  startup_stm32f070xb.o(.text)
    SPI2_IRQHandler                          0x080040e7   Thumb Code     0  startup_stm32f070xb.o(.text)
    TIM14_IRQHandler                         0x080040e7   Thumb Code     0  startup_stm32f070xb.o(.text)
    TIM15_IRQHandler                         0x080040e7   Thumb Code     0  startup_stm32f070xb.o(.text)
    TIM16_IRQHandler                         0x080040e7   Thumb Code     0  startup_stm32f070xb.o(.text)
    TIM17_IRQHandler                         0x080040e7   Thumb Code     0  startup_stm32f070xb.o(.text)
    TIM1_BRK_UP_TRG_COM_IRQHandler           0x080040e7   Thumb Code     0  startup_stm32f070xb.o(.text)
    TIM1_CC_IRQHandler                       0x080040e7   Thumb Code     0  startup_stm32f070xb.o(.text)
    TIM3_IRQHandler                          0x080040e7   Thumb Code     0  startup_stm32f070xb.o(.text)
    TIM6_IRQHandler                          0x080040e7   Thumb Code     0  startup_stm32f070xb.o(.text)
    TIM7_IRQHandler                          0x080040e7   Thumb Code     0  startup_stm32f070xb.o(.text)
    USART1_IRQHandler                        0x080040e7   Thumb Code     0  startup_stm32f070xb.o(.text)
    USART2_IRQHandler                        0x080040e7   Thumb Code     0  startup_stm32f070xb.o(.text)
    USART3_4_IRQHandler                      0x080040e7   Thumb Code     0  startup_stm32f070xb.o(.text)
    USB_IRQHandler                           0x080040e7   Thumb Code     0  startup_stm32f070xb.o(.text)
    WWDG_IRQHandler                          0x080040e7   Thumb Code     0  startup_stm32f070xb.o(.text)
    __aeabi_uidiv                            0x080040f1   Thumb Code     0  uidiv.o(.text)
    __aeabi_uidivmod                         0x080040f1   Thumb Code    44  uidiv.o(.text)
    __aeabi_fadd                             0x0800411d   Thumb Code   162  fadd.o(.text)
    __aeabi_fsub                             0x080041bf   Thumb Code     8  fadd.o(.text)
    __aeabi_frsub                            0x080041c7   Thumb Code     8  fadd.o(.text)
    __aeabi_fmul                             0x080041cf   Thumb Code   122  fmul.o(.text)
    __aeabi_fdiv                             0x08004249   Thumb Code   124  fdiv.o(.text)
    __aeabi_i2f                              0x080042c5   Thumb Code    22  fflti.o(.text)
    __aeabi_f2iz                             0x080042db   Thumb Code    50  ffixi.o(.text)
    __aeabi_cfcmpeq                          0x0800430d   Thumb Code     0  cfcmple.o(.text)
    __aeabi_cfcmple                          0x0800430d   Thumb Code    20  cfcmple.o(.text)
    __aeabi_cfrcmple                         0x08004321   Thumb Code    20  cfrcmple.o(.text)
    __I$use$fp                               0x08004335   Thumb Code     0  iusefp.o(.text)
    _float_round                             0x08004335   Thumb Code    16  fepilogue.o(.text)
    _float_epilogue                          0x08004345   Thumb Code   114  fepilogue.o(.text)
    __scatterload                            0x080043b9   Thumb Code    28  init.o(.text)
    __scatterload_rt2                        0x080043b9   Thumb Code     0  init.o(.text)
    ClearAllRgbLed                           0x080043dd   Thumb Code    22  rgbled.o(i.ClearAllRgbLed)
    DMA1_Channel4_5_IRQHandler               0x080043f9   Thumb Code     8  stm32f0xx_it.o(i.DMA1_Channel4_5_IRQHandler)
    EXIT8_10_CallBack                        0x08004421   Thumb Code   110  motor.o(i.EXIT8_10_CallBack)
    EXTI4_15_IRQHandler                      0x0800449d   Thumb Code     8  stm32f0xx_it.o(i.EXTI4_15_IRQHandler)
    Error_Handler                            0x080044a5   Thumb Code     4  main.o(i.Error_Handler)
    HAL_DMA_Init                             0x080044a9   Thumb Code    94  stm32f0xx_hal_dma.o(i.HAL_DMA_Init)
    HAL_GPIO_Init                            0x0800450d   Thumb Code   470  stm32f0xx_hal_gpio.o(i.HAL_GPIO_Init)
    HAL_GPIO_ReadPin                         0x080046fd   Thumb Code    18  stm32f0xx_hal_gpio.o(i.HAL_GPIO_ReadPin)
    HAL_GPIO_TogglePin                       0x0800470f   Thumb Code     8  stm32f0xx_hal_gpio.o(i.HAL_GPIO_TogglePin)
    HAL_GPIO_WritePin                        0x08004717   Thumb Code    12  stm32f0xx_hal_gpio.o(i.HAL_GPIO_WritePin)
    HAL_GetTick                              0x08004725   Thumb Code     6  stm32f0xx_hal.o(i.HAL_GetTick)
    HAL_IncTick                              0x08004731   Thumb Code    12  stm32f0xx_hal.o(i.HAL_IncTick)
    HAL_Init                                 0x08004741   Thumb Code    28  stm32f0xx_hal.o(i.HAL_Init)
    HAL_InitTick                             0x08004761   Thumb Code    38  stm32f0xx_hal.o(i.HAL_InitTick)
    HAL_MspInit                              0x08004789   Thumb Code    62  stm32f0xx_hal_msp.o(i.HAL_MspInit)
    HAL_NVIC_EnableIRQ                       0x080047cd   Thumb Code    18  stm32f0xx_hal_cortex.o(i.HAL_NVIC_EnableIRQ)
    HAL_NVIC_SetPriority                     0x080047e5   Thumb Code    18  stm32f0xx_hal_cortex.o(i.HAL_NVIC_SetPriority)
    HAL_RCC_ClockConfig                      0x080047f9   Thumb Code   382  stm32f0xx_hal_rcc.o(i.HAL_RCC_ClockConfig)
    HAL_RCC_GetHCLKFreq                      0x0800498d   Thumb Code     6  stm32f0xx_hal_rcc.o(i.HAL_RCC_GetHCLKFreq)
    HAL_RCC_GetSysClockFreq                  0x08004999   Thumb Code   156  stm32f0xx_hal_rcc.o(i.HAL_RCC_GetSysClockFreq)
    HAL_RCC_OscConfig                        0x08004a61   Thumb Code  1356  stm32f0xx_hal_rcc.o(i.HAL_RCC_OscConfig)
    HAL_SPI_Init                             0x08004fb1   Thumb Code   220  stm32f0xx_hal_spi.o(i.HAL_SPI_Init)
    HAL_SPI_MspInit                          0x0800508d   Thumb Code     2  stm32f0xx_hal_spi.o(i.HAL_SPI_MspInit)
    HAL_SYSTICK_CLKSourceConfig              0x08005091   Thumb Code    32  stm32f0xx_hal_cortex.o(i.HAL_SYSTICK_CLKSourceConfig)
    HAL_SYSTICK_Callback                     0x080050b5   Thumb Code     2  stm32f0xx_hal_cortex.o(i.HAL_SYSTICK_Callback)
    HAL_SYSTICK_Config                       0x080050b9   Thumb Code    46  stm32f0xx_hal_cortex.o(i.HAL_SYSTICK_Config)
    HAL_SYSTICK_IRQHandler                   0x080050f1   Thumb Code     8  stm32f0xx_hal_cortex.o(i.HAL_SYSTICK_IRQHandler)
    HAL_TIM_Base_Init                        0x080050f9   Thumb Code    56  stm32f0xx_hal_tim.o(i.HAL_TIM_Base_Init)
    HAL_TIM_Base_MspInit                     0x08005131   Thumb Code     2  stm32f0xx_hal_tim.o(i.HAL_TIM_Base_MspInit)
    HAL_TIM_PWM_ConfigChannel                0x08005133   Thumb Code   274  stm32f0xx_hal_tim.o(i.HAL_TIM_PWM_ConfigChannel)
    HAL_TIM_PWM_Start                        0x08005245   Thumb Code    88  stm32f0xx_hal_tim.o(i.HAL_TIM_PWM_Start)
    HardFault_Handler                        0x080052ad   Thumb Code     4  stm32f0xx_it.o(i.HardFault_Handler)
    MotorInit                                0x08005545   Thumb Code    16  motor.o(i.MotorInit)
    MotorUpdate                              0x080056bd   Thumb Code   236  motor.o(i.MotorUpdate)
    NMI_Handler                              0x080057c1   Thumb Code     2  stm32f0xx_it.o(i.NMI_Handler)
    PendSV_Handler                           0x0800583d   Thumb Code     2  stm32f0xx_it.o(i.PendSV_Handler)
    RgbLedInit                               0x08005841   Thumb Code   268  rgbled.o(i.RgbLedInit)
    SVC_Handler                              0x08005965   Thumb Code     2  stm32f0xx_it.o(i.SVC_Handler)
    SetOneMotorPwm                           0x08005969   Thumb Code   170  motor.o(i.SetOneMotorPwm)
    SetSpeedPid                              0x08005a29   Thumb Code    28  motor.o(i.SetSpeedPid)
    ShowRgbLed                               0x08005a49   Thumb Code    40  rgbled.o(i.ShowRgbLed)
    SysTick_Handler                          0x08005a7d   Thumb Code    12  stm32f0xx_it.o(i.SysTick_Handler)
    SystemClock_Config                       0x08005a89   Thumb Code   114  main.o(i.SystemClock_Config)
    SystemInit                               0x08005afd   Thumb Code   116  system_stm32f0xx.o(i.SystemInit)
    TIM_Base_SetConfig                       0x08005b7d   Thumb Code   136  stm32f0xx_hal_tim.o(i.TIM_Base_SetConfig)
    TIM_CCxChannelCmd                        0x08005c1d   Thumb Code    28  stm32f0xx_hal_tim.o(i.TIM_CCxChannelCmd)
    TIM_OC2_SetConfig                        0x08005ced   Thumb Code   182  stm32f0xx_hal_tim.o(i.TIM_OC2_SetConfig)
    UartBeginTransmitDMA                     0x08005f01   Thumb Code    64  uart.o(i.UartBeginTransmitDMA)
    UartInttruptCallBack                     0x08005f49   Thumb Code   150  uart.o(i.UartInttruptCallBack)
    WriteRgbLed                              0x08005ff5   Thumb Code   138  rgbled.o(i.WriteRgbLed)
    __ARM_common_switch8                     0x08006085   Thumb Code    28  stm32f0xx_hal_dma.o(i.__ARM_common_switch8)
    __scatterload_copy                       0x080060a1   Thumb Code    14  handlers.o(i.__scatterload_copy)
    __scatterload_null                       0x080060af   Thumb Code     2  handlers.o(i.__scatterload_null)
    __scatterload_zeroinit                   0x080060b1   Thumb Code    14  handlers.o(i.__scatterload_zeroinit)
    main                                     0x080060c1   Thumb Code   318  main.o(i.main)
    AHBPrescTable                            0x0800622c   Data          16  system_stm32f0xx.o(.constdata)
    APBPrescTable                            0x0800623c   Data           8  system_stm32f0xx.o(.constdata)
    Region$$Table$$Base                      0x08006244   Number         0  anon$$obj.o(Region$$Table)
    Region$$Table$$Limit                     0x08006264   Number         0  anon$$obj.o(Region$$Table)
    uwTick                                   0x20000100   Data           4  stm32f0xx_hal.o(.data)
    SystemCoreClock                          0x20000140   Data           4  system_stm32f0xx.o(.data)
    motorPID                                 0x20000344   Data          40  motor.o(.bss)
    SpiHandle                                0x20000490   Data         100  rgbled.o(.bss)
    __initial_sp                             0x200008f8   Data           0  startup_stm32f070xb.o(STACK)



==============================================================================

Memory Map of the image

  Image Entry point : 0x080040c1

  Load Region LR_IROM1 (Base: 0x08004000, Size: 0x000022a8, Max: 0x0001c000, ABSOLUTE)

    Execution Region ER_IROM1 (Base: 0x08004000, Size: 0x00002264, Max: 0x0001c000, ABSOLUTE)

    Base Addr    Size         Type   Attr      Idx    E Section Name        Object

    0x08004000   0x000000c0   Data   RO         3668    RESET               startup_stm32f070xb.o
    0x080040c0   0x00000000   Code   RO         3673  * .ARM.Collect$$$$00000000  mc_p.l(entry.o)
    0x080040c0   0x00000004   Code   RO         3700    .ARM.Collect$$$$00000001  mc_p.l(entry2.o)
    0x080040c4   0x00000004   Code   RO         3703    .ARM.Collect$$$$00000004  mc_p.l(entry5.o)
    0x080040c8   0x00000000   Code   RO         3705    .ARM.Collect$$$$00000008  mc_p.l(entry7b.o)
    0x080040c8   0x00000000   Code   RO         3707    .ARM.Collect$$$$0000000A  mc_p.l(entry8b.o)
    0x080040c8   0x00000008   Code   RO         3708    .ARM.Collect$$$$0000000B  mc_p.l(entry9a.o)
    0x080040d0   0x00000000   Code   RO         3710    .ARM.Collect$$$$0000000D  mc_p.l(entry10a.o)
    0x080040d0   0x00000000   Code   RO         3712    .ARM.Collect$$$$0000000F  mc_p.l(entry11a.o)
    0x080040d0   0x00000004   Code   RO         3701    .ARM.Collect$$$$00002712  mc_p.l(entry2.o)
    0x080040d4   0x0000001c   Code   RO         3669    .text               startup_stm32f070xb.o
    0x080040f0   0x0000002c   Code   RO         3676    .text               mc_p.l(uidiv.o)
    0x0800411c   0x000000b2   Code   RO         3686    .text               mf_p.l(fadd.o)
    0x080041ce   0x0000007a   Code   RO         3688    .text               mf_p.l(fmul.o)
    0x08004248   0x0000007c   Code   RO         3690    .text               mf_p.l(fdiv.o)
    0x080042c4   0x00000016   Code   RO         3692    .text               mf_p.l(fflti.o)
    0x080042da   0x00000032   Code   RO         3694    .text               mf_p.l(ffixi.o)
    0x0800430c   0x00000014   Code   RO         3696    .text               mf_p.l(cfcmple.o)
    0x08004320   0x00000014   Code   RO         3698    .text               mf_p.l(cfrcmple.o)
    0x08004334   0x00000000   Code   RO         3714    .text               mc_p.l(iusefp.o)
    0x08004334   0x00000082   Code   RO         3715    .text               mf_p.l(fepilogue.o)
    0x080043b6   0x00000002   PAD
    0x080043b8   0x00000024   Code   RO         3717    .text               mc_p.l(init.o)
    0x080043dc   0x0000001c   Code   RO         3588    i.ClearAllRgbLed    rgbled.o
    0x080043f8   0x00000008   Code   RO         3284    i.DMA1_Channel4_5_IRQHandler  stm32f0xx_it.o
    0x08004400   0x00000020   Code   RO          227    i.DMA_CalcBaseAndBitshift  stm32f0xx_hal_dma.o
    0x08004420   0x0000007c   Code   RO         3472    i.EXIT8_10_CallBack  motor.o
    0x0800449c   0x00000008   Code   RO         3285    i.EXTI4_15_IRQHandler  stm32f0xx_it.o
    0x080044a4   0x00000004   Code   RO         3235    i.Error_Handler     main.o
    0x080044a8   0x00000064   Code   RO          235    i.HAL_DMA_Init      stm32f0xx_hal_dma.o
    0x0800450c   0x000001f0   Code   RO            6    i.HAL_GPIO_Init     stm32f0xx_hal_gpio.o
    0x080046fc   0x00000012   Code   RO            8    i.HAL_GPIO_ReadPin  stm32f0xx_hal_gpio.o
    0x0800470e   0x00000008   Code   RO            9    i.HAL_GPIO_TogglePin  stm32f0xx_hal_gpio.o
    0x08004716   0x0000000c   Code   RO           10    i.HAL_GPIO_WritePin  stm32f0xx_hal_gpio.o
    0x08004722   0x00000002   PAD
    0x08004724   0x0000000c   Code   RO          978    i.HAL_GetTick       stm32f0xx_hal.o
    0x08004730   0x00000010   Code   RO          979    i.HAL_IncTick       stm32f0xx_hal.o
    0x08004740   0x00000020   Code   RO          980    i.HAL_Init          stm32f0xx_hal.o
    0x08004760   0x00000026   Code   RO          981    i.HAL_InitTick      stm32f0xx_hal.o
    0x08004786   0x00000002   PAD
    0x08004788   0x00000044   Code   RO         3215    i.HAL_MspInit       stm32f0xx_hal_msp.o
    0x080047cc   0x00000018   Code   RO         1090    i.HAL_NVIC_EnableIRQ  stm32f0xx_hal_cortex.o
    0x080047e4   0x00000012   Code   RO         1094    i.HAL_NVIC_SetPriority  stm32f0xx_hal_cortex.o
    0x080047f6   0x00000002   PAD
    0x080047f8   0x00000194   Code   RO         1282    i.HAL_RCC_ClockConfig  stm32f0xx_hal_rcc.o
    0x0800498c   0x0000000c   Code   RO         1287    i.HAL_RCC_GetHCLKFreq  stm32f0xx_hal_rcc.o
    0x08004998   0x000000c8   Code   RO         1290    i.HAL_RCC_GetSysClockFreq  stm32f0xx_hal_rcc.o
    0x08004a60   0x00000550   Code   RO         1293    i.HAL_RCC_OscConfig  stm32f0xx_hal_rcc.o
    0x08004fb0   0x000000dc   Code   RO         2883    i.HAL_SPI_Init      stm32f0xx_hal_spi.o
    0x0800508c   0x00000002   Code   RO         2885    i.HAL_SPI_MspInit   stm32f0xx_hal_spi.o
    0x0800508e   0x00000002   PAD
    0x08005090   0x00000024   Code   RO         1096    i.HAL_SYSTICK_CLKSourceConfig  stm32f0xx_hal_cortex.o
    0x080050b4   0x00000002   Code   RO         1097    i.HAL_SYSTICK_Callback  stm32f0xx_hal_cortex.o
    0x080050b6   0x00000002   PAD
    0x080050b8   0x00000038   Code   RO         1098    i.HAL_SYSTICK_Config  stm32f0xx_hal_cortex.o
    0x080050f0   0x00000008   Code   RO         1099    i.HAL_SYSTICK_IRQHandler  stm32f0xx_hal_cortex.o
    0x080050f8   0x00000038   Code   RO         2001    i.HAL_TIM_Base_Init  stm32f0xx_hal_tim.o
    0x08005130   0x00000002   Code   RO         2003    i.HAL_TIM_Base_MspInit  stm32f0xx_hal_tim.o
    0x08005132   0x00000112   Code   RO         2067    i.HAL_TIM_PWM_ConfigChannel  stm32f0xx_hal_tim.o
    0x08005244   0x00000068   Code   RO         2074    i.HAL_TIM_PWM_Start  stm32f0xx_hal_tim.o
    0x080052ac   0x00000004   Code   RO         3286    i.HardFault_Handler  stm32f0xx_it.o
    0x080052b0   0x00000070   Code   RO         3478    i.InitExit          motor.o
    0x08005320   0x000001a0   Code   RO         3479    i.InitTim           motor.o
    0x080054c0   0x0000005c   Code   RO         3480    i.InitVariable      motor.o
    0x0800551c   0x00000028   Code   RO         3236    i.MX_GPIO_Init      main.o
    0x08005544   0x00000010   Code   RO         3481    i.MotorInit         motor.o
    0x08005554   0x00000168   Code   RO         3482    i.MotorSpeedUpdate  motor.o
    0x080056bc   0x00000104   Code   RO         3483    i.MotorUpdate       motor.o
    0x080057c0   0x00000002   Code   RO         3287    i.NMI_Handler       stm32f0xx_it.o
    0x080057c2   0x00000002   PAD
    0x080057c4   0x00000078   Code   RO         1100    i.NVIC_SetPriority  stm32f0xx_hal_cortex.o
    0x0800583c   0x00000002   Code   RO         3288    i.PendSV_Handler    stm32f0xx_it.o
    0x0800583e   0x00000002   PAD
    0x08005840   0x00000124   Code   RO         3589    i.RgbLedInit        rgbled.o
    0x08005964   0x00000002   Code   RO         3289    i.SVC_Handler       stm32f0xx_it.o
    0x08005966   0x00000002   PAD
    0x08005968   0x000000c0   Code   RO         3486    i.SetOneMotorPwm    motor.o
    0x08005a28   0x00000020   Code   RO         3488    i.SetSpeedPid       motor.o
    0x08005a48   0x00000034   Code   RO         3591    i.ShowRgbLed        rgbled.o
    0x08005a7c   0x0000000c   Code   RO         3290    i.SysTick_Handler   stm32f0xx_it.o
    0x08005a88   0x00000072   Code   RO         3237    i.SystemClock_Config  main.o
    0x08005afa   0x00000002   PAD
    0x08005afc   0x00000080   Code   RO         3636    i.SystemInit        system_stm32f0xx.o
    0x08005b7c   0x000000a0   Code   RO         2085    i.TIM_Base_SetConfig  stm32f0xx_hal_tim.o
    0x08005c1c   0x0000001c   Code   RO         2086    i.TIM_CCxChannelCmd  stm32f0xx_hal_tim.o
    0x08005c38   0x000000b4   Code   RO         2094    i.TIM_OC1_SetConfig  stm32f0xx_hal_tim.o
    0x08005cec   0x000000c8   Code   RO         2095    i.TIM_OC2_SetConfig  stm32f0xx_hal_tim.o
    0x08005db4   0x000000c4   Code   RO         2096    i.TIM_OC3_SetConfig  stm32f0xx_hal_tim.o
    0x08005e78   0x00000088   Code   RO         2097    i.TIM_OC4_SetConfig  stm32f0xx_hal_tim.o
    0x08005f00   0x00000048   Code   RO         3419    i.UartBeginTransmitDMA  uart.o
    0x08005f48   0x000000ac   Code   RO         3422    i.UartInttruptCallBack  uart.o
    0x08005ff4   0x00000090   Code   RO         3592    i.WriteRgbLed       rgbled.o
    0x08006084   0x0000001c   Code   RO          318    i.__ARM_common_switch8  stm32f0xx_hal_dma.o
    0x080060a0   0x0000000e   Code   RO         3721    i.__scatterload_copy  mc_p.l(handlers.o)
    0x080060ae   0x00000002   Code   RO         3722    i.__scatterload_null  mc_p.l(handlers.o)
    0x080060b0   0x0000000e   Code   RO         3723    i.__scatterload_zeroinit  mc_p.l(handlers.o)
    0x080060be   0x00000002   PAD
    0x080060c0   0x0000016c   Code   RO         3238    i.main              main.o
    0x0800622c   0x00000018   Data   RO         3637    .constdata          system_stm32f0xx.o
    0x08006244   0x00000020   Data   RO         3719    Region$$Table       anon$$obj.o


    Execution Region RW_IRAM1 (Base: 0x20000100, Size: 0x000007f8, Max: 0x00003f00, ABSOLUTE)

    Base Addr    Size         Type   Attr      Idx    E Section Name        Object

    0x20000100   0x00000004   Data   RW          986    .data               stm32f0xx_hal.o
    0x20000104   0x0000000c   Data   RW         3426    .data               uart.o
    0x20000110   0x00000030   Data   RW         3490    .data               motor.o
    0x20000140   0x00000004   Data   RW         3638    .data               system_stm32f0xx.o
    0x20000144   0x00000200   Zero   RW         3425    .bss                uart.o
    0x20000344   0x00000028   Zero   RW         3489    .bss                motor.o
    0x2000036c   0x00000188   Zero   RW         3593    .bss                rgbled.o
    0x200004f4   0x00000004   PAD
    0x200004f8   0x00000400   Zero   RW         3666    STACK               startup_stm32f070xb.o


==============================================================================

Image component sizes


      Code (inc. data)   RO Data    RW Data    ZI Data      Debug   Object Name

       522         64          0          0          0       2460   main.o
      1604        166          0         48         40       6180   motor.o
       516         48          0          0        392       2637   rgbled.o
        28          8        192          0       1024        564   startup_stm32f070xb.o
        98         14          0          4          0       2867   stm32f0xx_hal.o
       264         30          0          0          0      10295   stm32f0xx_hal_cortex.o
       160         10          0          0          0       1583   stm32f0xx_hal_dma.o
       534         26          0          0          0     261272   stm32f0xx_hal_gpio.o
        68          6          0          0          0        746   stm32f0xx_hal_msp.o
      1976         88          0          0          0       4206   stm32f0xx_hal_rcc.o
       222          0          0          0          0       1621   stm32f0xx_hal_spi.o
      1336        110          0          0          0       7040   stm32f0xx_hal_tim.o
        38          0          0          0          0       2774   stm32f0xx_it.o
       128         12         24          4          0       1043   system_stm32f0xx.o
       244         30          0         12        512       1502   uart.o

    ----------------------------------------------------------------------
      7756        612        248         68       1972     306790   Object Totals
         0          0         32          0          0          0   (incl. Generated)
        18          0          0          0          4          0   (incl. Padding)

    ----------------------------------------------------------------------

      Code (inc. data)   RO Data    RW Data    ZI Data      Debug   Library Member Name

         0          0          0          0          0          0   entry.o
         0          0          0          0          0          0   entry10a.o
         0          0          0          0          0          0   entry11a.o
         8          4          0          0          0          0   entry2.o
         4          0          0          0          0          0   entry5.o
         0          0          0          0          0          0   entry7b.o
         0          0          0          0          0          0   entry8b.o
         8          4          0          0          0          0   entry9a.o
        30          0          0          0          0          0   handlers.o
        36          8          0          0          0         68   init.o
         0          0          0          0          0          0   iusefp.o
        44          0          0          0          0         72   uidiv.o
        20          0          0          0          0         68   cfcmple.o
        20          0          0          0          0         68   cfrcmple.o
       178          0          0          0          0        108   fadd.o
       124          0          0          0          0         72   fdiv.o
       130          0          0          0          0        144   fepilogue.o
        50          0          0          0          0         60   ffixi.o
        22          0          0          0          0         68   fflti.o
       122          0          0          0          0         72   fmul.o

    ----------------------------------------------------------------------
       800         16          0          0          0        800   Library Totals
         4          0          0          0          0          0   (incl. Padding)

    ----------------------------------------------------------------------

      Code (inc. data)   RO Data    RW Data    ZI Data      Debug   Library Name

       130         16          0          0          0        140   mc_p.l
       666          0          0          0          0        660   mf_p.l

    ----------------------------------------------------------------------
       800         16          0          0          0        800   Library Totals

    ----------------------------------------------------------------------

==============================================================================


      Code (inc. data)   RO Data    RW Data    ZI Data      Debug   

      8556        628        248         68       1972     304866   Grand Totals
      8556        628        248         68       1972     304866   ELF Image Totals
      8556        628        248         68          0          0   ROM Totals

==============================================================================

    Total RO  Size (Code + RO Data)                 8804 (   8.60kB)
    Total RW  Size (RW Data + ZI Data)              2040 (   1.99kB)
    Total ROM Size (Code + RO Data + RW Data)       8872 (   8.66kB)

==============================================================================

