Component: ARM Compiler 5.06 update 1 (build 61) Tool: armlink [4d35a8]

==============================================================================

Section Cross References

    main.o(i.HAL_GetTick) refers to rt_time.o(.data) for os_time
    main.o(i._Z17Timer2ms_CallbackPKv) refers to hmc5983.o(i._ZN11Hmc5983Ctrl17ReadMagneticFloatEPf) for Hmc5983Ctrl::ReadMagneticFloat(float*)
    main.o(i._Z17Timer2ms_CallbackPKv) refers to ms5611.o(i._ZN10Ms5611Ctrl11GetPressureEv) for Ms5611Ctrl::GetPressure()
    main.o(i._Z17Timer2ms_CallbackPKv) refers to ms5611.o(i._ZN10Ms5611Ctrl13GetPressureKFEff) for Ms5611Ctrl::GetPressureKF(float, float)
    main.o(i._Z17Timer2ms_CallbackPKv) refers to ms5611.o(i._ZN10Ms5611Ctrl21ConvertionTemperatureEv) for Ms5611Ctrl::ConvertionTemperature()
    main.o(i._Z17Timer2ms_CallbackPKv) refers to ms5611.o(i._ZN10Ms5611Ctrl14GetTemperatureEv) for Ms5611Ctrl::GetTemperature()
    main.o(i._Z17Timer2ms_CallbackPKv) refers to ms5611.o(i._ZN10Ms5611Ctrl18ConvertionPressureEv) for Ms5611Ctrl::ConvertionPressure()
    main.o(i._Z17Timer2ms_CallbackPKv) refers to lsm6ds33.o(i._ZN12Lsm6ds33Ctrl26MPU_GetAngularAccelerationEP20LSM6DS33_FDATAStruct) for Lsm6ds33Ctrl::MPU_GetAngularAcceleration(LSM6DS33_FDATAStruct*)
    main.o(i._Z17Timer2ms_CallbackPKv) refers to attitudecalculationekf.o(i._ZN22AttitudeCalculationEKF19CalcAttitudeAGM_EKFEPfS0_S0_fS0_) for AttitudeCalculationEKF::CalcAttitudeAGM_EKF(float*, float*, float*, float, float*)
    main.o(i._Z17Timer2ms_CallbackPKv) refers to attitudecalculationekf.o(i._ZN22AttitudeCalculationEKF17GetAccelerationEfEPf) for AttitudeCalculationEKF::GetAccelerationEf(float*)
    main.o(i._Z17Timer2ms_CallbackPKv) refers to attitudecalculationekf.o(i._ZN22AttitudeCalculationEKF21GetVibrationFrequencyEv) for AttitudeCalculationEKF::GetVibrationFrequency()
    main.o(i._Z17Timer2ms_CallbackPKv) refers to lsm6ds33.o(i._ZN12Lsm6ds33Ctrl22DynamicGyroCalibrationEPff) for Lsm6ds33Ctrl::DynamicGyroCalibration(float*, float)
    main.o(i._Z17Timer2ms_CallbackPKv) refers to main.o(.data) for .data
    main.o(i._Z17Timer2ms_CallbackPKv) refers to main.o(.bss) for .bss
    main.o(i._Z18SystemClock_Configv) refers to stm32f4xx_hal_rcc.o(i.HAL_RCC_OscConfig) for HAL_RCC_OscConfig
    main.o(i._Z18SystemClock_Configv) refers to stm32f4xx_hal_rcc.o(i.HAL_RCC_ClockConfig) for HAL_RCC_ClockConfig
    main.o(i._Z18Timer10ms_CallbackPKv) refers to rcctrl.o(i._ZN6RcCtrl8IsLinkedEv) for RcCtrl::IsLinked()
    main.o(i._Z18Timer10ms_CallbackPKv) refers to motor.o(i._ZN9MotorCtrl8SetSpeedEif) for MotorCtrl::SetSpeed(int, float)
    main.o(i._Z18Timer10ms_CallbackPKv) refers to motor.o(i._ZN9MotorCtrl12StopAllMotorEv) for MotorCtrl::StopAllMotor()
    main.o(i._Z18Timer10ms_CallbackPKv) refers to attitudecalculationekf.o(i._ZN22AttitudeCalculationEKF11GetOutAngleEPf) for AttitudeCalculationEKF::GetOutAngle(float*)
    main.o(i._Z18Timer10ms_CallbackPKv) refers to rcctrl.o(i._ZN6RcCtrl11GetThrottleEv) for RcCtrl::GetThrottle()
    main.o(i._Z18Timer10ms_CallbackPKv) refers to rcctrl.o(i._ZN6RcCtrl13GetTargetRollEv) for RcCtrl::GetTargetRoll()
    main.o(i._Z18Timer10ms_CallbackPKv) refers to rcctrl.o(i._ZN6RcCtrl14GetTargetPitchEv) for RcCtrl::GetTargetPitch()
    main.o(i._Z18Timer10ms_CallbackPKv) refers to rcctrl.o(i._ZN6RcCtrl12GetTargetYawEv) for RcCtrl::GetTargetYaw()
    main.o(i._Z18Timer10ms_CallbackPKv) refers to attitudecontrol.o(i._ZN15AttitudeControl19RunAttitudeControlVEfPfS0_S0_S0_) for AttitudeControl::RunAttitudeControlV(float, float*, float*, float*, float*)
    main.o(i._Z18Timer10ms_CallbackPKv) refers to memcpya.o(.text) for __aeabi_memcpy4
    main.o(i._Z18Timer10ms_CallbackPKv) refers to usb_device.o(i.UsbSendData) for UsbSendData
    main.o(i._Z18Timer10ms_CallbackPKv) refers to main.o(.bss) for .bss
    main.o(i._Z18Timer10ms_CallbackPKv) refers to main.o(.data) for .data
    main.o(i._Z8RcThreadPKv) refers to rcctrl.o(i._ZN6RcCtrl6Run2msEj) for RcCtrl::Run2ms(unsigned)
    main.o(i._Z8RcThreadPKv) refers to rt_cmsis.o(i.osDelay) for osDelay
    main.o(i._Z8RcThreadPKv) refers to rt_time.o(.data) for os_time
    main.o(i._Z8RcThreadPKv) refers to main.o(.bss) for .bss
    main.o(i._Z9LedThreadPKv) refers to led.o(i._ZN7LedCtrl12ToggleRedLedEv) for LedCtrl::ToggleRedLed()
    main.o(i._Z9LedThreadPKv) refers to led.o(i._ZN7LedCtrl10SetBlueLedEi) for LedCtrl::SetBlueLed(int)
    main.o(i._Z9LedThreadPKv) refers to led.o(i._ZN7LedCtrl13ToggleBlueLedEv) for LedCtrl::ToggleBlueLed()
    main.o(i._Z9LedThreadPKv) refers to led.o(i._ZN7LedCtrl9SetRedLedEi) for LedCtrl::SetRedLed(int)
    main.o(i._Z9LedThreadPKv) refers to led.o(i._ZN7LedCtrl14ToggleGreenLedEv) for LedCtrl::ToggleGreenLed()
    main.o(i._Z9LedThreadPKv) refers to led.o(i._ZN7LedCtrl11SetGreenLedEi) for LedCtrl::SetGreenLed(int)
    main.o(i._Z9LedThreadPKv) refers to rt_cmsis.o(i.osDelay) for osDelay
    main.o(i._Z9LedThreadPKv) refers to main.o(.data) for .data
[...]
    HAL_RCC_OscConfig                        0x08001ed9   Thumb Code   806  stm32f4xx_hal_rcc.o(i.HAL_RCC_OscConfig)
    HAL_SPI_Init                             0x08002215   Thumb Code   132  stm32f4xx_hal_spi.o(i.HAL_SPI_Init)
    HAL_SPI_MspInit                          0x08002299   Thumb Code     2  stm32f4xx_hal_spi.o(i.HAL_SPI_MspInit)
    HAL_SPI_TransmitReceive                  0x0800229b   Thumb Code   682  stm32f4xx_hal_spi.o(i.HAL_SPI_TransmitReceive)
    HAL_SYSTICK_Config                       0x08002545   Thumb Code    40  stm32f4xx_hal_cortex.o(i.HAL_SYSTICK_Config)
    HAL_TIM_PWM_ConfigChannel                0x0800256d   Thumb Code   208  stm32f4xx_hal_tim.o(i.HAL_TIM_PWM_ConfigChannel)
    HAL_TIM_PWM_Init                         0x0800263d   Thumb Code    54  stm32f4xx_hal_tim.o(i.HAL_TIM_PWM_Init)
    HAL_TIM_PWM_MspInit                      0x08002673   Thumb Code     2  stm32f4xx_hal_tim.o(i.HAL_TIM_PWM_MspInit)
    HAL_TIM_PWM_Start                        0x08002675   Thumb Code    48  stm32f4xx_hal_tim.o(i.HAL_TIM_PWM_Start)
    HAL_UART_ErrorCallback                   0x080026ad   Thumb Code     2  stm32f4xx_hal_uart.o(i.HAL_UART_ErrorCallback)
    HAL_UART_Init                            0x080026af   Thumb Code    94  stm32f4xx_hal_uart.o(i.HAL_UART_Init)
    HAL_UART_MspInit                         0x0800270d   Thumb Code     2  stm32f4xx_hal_uart.o(i.HAL_UART_MspInit)
    HAL_UART_Receive_DMA                     0x08002711   Thumb Code   122  stm32f4xx_hal_uart.o(i.HAL_UART_Receive_DMA)
    HAL_UART_RxCpltCallback                  0x08002799   Thumb Code     2  stm32f4xx_hal_uart.o(i.HAL_UART_RxCpltCallback)
    HAL_UART_RxHalfCpltCallback              0x0800279b   Thumb Code     2  stm32f4xx_hal_uart.o(i.HAL_UART_RxHalfCpltCallback)
    HardFault_Handler                        0x0800279d   Thumb Code     8  stm32f4xx_it.o(i.HardFault_Handler)
    MX_USB_DEVICE_Init                       0x080027a9   Thumb Code    38  usb_device.o(i.MX_USB_DEVICE_Init)
    MemManage_Handler                        0x080027e1   Thumb Code     8  stm32f4xx_it.o(i.MemManage_Handler)
    OTG_FS_IRQHandler                        0x0800280d   Thumb Code     6  stm32f4xx_it.o(i.OTG_FS_IRQHandler)
    SystemInit                               0x0800294d   Thumb Code    66  system_stm32f4xx.o(i.SystemInit)
    TIM_Base_SetConfig                       0x080029a1   Thumb Code   148  stm32f4xx_hal_tim.o(i.TIM_Base_SetConfig)
    TIM_CCxChannelCmd                        0x08002a61   Thumb Code    22  stm32f4xx_hal_tim.o(i.TIM_CCxChannelCmd)
    TIM_OC2_SetConfig                        0x08002ad1   Thumb Code    90  stm32f4xx_hal_tim.o(i.TIM_OC2_SetConfig)
    USBD_CUSTOM_HID_RegisterInterface        0x08002ea1   Thumb Code    16  usbd_customhid.o(i.USBD_CUSTOM_HID_RegisterInterface)
    USBD_CUSTOM_HID_SendReport               0x08002eb1   Thumb Code    40  usbd_customhid.o(i.USBD_CUSTOM_HID_SendReport)
    USBD_ClrClassConfig                      0x08002f91   Thumb Code    14  usbd_core.o(i.USBD_ClrClassConfig)
    USBD_CtlContinueRx                       0x08002f9f   Thumb Code    16  usbd_ioreq.o(i.USBD_CtlContinueRx)
    USBD_CtlContinueSendData                 0x08002faf   Thumb Code    16  usbd_ioreq.o(i.USBD_CtlContinueSendData)
    USBD_CtlError                            0x08002fbf   Thumb Code    22  usbd_ctlreq.o(i.USBD_CtlError)
    USBD_CtlPrepareRx                        0x08002fd5   Thumb Code    30  usbd_ioreq.o(i.USBD_CtlPrepareRx)
    USBD_CtlReceiveStatus                    0x08002ff3   Thumb Code    22  usbd_ioreq.o(i.USBD_CtlReceiveStatus)
    USBD_CtlSendData                         0x08003009   Thumb Code    26  usbd_ioreq.o(i.USBD_CtlSendData)
    USBD_CtlSendStatus                       0x08003023   Thumb Code    22  usbd_ioreq.o(i.USBD_CtlSendStatus)
    USBD_FS_ConfigStrDescriptor              0x08003039   Thumb Code    16  usbd_desc.o(i.USBD_FS_ConfigStrDescriptor)
    USBD_FS_DeviceDescriptor                 0x08003059   Thumb Code     8  usbd_desc.o(i.USBD_FS_DeviceDescriptor)
    USBD_FS_InterfaceStrDescriptor           0x08003065   Thumb Code    16  usbd_desc.o(i.USBD_FS_InterfaceStrDescriptor)
    USBD_FS_LangIDStrDescriptor              0x08003089   Thumb Code     8  usbd_desc.o(i.USBD_FS_LangIDStrDescriptor)
    USBD_FS_ManufacturerStrDescriptor        0x08003095   Thumb Code    16  usbd_desc.o(i.USBD_FS_ManufacturerStrDescriptor)
    USBD_FS_ProductStrDescriptor             0x080030b1   Thumb Code    16  usbd_desc.o(i.USBD_FS_ProductStrDescriptor)
    USBD_FS_SerialStrDescriptor              0x080030d9   Thumb Code    16  usbd_desc.o(i.USBD_FS_SerialStrDescriptor)
    USBD_GetString                           0x080031dd   Thumb Code    70  usbd_ctlreq.o(i.USBD_GetString)
    USBD_Init                                0x08003223   Thumb Code    42  usbd_core.o(i.USBD_Init)
    USBD_LL_ClearStallEP                     0x0800324d   Thumb Code    14  usbd_conf.o(i.USBD_LL_ClearStallEP)
    USBD_LL_CloseEP                          0x0800325b   Thumb Code    14  usbd_conf.o(i.USBD_LL_CloseEP)
    USBD_LL_DataInStage                      0x08003269   Thumb Code   160  usbd_core.o(i.USBD_LL_DataInStage)
    USBD_LL_DataOutStage                     0x08003309   Thumb Code   106  usbd_core.o(i.USBD_LL_DataOutStage)
    USBD_LL_DevConnected                     0x08003373   Thumb Code     4  usbd_core.o(i.USBD_LL_DevConnected)
    USBD_LL_DevDisconnected                  0x08003377   Thumb Code    22  usbd_core.o(i.USBD_LL_DevDisconnected)
    USBD_LL_Init                             0x0800338d   Thumb Code    90  usbd_conf.o(i.USBD_LL_Init)
    USBD_LL_IsStallEP                        0x080033ed   Thumb Code    32  usbd_conf.o(i.USBD_LL_IsStallEP)
    USBD_LL_IsoINIncomplete                  0x0800340d   Thumb Code     4  usbd_core.o(i.USBD_LL_IsoINIncomplete)
    USBD_LL_IsoOUTIncomplete                 0x08003411   Thumb Code     4  usbd_core.o(i.USBD_LL_IsoOUTIncomplete)
    USBD_LL_OpenEP                           0x08003415   Thumb Code    20  usbd_conf.o(i.USBD_LL_OpenEP)
    USBD_LL_PrepareReceive                   0x08003429   Thumb Code    14  usbd_conf.o(i.USBD_LL_PrepareReceive)
    USBD_LL_Reset                            0x08003437   Thumb Code    62  usbd_core.o(i.USBD_LL_Reset)
    USBD_LL_Resume                           0x08003475   Thumb Code    12  usbd_core.o(i.USBD_LL_Resume)
    USBD_LL_SOF                              0x08003481   Thumb Code    24  usbd_core.o(i.USBD_LL_SOF)
    USBD_LL_SetSpeed                         0x08003499   Thumb Code     6  usbd_core.o(i.USBD_LL_SetSpeed)
    USBD_LL_SetUSBAddress                    0x0800349f   Thumb Code    14  usbd_conf.o(i.USBD_LL_SetUSBAddress)
    USBD_LL_SetupStage                       0x080034ad   Thumb Code    90  usbd_core.o(i.USBD_LL_SetupStage)
    USBD_LL_StallEP                          0x08003507   Thumb Code    14  usbd_conf.o(i.USBD_LL_StallEP)
    USBD_LL_Start                            0x08003515   Thumb Code    14  usbd_conf.o(i.USBD_LL_Start)
    USBD_LL_Suspend                          0x08003523   Thumb Code    18  usbd_core.o(i.USBD_LL_Suspend)
    USBD_LL_Transmit                         0x08003535   Thumb Code    14  usbd_conf.o(i.USBD_LL_Transmit)
    USBD_ParseSetupRequest                   0x08003543   Thumb Code    40  usbd_ctlreq.o(i.USBD_ParseSetupRequest)
    USBD_RegisterClass                       0x0800356b   Thumb Code    16  usbd_core.o(i.USBD_RegisterClass)
    USBD_SetClassConfig                      0x0800357b   Thumb Code    22  usbd_core.o(i.USBD_SetClassConfig)
    USBD_Start                               0x08003605   Thumb Code    10  usbd_core.o(i.USBD_Start)
    USBD_StdDevReq                           0x0800360f   Thumb Code   242  usbd_ctlreq.o(i.USBD_StdDevReq)
    USBD_StdEPReq                            0x08003701   Thumb Code   192  usbd_ctlreq.o(i.USBD_StdEPReq)
    USBD_StdItfReq                           0x080037c1   Thumb Code    52  usbd_ctlreq.o(i.USBD_StdItfReq)
    USB_ActivateEndpoint                     0x080037f5   Thumb Code   122  stm32f4xx_ll_usb.o(i.USB_ActivateEndpoint)
    USB_ActivateSetup                        0x08003875   Thumb Code    52  stm32f4xx_ll_usb.o(i.USB_ActivateSetup)
    USB_CoreInit                             0x080038a9   Thumb Code   104  stm32f4xx_ll_usb.o(i.USB_CoreInit)
    USB_DeactivateEndpoint                   0x0800394d   Thumb Code   110  stm32f4xx_ll_usb.o(i.USB_DeactivateEndpoint)
    USB_DevConnect                           0x080039bb   Thumb Code    24  stm32f4xx_ll_usb.o(i.USB_DevConnect)
    USB_DevDisconnect                        0x080039d3   Thumb Code    24  stm32f4xx_ll_usb.o(i.USB_DevDisconnect)
    USB_DevInit                              0x080039ed   Thumb Code   306  stm32f4xx_ll_usb.o(i.USB_DevInit)
    USB_DisableGlobalInt                     0x08003b31   Thumb Code    12  stm32f4xx_ll_usb.o(i.USB_DisableGlobalInt)
    USB_EP0StartXfer                         0x08003b3d   Thumb Code   316  stm32f4xx_ll_usb.o(i.USB_EP0StartXfer)
    USB_EP0_OutStart                         0x08003c7d   Thumb Code    62  stm32f4xx_ll_usb.o(i.USB_EP0_OutStart)
    USB_EPClearStall                         0x08003cbb   Thumb Code   100  stm32f4xx_ll_usb.o(i.USB_EPClearStall)
    USB_EPSetStall                           0x08003d1f   Thumb Code    94  stm32f4xx_ll_usb.o(i.USB_EPSetStall)
    USB_EPStartXfer                          0x08003d7d   Thumb Code   534  stm32f4xx_ll_usb.o(i.USB_EPStartXfer)
    USB_EnableGlobalInt                      0x08003f99   Thumb Code    12  stm32f4xx_ll_usb.o(i.USB_EnableGlobalInt)
    USB_FlushRxFifo                          0x08003fa5   Thumb Code    28  stm32f4xx_ll_usb.o(i.USB_FlushRxFifo)
    USB_FlushTxFifo                          0x08003fc5   Thumb Code    32  stm32f4xx_ll_usb.o(i.USB_FlushTxFifo)
    USB_GetDevSpeed                          0x08003fe9   Thumb Code    60  stm32f4xx_ll_usb.o(i.USB_GetDevSpeed)
    USB_GetMode                              0x08004025   Thumb Code     8  stm32f4xx_ll_usb.o(i.USB_GetMode)
    USB_ReadDevAllInEpInterrupt              0x0800402d   Thumb Code    14  stm32f4xx_ll_usb.o(i.USB_ReadDevAllInEpInterrupt)
    USB_ReadDevAllOutEpInterrupt             0x0800403b   Thumb Code    14  stm32f4xx_ll_usb.o(i.USB_ReadDevAllOutEpInterrupt)
    USB_ReadDevInEPInterrupt                 0x08004049   Thumb Code    30  stm32f4xx_ll_usb.o(i.USB_ReadDevInEPInterrupt)
    USB_ReadDevOutEPInterrupt                0x08004067   Thumb Code    16  stm32f4xx_ll_usb.o(i.USB_ReadDevOutEPInterrupt)
    USB_ReadInterrupts                       0x08004077   Thumb Code     8  stm32f4xx_ll_usb.o(i.USB_ReadInterrupts)
    USB_ReadPacket                           0x0800407f   Thumb Code    32  stm32f4xx_ll_usb.o(i.USB_ReadPacket)
    USB_SetCurrentMode                       0x0800409f   Thumb Code    44  stm32f4xx_ll_usb.o(i.USB_SetCurrentMode)
    USB_SetDevAddress                        0x080040cb   Thumb Code    34  stm32f4xx_ll_usb.o(i.USB_SetDevAddress)
    USB_WritePacket                          0x080040ed   Thumb Code    40  stm32f4xx_ll_usb.o(i.USB_WritePacket)
    UsageFault_Handler                       0x08004115   Thumb Code     8  stm32f4xx_it.o(i.UsageFault_Handler)
    UsbReceivData                            0x08004121   Thumb Code     4  usb_device.o(i.UsbReceivData)
    UsbSendData                              0x08004125   Thumb Code    26  usb_device.o(i.UsbSendData)
    Timer2ms_Callback(const void*)           0x08004145   Thumb Code   178  main.o(i._Z17Timer2ms_CallbackPKv)
    SystemClock_Config()                     0x08004215   Thumb Code   108  main.o(i._Z18SystemClock_Configv)
    Timer10ms_Callback(const void*)          0x08004289   Thumb Code   456  main.o(i._Z18Timer10ms_CallbackPKv)
    RcThread(const void*)                    0x08004489   Thumb Code    18  main.o(i._Z8RcThreadPKv)
    LedThread(const void*)                   0x080044a5   Thumb Code   132  main.o(i._Z9LedThreadPKv)
    Ms5611Ctrl::GetPressure()                0x08004531   Thumb Code   320  ms5611.o(i._ZN10Ms5611Ctrl11GetPressureEv)
    Ms5611Ctrl::ReadRegister(unsigned char, void*, int) 0x080046a5   Thumb Code    92  ms5611.o(i._ZN10Ms5611Ctrl12ReadRegisterEhPvi)
    Ms5611Ctrl::GetPressureKF(float, float)  0x08004705   Thumb Code   434  ms5611.o(i._ZN10Ms5611Ctrl13GetPressureKFEff)
    Ms5611Ctrl::GetTemperature()             0x080048c5   Thumb Code    82  ms5611.o(i._ZN10Ms5611Ctrl14GetTemperatureEv)
    Ms5611Ctrl::ConvertionPressure()         0x08004931   Thumb Code    12  ms5611.o(i._ZN10Ms5611Ctrl18ConvertionPressureEv)
    Ms5611Ctrl::ConvertionTemperature()      0x0800493d   Thumb Code    12  ms5611.o(i._ZN10Ms5611Ctrl21ConvertionTemperatureEv)
    Ms5611Ctrl::Init(SpiCtrl*)               0x08004949   Thumb Code    86  ms5611.o(i._ZN10Ms5611Ctrl4InitEP7SpiCtrl)
    Ms5611Ctrl::Reset()                      0x080049a9   Thumb Code   134  ms5611.o(i._ZN10Ms5611Ctrl5ResetEv)
    Ms5611Ctrl::WriteCmd(unsigned char)      0x08004a35   Thumb Code    52  ms5611.o(i._ZN10Ms5611Ctrl8WriteCmdEh)
    Hmc5983Ctrl::ReadMagnetic(short*)        0x08004a6d   Thumb Code    90  hmc5983.o(i._ZN11Hmc5983Ctrl12ReadMagneticEPs)
    Hmc5983Ctrl::WriteRegister(unsigned char, void*, int) 0x08004acd   Thumb Code    84  hmc5983.o(i._ZN11Hmc5983Ctrl13WriteRegisterEhPvi)
    Hmc5983Ctrl::ReadMagneticFloat(float*)   0x08004b25   Thumb Code    52  hmc5983.o(i._ZN11Hmc5983Ctrl17ReadMagneticFloatEPf)
    Hmc5983Ctrl::Init(SpiCtrl*)              0x08004b5d   Thumb Code    92  hmc5983.o(i._ZN11Hmc5983Ctrl4InitEP7SpiCtrl)
    Lsm6ds33Ctrl::InitLsm6ds33()             0x08004bc5   Thumb Code   128  lsm6ds33.o(i._ZN12Lsm6ds33Ctrl12InitLsm6ds33Ev)
    Lsm6ds33Ctrl::ReadRegister(unsigned char) 0x08004c4d   Thumb Code    60  lsm6ds33.o(i._ZN12Lsm6ds33Ctrl12ReadRegisterEh)
    Lsm6ds33Ctrl::ReadRegister(unsigned char, void*, int) 0x08004c8d   Thumb Code    82  lsm6ds33.o(i._ZN12Lsm6ds33Ctrl12ReadRegisterEhPvi)
    Lsm6ds33Ctrl::WriteRegister(unsigned char, void*, int) 0x08004ce5   Thumb Code    74  lsm6ds33.o(i._ZN12Lsm6ds33Ctrl13WriteRegisterEhPvi)
    Lsm6ds33Ctrl::WriteRegister(unsigned char, unsigned char) 0x08004d35   Thumb Code    56  lsm6ds33.o(i._ZN12Lsm6ds33Ctrl13WriteRegisterEhh)
    Lsm6ds33Ctrl::GyroCalibration(int)       0x08004d71   Thumb Code    30  lsm6ds33.o(i._ZN12Lsm6ds33Ctrl15GyroCalibrationEi)
    Lsm6ds33Ctrl::MPU_Get_AllData(LSM6DS33_DATAStruct*) 0x08004d9d   Thumb Code    16  lsm6ds33.o(i._ZN12Lsm6ds33Ctrl15MPU_Get_AllDataEP19LSM6DS33_DATAStruct)
    Lsm6ds33Ctrl::DynamicGyroCalibration(float*, float) 0x08004dad   Thumb Code    36  lsm6ds33.o(i._ZN12Lsm6ds33Ctrl22DynamicGyroCalibrationEPff)
    Lsm6ds33Ctrl::MPU_GetAngularAcceleration(LSM6DS33_FDATAStruct*) 0x08004dd1   Thumb Code    92  lsm6ds33.o(i._ZN12Lsm6ds33Ctrl26MPU_GetAngularAccelerationEP20LSM6DS33_FDATAStruct)
    Lsm6ds33Ctrl::Init(SpiCtrl*)             0x08004e2d   Thumb Code    90  lsm6ds33.o(i._ZN12Lsm6ds33Ctrl4InitEP7SpiCtrl)
    AttitudeControl::WrapAnglePI(float)      0x08004e91   Thumb Code    36  attitudecontrol.o(i._ZN15AttitudeControl11WrapAnglePIEf)
    AttitudeControl::RunAttitudeControlV(float, float*, float*, float*, float*) 0x08004ec1   Thumb Code   430  attitudecontrol.o(i._ZN15AttitudeControl19RunAttitudeControlVEfPfS0_S0_S0_)
    AttitudeControl::Init()                  0x08005089   Thumb Code   164  attitudecontrol.o(i._ZN15AttitudeControl4InitEv)
    AttitudeCalculationEKF::CrossMatrix(float*, float*) 0x08005151   Thumb Code    78  attitudecalculationekf.o(i._ZN22AttitudeCalculationEKF11CrossMatrixEPfS0_)
    AttitudeCalculationEKF::CrossVector(float*, float*, float*) 0x080051a5   Thumb Code    86  attitudecalculationekf.o(i._ZN22AttitudeCalculationEKF11CrossVectorEPfS0_S0_)
    AttitudeCalculationEKF::GetOutAngle(float*) 0x080051fb   Thumb Code    84  attitudecalculationekf.o(i._ZN22AttitudeCalculationEKF11GetOutAngleEPf)
    AttitudeCalculationEKF::PredictionP(float*, float*, float*) 0x08005251   Thumb Code   116  attitudecalculationekf.o(i._ZN22AttitudeCalculationEKF11PredictionPEPfS0_S0_)
    AttitudeCalculationEKF::PredictionX(float*, float) 0x080052c5   Thumb Code   132  attitudecalculationekf.o(i._ZN22AttitudeCalculationEKF11PredictionXEPff)
    AttitudeCalculationEKF::CalculationA(float*, float*, float) 0x08005349   Thumb Code   336  attitudecalculationekf.o(i._ZN22AttitudeCalculationEKF12CalculationAEPfS0_f)
    AttitudeCalculationEKF::CalculationK(float*, float*, float*) 0x0800549d   Thumb Code   390  attitudecalculationekf.o(i._ZN22AttitudeCalculationEKF12CalculationKEPfS0_S0_)
    AttitudeCalculationEKF::CalculationRef(float*) 0x08005623   Thumb Code   130  attitudecalculationekf.o(i._ZN22AttitudeCalculationEKF14CalculationRefEPf)
    AttitudeCalculationEKF::ConversionEfToBf(float*, float*) 0x080056a5   Thumb Code   212  attitudecalculationekf.o(i._ZN22AttitudeCalculationEKF16ConversionEfToBfEPfS0_)
    AttitudeCalculationEKF::GetAccelerationEf(float*) 0x0800577d   Thumb Code   102  attitudecalculationekf.o(i._ZN22AttitudeCalculationEKF17GetAccelerationEfEPf)
    AttitudeCalculationEKF::CalcAttitudeAGM_EKF(float*, float*, float*, float, float*) 0x080057e5   Thumb Code   242  attitudecalculationekf.o(i._ZN22AttitudeCalculationEKF19CalcAttitudeAGM_EKFEPfS0_S0_fS0_)
    AttitudeCalculationEKF::MatrixMultTranspose(arm_matrix_instance_f32*, arm_matrix_instance_f32*, arm_matrix_instance_f32*) 0x080058e5   Thumb Code   112  attitudecalculationekf.o(i._ZN22AttitudeCalculationEKF19MatrixMultTransposeEP23arm_matrix_instance_f32S1_S1_)
    AttitudeCalculationEKF::NormalizationVector(float*) 0x08005959   Thumb Code    72  attitudecalculationekf.o(i._ZN22AttitudeCalculationEKF19NormalizationVectorEPf)
    AttitudeCalculationEKF::GetVibrationFrequency() 0x080059a5   Thumb Code     6  attitudecalculationekf.o(i._ZN22AttitudeCalculationEKF21GetVibrationFrequencyEv)
    AttitudeCalculationEKF::GetThrottleCompensation() 0x080059ab   Thumb Code    18  attitudecalculationekf.o(i._ZN22AttitudeCalculationEKF23GetThrottleCompensationEv)
    AttitudeCalculationEKF::Init(float*, float*, float*) 0x080059bd   Thumb Code   132  attitudecalculationekf.o(i._ZN22AttitudeCalculationEKF4InitEPfS0_S0_)
    AttitudeCalculationEKF::UpdataP(float*, float*) 0x08005a49   Thumb Code   220  attitudecalculationekf.o(i._ZN22AttitudeCalculationEKF7UpdataPEPfS0_)
    AttitudeCalculationEKF::UpdataX(float*, float*, float*) 0x08005b29   Thumb Code   170  attitudecalculationekf.o(i._ZN22AttitudeCalculationEKF7UpdataXEPfS0_S0_)
    RcCtrl::GetThrottle()                    0x08005bd3   Thumb Code    52  rcctrl.o(i._ZN6RcCtrl11GetThrottleEv)
    RcCtrl::GetTargetYaw()                   0x08005c07   Thumb Code    54  rcctrl.o(i._ZN6RcCtrl12GetTargetYawEv)
    RcCtrl::GetTargetRoll()                  0x08005c3d   Thumb Code    52  rcctrl.o(i._ZN6RcCtrl13GetTargetRollEv)
    RcCtrl::GetTargetPitch()                 0x08005c71   Thumb Code    54  rcctrl.o(i._ZN6RcCtrl14GetTargetPitchEv)
    RcCtrl::Init()                           0x08005ca7   Thumb Code    58  rcctrl.o(i._ZN6RcCtrl4InitEv)
    RcCtrl::Run2ms(unsigned)                 0x08005ce1   Thumb Code     4  rcctrl.o(i._ZN6RcCtrl6Run2msEj)
    RcCtrl::IsLinked()                       0x08005ce5   Thumb Code     4  rcctrl.o(i._ZN6RcCtrl8IsLinkedEv)
    LedCtrl::SetBlueLed(int)                 0x08005ce9   Thumb Code    10  led.o(i._ZN7LedCtrl10SetBlueLedEi)
    LedCtrl::SetGreenLed(int)                0x08005cf9   Thumb Code    10  led.o(i._ZN7LedCtrl11SetGreenLedEi)
    LedCtrl::ToggleRedLed()                  0x08005d09   Thumb Code     8  led.o(i._ZN7LedCtrl12ToggleRedLedEv)
    LedCtrl::ToggleBlueLed()                 0x08005d15   Thumb Code     8  led.o(i._ZN7LedCtrl13ToggleBlueLedEv)
    LedCtrl::ToggleGreenLed()                0x08005d21   Thumb Code     8  led.o(i._ZN7LedCtrl14ToggleGreenLedEv)
    LedCtrl::LedInit()                       0x08005d2d   Thumb Code    48  led.o(i._ZN7LedCtrl7LedInitEv)
    LedCtrl::SetRedLed(int)                  0x08005d65   Thumb Code    10  led.o(i._ZN7LedCtrl9SetRedLedEi)
    PidCtrl::CalculationPid(float, float)    0x08005d75   Thumb Code   122  calculationpid.o(i._ZN7PidCtrl14CalculationPidEff)
    SpiCtrl::TransmitReceive(unsigned char*, unsigned char*, unsigned short, unsigned) 0x08005def   Thumb Code    14  spi.o(i._ZN7SpiCtrl15TransmitReceiveEPhS0_tj)
    SpiCtrl::Init(int)                       0x08005dfd   Thumb Code   208  spi.o(i._ZN7SpiCtrl4InitEi)
    SpiCtrl::SpiCtrl(int)                    0x08005ee1   Thumb Code     8  spi.o(i._ZN7SpiCtrlC1Ei)
    SpiCtrl::SpiCtrl__sub_object(int)        0x08005ee1   Thumb Code     0  spi.o(i._ZN7SpiCtrlC1Ei)
    SbusCtrl::SbusRun2ms(unsigned)           0x08005ee9   Thumb Code   256  sbus.o(i._ZN8SbusCtrl10SbusRun2msEj)
    SbusCtrl::GetChannelData(int)            0x08005ff1   Thumb Code    22  sbus.o(i._ZN8SbusCtrl14GetChannelDataEi)
    SbusCtrl::Init()                         0x08006007   Thumb Code    22  sbus.o(i._ZN8SbusCtrl4InitEv)
    SbusCtrl::IsLinked()                     0x0800601d   Thumb Code     6  sbus.o(i._ZN8SbusCtrl8IsLinkedEv)
    SbusCtrl::UART_Init()                    0x08006025   Thumb Code   214  sbus.o(i._ZN8SbusCtrl9UART_InitEv)
    MotorCtrl::StopAllMotor()                0x08006115   Thumb Code    20  motor.o(i._ZN9MotorCtrl12StopAllMotorEv)
    MotorCtrl::Init()                        0x08006129   Thumb Code   194  motor.o(i._ZN9MotorCtrl4InitEv)
    MotorCtrl::SetSpeed(int, float)          0x08006201   Thumb Code    52  motor.o(i._ZN9MotorCtrl8SetSpeedEif)
    PowerCtrl::Get5VVoltage()                0x08006239   Thumb Code    58  power.o(i._ZN9PowerCtrl12Get5VVoltageEv)
    PowerCtrl::GetMainVoltage()              0x08006281   Thumb Code    56  power.o(i._ZN9PowerCtrl14GetMainVoltageEv)
    PowerCtrl::Init()                        0x080062c5   Thumb Code   234  power.o(i._ZN9PowerCtrl4InitEv)
    __ARM_fpclassifyf                        0x080063c9   Thumb Code    38  fpclassifyf.o(i.__ARM_fpclassifyf)
    __hardfp_asinf                           0x080063f1   Thumb Code   258  asinf.o(i.__hardfp_asinf)
    __hardfp_atan2f                          0x0800651d   Thumb Code   502  atan2f.o(i.__hardfp_atan2f)
    __hardfp_sqrtf                           0x0800676d   Thumb Code    58  sqrtf_full.o(i.__hardfp_sqrtf)
    __mathlib_flt_infnan                     0x080067a7   Thumb Code     6  funder.o(i.__mathlib_flt_infnan)
    __mathlib_flt_infnan2                    0x080067ad   Thumb Code     6  funder.o(i.__mathlib_flt_infnan2)
    __mathlib_flt_invalid                    0x080067b5   Thumb Code    10  funder.o(i.__mathlib_flt_invalid)
    __mathlib_flt_underflow                  0x080067c5   Thumb Code    10  funder.o(i.__mathlib_flt_underflow)
    __scatterload_copy                       0x080067d5   Thumb Code    14  handlers.o(i.__scatterload_copy)
    __scatterload_null                       0x080067e3   Thumb Code     2  handlers.o(i.__scatterload_null)
    __scatterload_zeroinit                   0x080067e5   Thumb Code    14  handlers.o(i.__scatterload_zeroinit)
    __set_errno                              0x080067f5   Thumb Code     6  errno.o(i.__set_errno)
    _init_box                                0x0800681d   Thumb Code    70  rt_membox.o(i._init_box)
    dbg_init                                 0x08006865   Thumb Code    34  hal_cm.o(i.dbg_init)
    dbg_task_notify                          0x08006895   Thumb Code    32  hal_cm.o(i.dbg_task_notify)
    dbg_task_switch                          0x080068b5   Thumb Code    16  hal_cm.o(i.dbg_task_switch)
    free                                     0x080068c5   Thumb Code    76  malloc.o(i.free)
    isrMessageGet                            0x08006915   Thumb Code    42  rt_cmsis.o(i.isrMessageGet)
    isrMessagePut                            0x0800693f   Thumb Code    44  rt_cmsis.o(i.isrMessagePut)
    isr_mbx_receive                          0x0800696d   Thumb Code    82  rt_mailbox.o(i.isr_mbx_receive)
    isr_mbx_send                             0x080069bf   Thumb Code    14  rt_mailbox.o(i.isr_mbx_send)
    main                                     0x080069cd   Thumb Code   522  main.o(i.main)
    malloc                                   0x08006c11   Thumb Code    92  malloc.o(i.malloc)
    osDelay                                  0x08006c7d   Thumb Code    18  rt_cmsis.o(i.osDelay)
    osKernelInitialize                       0x08006c95   Thumb Code    30  rt_cmsis.o(i.osKernelInitialize)
    osKernelStart                            0x08006cb9   Thumb Code    98  rt_cmsis.o(i.osKernelStart)
    osMessageGet                             0x08006d25   Thumb Code    18  rt_cmsis.o(i.osMessageGet)
    osThreadCreate                           0x08006d3d   Thumb Code    38  rt_cmsis.o(i.osThreadCreate)
    osThreadExit                             0x08006d6d   Thumb Code    14  rt_cmsis.o(i.osThreadExit)
    osTimerCall                              0x08006d85   Thumb Code     8  rt_cmsis.o(i.osTimerCall)
    osTimerCreate                            0x08006d91   Thumb Code    44  rt_cmsis.o(i.osTimerCreate)
    osTimerStart                             0x08006dc5   Thumb Code    18  rt_cmsis.o(i.osTimerStart)
    osTimerThread                            0x08006ddd   Thumb Code    38  rt_cmsis.o(i.osTimerThread)
    os_error                                 0x08006e09   Thumb Code     2  rtx_conf_cm.o(i.os_error)
    os_idle_demon                            0x08006e0b   Thumb Code     2  rtx_conf_cm.o(i.os_idle_demon)
    os_tick_init                             0x08006e0d   Thumb Code    32  rt_system.o(i.os_tick_init)
    os_tick_irqack                           0x08006e35   Thumb Code     2  rt_system.o(i.os_tick_irqack)
    rt_alloc_box                             0x08006e37   Thumb Code    26  rt_membox.o(i.rt_alloc_box)
    rt_alloc_mem                             0x08006e51   Thumb Code    62  rt_memory.o(i.rt_alloc_mem)
    rt_block                                 0x08006e91   Thumb Code    48  rt_task.o(i.rt_block)
    rt_chk_robin                             0x08006ec9   Thumb Code    60  rt_robin.o(i.rt_chk_robin)
    rt_dec_dly                               0x08006f11   Thumb Code   102  rt_list.o(i.rt_dec_dly)
    rt_dispatch                              0x08006f81   Thumb Code    60  rt_task.o(i.rt_dispatch)
    rt_dly_wait                              0x08006fc5   Thumb Code     6  rt_time.o(i.rt_dly_wait)
    rt_evt_psh                               0x08006fcd   Thumb Code    76  rt_event.o(i.rt_evt_psh)
    rt_free_box                              0x0800701d   Thumb Code    44  rt_membox.o(i.rt_free_box)
    rt_free_mem                              0x08007049   Thumb Code    40  rt_memory.o(i.rt_free_mem)
    rt_get_first                             0x08007071   Thumb Code    40  rt_list.o(i.rt_get_first)
    rt_init_mem                              0x080070e9   Thumb Code    26  rt_memory.o(i.rt_init_mem)
    rt_init_robin                            0x08007105   Thumb Code    14  rt_robin.o(i.rt_init_robin)
    rt_init_stack                            0x0800711d   Thumb Code   118  hal_cm.o(i.rt_init_stack)
    rt_mbx_check                             0x0800719d   Thumb Code     8  rt_mailbox.o(i.rt_mbx_check)
    rt_mbx_init                              0x080071a5   Thumb Code    26  rt_mailbox.o(i.rt_mbx_init)
    rt_mbx_psh                               0x080071c1   Thumb Code   236  rt_mailbox.o(i.rt_mbx_psh)
    rt_mbx_wait                              0x080072b1   Thumb Code   174  rt_mailbox.o(i.rt_mbx_wait)
    rt_pop_req                               0x080073a9   Thumb Code   112  rt_system.o(i.rt_pop_req)
    rt_psh_req                               0x08007425   Thumb Code    22  rt_system.o(i.rt_psh_req)
    rt_psq_enq                               0x08007445   Thumb Code    88  rt_list.o(i.rt_psq_enq)
    rt_put_dly                               0x080074a1   Thumb Code    68  rt_list.o(i.rt_put_dly)
    rt_put_prio                              0x080074e9   Thumb Code    54  rt_list.o(i.rt_put_prio)
    rt_put_rdy_first                         0x08007521   Thumb Code    14  rt_list.o(i.rt_put_rdy_first)
    rt_resort_prio                           0x08007535   Thumb Code    46  rt_list.o(i.rt_resort_prio)
    rt_ret_val                               0x08007579   Thumb Code    12  hal_cm.o(i.rt_ret_val)
    rt_ret_val2                              0x08007585   Thumb Code    16  hal_cm.o(i.rt_ret_val2)
    rt_rmv_dly                               0x08007595   Thumb Code    40  rt_list.o(i.rt_rmv_dly)
    rt_rmv_list                              0x080075bd   Thumb Code    44  rt_list.o(i.rt_rmv_list)
    rt_sem_psh                               0x080075ed   Thumb Code    48  rt_semaphore.o(i.rt_sem_psh)
    rt_stk_check                             0x08007621   Thumb Code    28  rt_system.o(i.rt_stk_check)
    rt_switch_req                            0x08007645   Thumb Code    30  rt_task.o(i.rt_switch_req)
    rt_sys_init                              0x0800766d   Thumb Code   138  rt_task.o(i.rt_sys_init)
    rt_sys_start                             0x08007739   Thumb Code   110  rt_task.o(i.rt_sys_start)
    rt_systick                               0x080077b1   Thumb Code    50  rt_system.o(i.rt_systick)
    rt_tsk_create                            0x08007875   Thumb Code   118  rt_task.o(i.rt_tsk_create)
    rt_tsk_delete                            0x080078fd   Thumb Code   352  rt_task.o(i.rt_tsk_delete)
    rt_tsk_prio                              0x08007a79   Thumb Code   108  rt_task.o(i.rt_tsk_prio)
    rt_tsk_self                              0x08007af5   Thumb Code    12  rt_task.o(i.rt_tsk_self)
    sqrtf                                    0x08007b05   Thumb Code    62  sqrtf_full.o(i.sqrtf)
    svcDelay                                 0x08007b43   Thumb Code    18  rt_cmsis.o(i.svcDelay)
    svcKernelInitialize                      0x08007b55   Thumb Code    80  rt_cmsis.o(i.svcKernelInitialize)
    svcKernelStart                           0x08007bc5   Thumb Code    62  rt_cmsis.o(i.svcKernelStart)
    svcMessageCreate                         0x08007c0d   Thumb Code    36  rt_cmsis.o(i.svcMessageCreate)
    svcMessageGet                            0x08007c31   Thumb Code    58  rt_cmsis.o(i.svcMessageGet)
    svcThreadCreate                          0x08007c6d   Thumb Code   100  rt_cmsis.o(i.svcThreadCreate)
    svcThreadGetId                           0x08007cdd   Thumb Code    22  rt_cmsis.o(i.svcThreadGetId)
    svcThreadTerminate                       0x08007cf9   Thumb Code    50  rt_cmsis.o(i.svcThreadTerminate)
    svcTimerCall                             0x08007d31   Thumb Code    24  rt_cmsis.o(i.svcTimerCall)
    svcTimerCreate                           0x08007d49   Thumb Code    52  rt_cmsis.o(i.svcTimerCreate)
    svcTimerStart                            0x08007d81   Thumb Code    96  rt_cmsis.o(i.svcTimerStart)
    sysTimerTick                             0x08007de5   Thumb Code    84  rt_cmsis.o(i.sysTimerTick)
    os_maxtaskrun                            0x08007e98   Data           2  rtx_conf_cm.o(.constdata)
    os_stackinfo                             0x08007e9c   Data           4  rtx_conf_cm.o(.constdata)
    os_rrobin                                0x08007ea0   Data           4  rtx_conf_cm.o(.constdata)
    os_trv                                   0x08007ea4   Data           4  rtx_conf_cm.o(.constdata)
    os_flags                                 0x08007ea8   Data           1  rtx_conf_cm.o(.constdata)
    CMSIS_RTOS_API_Version                   0x08007eac   Data           4  rtx_conf_cm.o(.constdata)
    CMSIS_RTOS_RTX_Version                   0x08007eb0   Data           4  rtx_conf_cm.o(.constdata)
    os_clockrate                             0x08007eb4   Data           4  rtx_conf_cm.o(.constdata)
    os_timernum                              0x08007eb8   Data           4  rtx_conf_cm.o(.constdata)
    mp_tcb_size                              0x08007ebc   Data           2  rtx_conf_cm.o(.constdata)
    mp_stk_size                              0x08007ec0   Data           4  rtx_conf_cm.o(.constdata)
    os_stack_sz                              0x08007ec4   Data           4  rtx_conf_cm.o(.constdata)
    os_fifo_size                             0x08007ec8   Data           1  rtx_conf_cm.o(.constdata)
    os_thread_def_osTimerThread              0x08007ecc   Data          16  rtx_conf_cm.o(.constdata)
    os_messageQ_def_osTimerMessageQ          0x08007edc   Data           8  rtx_conf_cm.o(.constdata)
    mp_tmr_size                              0x08007ee4   Data           2  rtx_conf_cm.o(.constdata)
    APBAHBPrescTable                         0x08007eee   Data          16  stm32f4xx_hal_rcc.o(.constdata)
    Region$$Table$$Base                      0x08007f00   Number         0  anon$$obj.o(Region$$Table)
    Region$$Table$$Limit                     0x08007f20   Number         0  anon$$obj.o(Region$$Table)
    SHT$$INIT_ARRAY$$Base                    0x08007f20   Number         0  main.o(.init_array)
    SHT$$INIT_ARRAY$$Limit                   0x08007f24   Number         0  cpp_init.o(.init_array)
    sysStatus                                0x20000000   Data           1  main.o(.data)
    powerLowFlag                             0x20000001   Data           1  main.o(.data)
    hmc5983                                  0x2000000c   Data           4  main.o(.data)
    tempTest                                 0x20000010   Data           4  main.o(.data)
    pressTest                                0x20000014   Data           4  main.o(.data)
    throttleTest                             0x20000018   Data           4  main.o(.data)
    powerTest                                0x2000001c   Data           4  main.o(.data)
    power5Vtest                              0x20000020   Data           4  main.o(.data)
    vibrationFrequencyTest                   0x20000024   Data           4  main.o(.data)
    led                                      0x2000007c   Data           1  led.o(.data)
    D2                                       0x20000080   Data           4  ms5611.o(.data)
    D1                                       0x20000084   Data           4  ms5611.o(.data)
    off                                      0x20000088   Data           4  ms5611.o(.data)
    sens                                     0x2000008c   Data           4  ms5611.o(.data)
    tmp                                      0x20000090   Data           4  ms5611.o(.data)
    off2                                     0x20000094   Data           4  ms5611.o(.data)
    sens2                                    0x20000098   Data           4  ms5611.o(.data)
    t2                                       0x2000009c   Data           4  ms5611.o(.data)
    USBD_CustomHID_fops_FS                   0x200000ec   Data          16  usbd_custom_hid_if.o(.data)
    hUsbDevice_1                             0x200000fc   Data           4  usbd_custom_hid_if.o(.data)
    FS_Desc                                  0x20000100   Data          28  usbd_desc.o(.data)
    USBD_LangIDDesc                          0x2000011c   Data           4  usbd_desc.o(.data)
    USBD_FS_DeviceDesc                       0x20000120   Data          18  usbd_desc.o(.data)
    USBD_CUSTOM_HID                          0x20000134   Data          56  usbd_customhid.o(.data)
    m_tmr                                    0x200001b0   Data           4  rtx_conf_cm.o(.data)
    os_thread_def_main                       0x200001b4   Data          16  rtx_conf_cm.o(.data)
    osThreadId_osTimerThread                 0x200001c4   Data           4  rtx_conf_cm.o(.data)
    osMessageQId_osTimerMessageQ             0x200001c8   Data           4  rtx_conf_cm.o(.data)
    SystemCoreClock                          0x200001cc   Data           4  system_stm32f4xx.o(.data)
    AHBPrescTable                            0x200001d0   Data          16  system_stm32f4xx.o(.data)
    os_initialized                           0x200001e0   Data           1  rt_cmsis.o(.data)
    os_running                               0x200001e1   Data           1  rt_cmsis.o(.data)
    os_timer_head                            0x200001e4   Data           4  rt_cmsis.o(.data)
    os_time                                  0x200001e8   Data           4  rt_time.o(.data)
    os_tsk                                   0x200001ec   Data           8  rt_task.o(.data)
    os_tick_irqn                             0x200001f8   Data           4  rt_system.o(.data)
    dbg_msg                                  0x200001fc   Data           1  hal_cm.o(.data)
    os_robin                                 0x20000200   Data           8  rt_robin.o(.data)
    __microlib_freelist                      0x20000208   Data           4  mvars.o(.data)
    __microlib_freelist_initialised          0x2000020c   Data           4  mvars.o(.data)
    testTagetAngle                           0x20000214   Data          12  main.o(.bss)
    spiCtrl2                                 0x2000022c   Data          96  main.o(.bss)
    spiCtrl4                                 0x2000028c   Data          96  main.o(.bss)
    ms5611                                   0x200002ec   Data          60  main.o(.bss)
    lsm6ds33                                 0x20000328   Data          24  main.o(.bss)
    motor                                    0x20000340   Data          60  main.o(.bss)
    power                                    0x2000037c   Data          40  main.o(.bss)
    attitudeEkf                              0x200003a4   Data         100  main.o(.bss)
    attitudeCtrl                             0x20000408   Data         216  main.o(.bss)
    rcCtrl                                   0x200004e0   Data         252  main.o(.bss)
    outAngle                                 0x200005dc   Data          24  main.o(.bss)
    sendFloat                                0x200005f4   Data          64  main.o(.bss)
    outSpeed                                 0x20000634   Data          16  main.o(.bss)
    aOutTest                                 0x20000644   Data          12  main.o(.bss)
    lsm6ds33Data                             0x20000650   Data          28  main.o(.bss)
    os_timer_cb_Timer2ms                     0x2000066c   Data          24  main.o(.bss)
    os_timer_cb_Timer10ms                    0x20000684   Data          24  main.o(.bss)
    UartHandle                               0x200008dc   Data          64  sbus.o(.bss)
    hdma_rx                                  0x2000091c   Data          88  sbus.o(.bss)
    sbusData                                 0x20000974   Data          35  sbus.o(.bss)
    hUsbDeviceFS                             0x20000998   Data         548  usb_device.o(.bss)
    hpcd_USB_OTG_FS                          0x20000bbc   Data         952  usbd_conf.o(.bss)
    USBD_StrDesc                             0x20000f74   Data         512  usbd_desc.o(.bss)
    os_messageQ_q_osTimerMessageQ            0x20001174   Data          24  rtx_conf_cm.o(.bss)
    mp_tcb                                   0x2000118c   Data         376  rtx_conf_cm.o(.bss)
    mp_stk                                   0x20001308   Data        2064  rtx_conf_cm.o(.bss)
    os_stack_mem                             0x20001b18   Data       16448  rtx_conf_cm.o(.bss)
    os_fifo                                  0x20005b58   Data         132  rtx_conf_cm.o(.bss)
    os_active_TCB                            0x20005bdc   Data          28  rtx_conf_cm.o(.bss)
    os_idle_TCB                              0x20005bf8   Data          52  rt_task.o(.bss)
    os_rdy                                   0x20005c2c   Data          24  rt_list.o(.bss)
    os_dly                                   0x20005c44   Data          24  rt_list.o(.bss)
    __heap_base                              0x20005c60   Data           0  startup_stm32f427xx.o(HEAP)
    __heap_limit                             0x20007c60   Data           0  startup_stm32f427xx.o(HEAP)
    __initial_sp                             0x20007e60   Data           0  startup_stm32f427xx.o(STACK)



==============================================================================

Memory Map of the image

  Image Entry point : 0x080001ad

  Load Region LR_IROM1 (Base: 0x08000000, Size: 0x00008138, Max: 0x00100000, ABSOLUTE, COMPRESSED[0x00008008])

    Execution Region ER_IROM1 (Base: 0x08000000, Size: 0x00007f24, Max: 0x00100000, ABSOLUTE)

    Base Addr    Size         Type   Attr      Idx    E Section Name        Object

    0x08000000   0x000001ac   Data   RO         2200    RESET               startup_stm32f427xx.o
    0x080001ac   0x00000000   Code   RO         7075  * .ARM.Collect$$$$00000000  mc_w.l(entry.o)
    0x080001ac   0x00000004   Code   RO         7135    .ARM.Collect$$$$00000001  mc_w.l(entry2.o)
    0x080001b0   0x00000004   Code   RO         7138    .ARM.Collect$$$$00000004  mc_w.l(entry5.o)
    0x080001b4   0x00000000   Code   RO         7140    .ARM.Collect$$$$00000008  mc_w.l(entry7b.o)
    0x080001b4   0x00000004   Code   RO         7141    .ARM.Collect$$$$00000009  mc_w.l(entry8a.o)
    0x080001b8   0x00000000   Code   RO         7142    .ARM.Collect$$$$0000000A  mc_w.l(entry8b.o)
    0x080001b8   0x00000000   Code   RO         7143    .ARM.Collect$$$$0000000D  mc_w.l(entry10a.o)
    0x080001b8   0x00000000   Code   RO         7145    .ARM.Collect$$$$0000000F  mc_w.l(entry11a.o)
    0x080001b8   0x00000018   Code   RO         2136    .ARM.Collect$$$$000000FF  rtx_conf_cm.o
    0x080001d0   0x00000004   Code   RO         7136    .ARM.Collect$$$$00002712  mc_w.l(entry2.o)
    0x080001d4   0x00000198   Code   RO         7026    .emb_text           RTX_CM4.lib(hal_cm4.o)
    0x0800036c   0x00000024   Code   RO         2201    .text               startup_stm32f427xx.o
    0x08000390   0x00000530   Code   RO         5747    .text               arm_cortexM4lf_math.lib(arm_mat_inverse_f32.o)
    0x080008c0   0x0000013c   Code   RO         5799    .text               arm_cortexM4lf_math.lib(arm_mat_mult_f32.o)
    0x080009fc   0x00000062   Code   RO         7078    .text               mc_w.l(uldiv.o)
    0x08000a5e   0x00000024   Code   RO         7080    .text               mc_w.l(memcpya.o)
    0x08000a82   0x00000002   PAD
    0x08000a84   0x00000020   Code   RO         7117    .text               mc_w.l(cpp_init.o)
    0x08000aa4   0x0000001e   Code   RO         7147    .text               mc_w.l(llshl.o)
    0x08000ac2   0x00000020   Code   RO         7149    .text               mc_w.l(llushr.o)
    0x08000ae2   0x00000000   Code   RO         7160    .text               mc_w.l(iusefp.o)
    0x08000ae2   0x00000002   PAD
    0x08000ae4   0x00000024   Code   RO         7163    .text               mc_w.l(init.o)
    0x08000b08   0x00000056   Code   RO         7175    .text               mc_w.l(__dczerorl2.o)
    0x08000b5e   0x00000002   PAD
    0x08000b60   0x00000004   Code   RO         7036    SVC_TABLE           RTX_CM4.lib(svc_table.o)
    0x08000b64   0x0000001e   Code   RO         2402    i.ADC_DMAConvCplt   stm32f4xx_hal_adc.o
    0x08000b82   0x00000018   Code   RO         2403    i.ADC_DMAError      stm32f4xx_hal_adc.o
    0x08000b9a   0x0000000a   Code   RO         2404    i.ADC_DMAHalfConvCplt  stm32f4xx_hal_adc.o
    0x08000ba4   0x00000134   Code   RO         2405    i.ADC_Init          stm32f4xx_hal_adc.o
    0x08000cd8   0x0000000c   Code   RO          283    i.BusFault_Handler  stm32f4xx_it.o
    0x08000ce4   0x00000004   Code   RO         1568    i.CUSTOM_HID_DeInit_FS  usbd_custom_hid_if.o
    0x08000ce8   0x00000014   Code   RO         1569    i.CUSTOM_HID_Init_FS  usbd_custom_hid_if.o
    0x08000cfc   0x0000000a   Code   RO         1570    i.CUSTOM_HID_OutEvent_FS  usbd_custom_hid_if.o
    0x08000d06   0x00000002   PAD
    0x08000d08   0x00000028   Code   RO         2800    i.DMA_CalcBaseAndBitshift  stm32f4xx_hal_dma.o
    0x08000d30   0x00000028   Code   RO         2801    i.DMA_SetConfig     stm32f4xx_hal_dma.o
    0x08000d58   0x0000000c   Code   RO          284    i.DebugMon_Handler  stm32f4xx_it.o
    0x08000d64   0x00000154   Code   RO         2407    i.HAL_ADC_ConfigChannel  stm32f4xx_hal_adc.o
    0x08000eb8   0x00000002   Code   RO         2408    i.HAL_ADC_ConvCpltCallback  stm32f4xx_hal_adc.o
    0x08000eba   0x00000002   Code   RO         2409    i.HAL_ADC_ConvHalfCpltCallback  stm32f4xx_hal_adc.o
    0x08000ebc   0x00000002   Code   RO         2411    i.HAL_ADC_ErrorCallback  stm32f4xx_hal_adc.o
    0x08000ebe   0x0000003a   Code   RO         2416    i.HAL_ADC_Init      stm32f4xx_hal_adc.o
    0x08000ef8   0x00000002   Code   RO         2419    i.HAL_ADC_MspInit   stm32f4xx_hal_adc.o
    0x08000efa   0x00000002   PAD
    0x08000efc   0x000000b0   Code   RO         2423    i.HAL_ADC_Start_DMA  stm32f4xx_hal_adc.o
    0x08000fac   0x00000078   Code   RO         2807    i.HAL_DMA_Init      stm32f4xx_hal_dma.o
    0x08001024   0x0000004e   Code   RO         2810    i.HAL_DMA_Start_IT  stm32f4xx_hal_dma.o
    0x08001072   0x00000016   Code   RO         2251    i.HAL_Delay         stm32f4xx_hal.o
    0x08001088   0x000001cc   Code   RO         3145    i.HAL_GPIO_Init     stm32f4xx_hal_gpio.o
    0x08001254   0x00000008   Code   RO         3148    i.HAL_GPIO_TogglePin  stm32f4xx_hal_gpio.o
    0x0800125c   0x0000000a   Code   RO         3149    i.HAL_GPIO_WritePin  stm32f4xx_hal_gpio.o
    0x08001266   0x00000002   PAD
    0x08001268   0x0000000c   Code   RO            4    i.HAL_GetTick       main.o
    0x08001274   0x00000034   Code   RO         2261    i.HAL_Init          stm32f4xx_hal.o
    0x080012a8   0x00000022   Code   RO         2262    i.HAL_InitTick      stm32f4xx_hal.o
    0x080012ca   0x00000008   Code   RO         2264    i.HAL_MspInit       stm32f4xx_hal.o
    0x080012d2   0x00000016   Code   RO         2680    i.HAL_NVIC_EnableIRQ  stm32f4xx_hal_cortex.o
    0x080012e8   0x00000040   Code   RO         2686    i.HAL_NVIC_SetPriority  stm32f4xx_hal_cortex.o
    0x08001328   0x00000024   Code   RO         2687    i.HAL_NVIC_SetPriorityGrouping  stm32f4xx_hal_cortex.o
    0x0800134c   0x00000008   Code   RO         3750    i.HAL_PCDEx_SetRxFiFo  stm32f4xx_hal_pcd_ex.o
    0x08001354   0x00000044   Code   RO         3751    i.HAL_PCDEx_SetTxFiFo  stm32f4xx_hal_pcd_ex.o
    0x08001398   0x00000008   Code   RO         1379    i.HAL_PCD_ConnectCallback  usbd_conf.o
    0x080013a0   0x00000012   Code   RO         1380    i.HAL_PCD_DataInStageCallback  usbd_conf.o
    0x080013b2   0x00000014   Code   RO         1381    i.HAL_PCD_DataOutStageCallback  usbd_conf.o
    0x080013c6   0x00000008   Code   RO         1382    i.HAL_PCD_DisconnectCallback  usbd_conf.o
    0x080013ce   0x00000044   Code   RO         3544    i.HAL_PCD_EP_Close  stm32f4xx_hal_pcd.o
    0x08001412   0x00000050   Code   RO         3545    i.HAL_PCD_EP_ClrStall  stm32f4xx_hal_pcd.o
    0x08001462   0x00000054   Code   RO         3548    i.HAL_PCD_EP_Open   stm32f4xx_hal_pcd.o
    0x080014b6   0x00000002   PAD
    0x080014b8   0x0000005e   Code   RO         3549    i.HAL_PCD_EP_Receive  stm32f4xx_hal_pcd.o
    0x08001516   0x00000060   Code   RO         3550    i.HAL_PCD_EP_SetStall  stm32f4xx_hal_pcd.o
    0x08001576   0x00000056   Code   RO         3551    i.HAL_PCD_EP_Transmit  stm32f4xx_hal_pcd.o
    0x080015cc   0x000003fe   Code   RO         3553    i.HAL_PCD_IRQHandler  stm32f4xx_hal_pcd.o
    0x080019ca   0x00000008   Code   RO         1383    i.HAL_PCD_ISOINIncompleteCallback  usbd_conf.o
    0x080019d2   0x00000008   Code   RO         1384    i.HAL_PCD_ISOOUTIncompleteCallback  usbd_conf.o
    0x080019da   0x00000002   PAD
    0x080019dc   0x000000be   Code   RO         3556    i.HAL_PCD_Init      stm32f4xx_hal_pcd.o
    0x08001a9a   0x00000002   PAD
    0x08001a9c   0x00000078   Code   RO         1386    i.HAL_PCD_MspInit   usbd_conf.o
    0x08001b14   0x00000020   Code   RO         1387    i.HAL_PCD_ResetCallback  usbd_conf.o
    0x08001b34   0x00000016   Code   RO         1388    i.HAL_PCD_ResumeCallback  usbd_conf.o
    0x08001b4a   0x00000008   Code   RO         1389    i.HAL_PCD_SOFCallback  usbd_conf.o
    0x08001b52   0x00000024   Code   RO         3562    i.HAL_PCD_SetAddress  stm32f4xx_hal_pcd.o
    0x08001b76   0x0000000e   Code   RO         1390    i.HAL_PCD_SetupStageCallback  usbd_conf.o
    0x08001b84   0x0000002a   Code   RO         3564    i.HAL_PCD_Start     stm32f4xx_hal_pcd.o
    0x08001bae   0x0000001c   Code   RO         1391    i.HAL_PCD_SuspendCallback  usbd_conf.o
    0x08001bca   0x00000002   PAD
    0x08001bcc   0x0000020c   Code   RO         3973    i.HAL_RCC_ClockConfig  stm32f4xx_hal_rcc.o
    0x08001dd8   0x00000034   Code   RO         3978    i.HAL_RCC_GetHCLKFreq  stm32f4xx_hal_rcc.o
    0x08001e0c   0x0000002c   Code   RO         3980    i.HAL_RCC_GetPCLK1Freq  stm32f4xx_hal_rcc.o
    0x08001e38   0x0000002c   Code   RO         3981    i.HAL_RCC_GetPCLK2Freq  stm32f4xx_hal_rcc.o
    0x08001e64   0x00000074   Code   RO         3982    i.HAL_RCC_GetSysClockFreq  stm32f4xx_hal_rcc.o
    0x08001ed8   0x0000033c   Code   RO         3985    i.HAL_RCC_OscConfig  stm32f4xx_hal_rcc.o
    0x08002214   0x00000084   Code   RO         4121    i.HAL_SPI_Init      stm32f4xx_hal_spi.o
    0x08002298   0x00000002   Code   RO         4123    i.HAL_SPI_MspInit   stm32f4xx_hal_spi.o
    0x0800229a   0x000002aa   Code   RO         4130    i.HAL_SPI_TransmitReceive  stm32f4xx_hal_spi.o
    0x08002544   0x00000028   Code   RO         2691    i.HAL_SYSTICK_Config  stm32f4xx_hal_cortex.o
    0x0800256c   0x000000d0   Code   RO         4425    i.HAL_TIM_PWM_ConfigChannel  stm32f4xx_hal_tim.o
    0x0800263c   0x00000036   Code   RO         4428    i.HAL_TIM_PWM_Init  stm32f4xx_hal_tim.o
    0x08002672   0x00000002   Code   RO         4430    i.HAL_TIM_PWM_MspInit  stm32f4xx_hal_tim.o
    0x08002674   0x00000038   Code   RO         4432    i.HAL_TIM_PWM_Start  stm32f4xx_hal_tim.o
    0x080026ac   0x00000002   Code   RO         5239    i.HAL_UART_ErrorCallback  stm32f4xx_hal_uart.o
    0x080026ae   0x0000005e   Code   RO         5243    i.HAL_UART_Init     stm32f4xx_hal_uart.o
    0x0800270c   0x00000002   Code   RO         5245    i.HAL_UART_MspInit  stm32f4xx_hal_uart.o
    0x0800270e   0x00000002   PAD
    0x08002710   0x00000088   Code   RO         5247    i.HAL_UART_Receive_DMA  stm32f4xx_hal_uart.o
    0x08002798   0x00000002   Code   RO         5249    i.HAL_UART_RxCpltCallback  stm32f4xx_hal_uart.o
    0x0800279a   0x00000002   Code   RO         5250    i.HAL_UART_RxHalfCpltCallback  stm32f4xx_hal_uart.o
    0x0800279c   0x0000000c   Code   RO          285    i.HardFault_Handler  stm32f4xx_it.o
    0x080027a8   0x00000038   Code   RO         1183    i.MX_USB_DEVICE_Init  usb_device.o
    0x080027e0   0x0000000c   Code   RO          286    i.MemManage_Handler  stm32f4xx_it.o
    0x080027ec   0x00000020   Code   RO         2693    i.NVIC_SetPriority  stm32f4xx_hal_cortex.o
    0x0800280c   0x0000000c   Code   RO          287    i.OTG_FS_IRQHandler  stm32f4xx_it.o
    0x08002818   0x00000096   Code   RO         3567    i.PCD_WriteEmptyTxFifo  stm32f4xx_hal_pcd.o
    0x080028ae   0x0000009e   Code   RO         4152    i.SPI_WaitOnFlagUntilTimeout  stm32f4xx_hal_spi.o
    0x0800294c   0x00000054   Code   RO         2209    i.SystemInit        system_stm32f4xx.o
    0x080029a0   0x000000c0   Code   RO         4443    i.TIM_Base_SetConfig  stm32f4xx_hal_tim.o
    0x08002a60   0x00000016   Code   RO         4444    i.TIM_CCxChannelCmd  stm32f4xx_hal_tim.o
    0x08002a76   0x00000002   PAD
    0x08002a78   0x00000058   Code   RO         4452    i.TIM_OC1_SetConfig  stm32f4xx_hal_tim.o
    0x08002ad0   0x00000064   Code   RO         4453    i.TIM_OC2_SetConfig  stm32f4xx_hal_tim.o
    0x08002b34   0x00000060   Code   RO         4454    i.TIM_OC3_SetConfig  stm32f4xx_hal_tim.o
    0x08002b94   0x00000050   Code   RO         4455    i.TIM_OC4_SetConfig  stm32f4xx_hal_tim.o
    0x08002be4   0x0000001e   Code   RO         5256    i.UART_DMAError     stm32f4xx_hal_uart.o
    0x08002c02   0x00000002   PAD
    0x08002c04   0x00000036   Code   RO         5257    i.UART_DMAReceiveCplt  stm32f4xx_hal_uart.o
    0x08002c3a   0x0000000a   Code   RO         5258    i.UART_DMARxHalfCplt  stm32f4xx_hal_uart.o
    0x08002c44   0x00000178   Code   RO         5262    i.UART_SetConfig    stm32f4xx_hal_uart.o
    0x08002dbc   0x0000000e   Code   RO         2061    i.USBD_CUSTOM_HID_DataIn  usbd_customhid.o
    0x08002dca   0x00000020   Code   RO         2062    i.USBD_CUSTOM_HID_DataOut  usbd_customhid.o
    0x08002dea   0x00000032   Code   RO         2063    i.USBD_CUSTOM_HID_DeInit  usbd_customhid.o
    0x08002e1c   0x00000020   Code   RO         2064    i.USBD_CUSTOM_HID_EP0_RxReady  usbd_customhid.o
    0x08002e3c   0x0000000c   Code   RO         2065    i.USBD_CUSTOM_HID_GetCfgDesc  usbd_customhid.o
    0x08002e48   0x0000000c   Code   RO         2066    i.USBD_CUSTOM_HID_GetDeviceQualifierDesc  usbd_customhid.o
    0x08002e54   0x0000004c   Code   RO         2067    i.USBD_CUSTOM_HID_Init  usbd_customhid.o
    0x08002ea0   0x00000010   Code   RO         2068    i.USBD_CUSTOM_HID_RegisterInterface  usbd_customhid.o
    0x08002eb0   0x00000028   Code   RO         2069    i.USBD_CUSTOM_HID_SendReport  usbd_customhid.o
    0x08002ed8   0x000000b8   Code   RO         2070    i.USBD_CUSTOM_HID_Setup  usbd_customhid.o
    0x08002f90   0x0000000e   Code   RO         1798    i.USBD_ClrClassConfig  usbd_core.o
    0x08002f9e   0x00000010   Code   RO         2001    i.USBD_CtlContinueRx  usbd_ioreq.o
    0x08002fae   0x00000010   Code   RO         2002    i.USBD_CtlContinueSendData  usbd_ioreq.o
    0x08002fbe   0x00000016   Code   RO         1936    i.USBD_CtlError     usbd_ctlreq.o
    0x08002fd4   0x0000001e   Code   RO         2003    i.USBD_CtlPrepareRx  usbd_ioreq.o
    0x08002ff2   0x00000016   Code   RO         2004    i.USBD_CtlReceiveStatus  usbd_ioreq.o
    0x08003008   0x0000001a   Code   RO         2005    i.USBD_CtlSendData  usbd_ioreq.o
    0x08003022   0x00000016   Code   RO         2006    i.USBD_CtlSendStatus  usbd_ioreq.o
    0x08003038   0x00000020   Code   RO         1613    i.USBD_FS_ConfigStrDescriptor  usbd_desc.o
    0x08003058   0x0000000c   Code   RO         1614    i.USBD_FS_DeviceDescriptor  usbd_desc.o
    0x08003064   0x00000024   Code   RO         1615    i.USBD_FS_InterfaceStrDescriptor  usbd_desc.o
    0x08003088   0x0000000c   Code   RO         1616    i.USBD_FS_LangIDStrDescriptor  usbd_desc.o
    0x08003094   0x0000001c   Code   RO         1617    i.USBD_FS_ManufacturerStrDescriptor  usbd_desc.o
    0x080030b0   0x00000028   Code   RO         1618    i.USBD_FS_ProductStrDescriptor  usbd_desc.o
    0x080030d8   0x00000024   Code   RO         1619    i.USBD_FS_SerialStrDescriptor  usbd_desc.o
    0x080030fc   0x000000e0   Code   RO         1937    i.USBD_GetDescriptor  usbd_ctlreq.o
    0x080031dc   0x00000046   Code   RO         1938    i.USBD_GetString    usbd_ctlreq.o
    0x08003222   0x0000002a   Code   RO         1800    i.USBD_Init         usbd_core.o
    0x0800324c   0x0000000e   Code   RO         1392    i.USBD_LL_ClearStallEP  usbd_conf.o
    0x0800325a   0x0000000e   Code   RO         1393    i.USBD_LL_CloseEP   usbd_conf.o
    0x08003268   0x000000a0   Code   RO         1801    i.USBD_LL_DataInStage  usbd_core.o
    0x08003308   0x0000006a   Code   RO         1802    i.USBD_LL_DataOutStage  usbd_core.o
    0x08003372   0x00000004   Code   RO         1803    i.USBD_LL_DevConnected  usbd_core.o
    0x08003376   0x00000016   Code   RO         1804    i.USBD_LL_DevDisconnected  usbd_core.o
    0x0800338c   0x00000060   Code   RO         1398    i.USBD_LL_Init      usbd_conf.o
    0x080033ec   0x00000020   Code   RO         1399    i.USBD_LL_IsStallEP  usbd_conf.o
    0x0800340c   0x00000004   Code   RO         1805    i.USBD_LL_IsoINIncomplete  usbd_core.o
    0x08003410   0x00000004   Code   RO         1806    i.USBD_LL_IsoOUTIncomplete  usbd_core.o
    0x08003414   0x00000014   Code   RO         1400    i.USBD_LL_OpenEP    usbd_conf.o
    0x08003428   0x0000000e   Code   RO         1401    i.USBD_LL_PrepareReceive  usbd_conf.o
    0x08003436   0x0000003e   Code   RO         1807    i.USBD_LL_Reset     usbd_core.o
    0x08003474   0x0000000c   Code   RO         1808    i.USBD_LL_Resume    usbd_core.o
    0x08003480   0x00000018   Code   RO         1809    i.USBD_LL_SOF       usbd_core.o
    0x08003498   0x00000006   Code   RO         1810    i.USBD_LL_SetSpeed  usbd_core.o
    0x0800349e   0x0000000e   Code   RO         1402    i.USBD_LL_SetUSBAddress  usbd_conf.o
    0x080034ac   0x0000005a   Code   RO         1811    i.USBD_LL_SetupStage  usbd_core.o
    0x08003506   0x0000000e   Code   RO         1403    i.USBD_LL_StallEP   usbd_conf.o
    0x08003514   0x0000000e   Code   RO         1404    i.USBD_LL_Start     usbd_conf.o
    0x08003522   0x00000012   Code   RO         1812    i.USBD_LL_Suspend   usbd_core.o
    0x08003534   0x0000000e   Code   RO         1406    i.USBD_LL_Transmit  usbd_conf.o
    0x08003542   0x00000028   Code   RO         1939    i.USBD_ParseSetupRequest  usbd_ctlreq.o
    0x0800356a   0x00000010   Code   RO         1813    i.USBD_RegisterClass  usbd_core.o
    0x0800357a   0x00000016   Code   RO         1815    i.USBD_SetClassConfig  usbd_core.o
    0x08003590   0x00000074   Code   RO         1940    i.USBD_SetConfig    usbd_ctlreq.o
    0x08003604   0x0000000a   Code   RO         1816    i.USBD_Start        usbd_core.o
    0x0800360e   0x000000f2   Code   RO         1941    i.USBD_StdDevReq    usbd_ctlreq.o
    0x08003700   0x000000c0   Code   RO         1942    i.USBD_StdEPReq     usbd_ctlreq.o
    0x080037c0   0x00000034   Code   RO         1943    i.USBD_StdItfReq    usbd_ctlreq.o
    0x080037f4   0x00000080   Code   RO         5465    i.USB_ActivateEndpoint  stm32f4xx_ll_usb.o
    0x08003874   0x00000034   Code   RO         5466    i.USB_ActivateSetup  stm32f4xx_ll_usb.o
    0x080038a8   0x0000006c   Code   RO         5468    i.USB_CoreInit      stm32f4xx_ll_usb.o
    0x08003914   0x00000038   Code   RO         5469    i.USB_CoreReset     stm32f4xx_ll_usb.o
    0x0800394c   0x0000006e   Code   RO         5471    i.USB_DeactivateEndpoint  stm32f4xx_ll_usb.o
    0x080039ba   0x00000018   Code   RO         5472    i.USB_DevConnect    stm32f4xx_ll_usb.o
    0x080039d2   0x00000018   Code   RO         5473    i.USB_DevDisconnect  stm32f4xx_ll_usb.o
    0x080039ea   0x00000002   PAD
    0x080039ec   0x00000144   Code   RO         5474    i.USB_DevInit       stm32f4xx_ll_usb.o
    0x08003b30   0x0000000c   Code   RO         5475    i.USB_DisableGlobalInt  stm32f4xx_ll_usb.o
    0x08003b3c   0x00000140   Code   RO         5478    i.USB_EP0StartXfer  stm32f4xx_ll_usb.o
    0x08003c7c   0x0000003e   Code   RO         5479    i.USB_EP0_OutStart  stm32f4xx_ll_usb.o
    0x08003cba   0x00000064   Code   RO         5480    i.USB_EPClearStall  stm32f4xx_ll_usb.o
    0x08003d1e   0x0000005e   Code   RO         5481    i.USB_EPSetStall    stm32f4xx_ll_usb.o
    0x08003d7c   0x0000021c   Code   RO         5482    i.USB_EPStartXfer   stm32f4xx_ll_usb.o
    0x08003f98   0x0000000c   Code   RO         5483    i.USB_EnableGlobalInt  stm32f4xx_ll_usb.o
    0x08003fa4   0x00000020   Code   RO         5484    i.USB_FlushRxFifo   stm32f4xx_ll_usb.o
    0x08003fc4   0x00000024   Code   RO         5485    i.USB_FlushTxFifo   stm32f4xx_ll_usb.o
    0x08003fe8   0x0000003c   Code   RO         5487    i.USB_GetDevSpeed   stm32f4xx_ll_usb.o
    0x08004024   0x00000008   Code   RO         5489    i.USB_GetMode       stm32f4xx_ll_usb.o
    0x0800402c   0x0000000e   Code   RO         5496    i.USB_ReadDevAllInEpInterrupt  stm32f4xx_ll_usb.o
    0x0800403a   0x0000000e   Code   RO         5497    i.USB_ReadDevAllOutEpInterrupt  stm32f4xx_ll_usb.o
    0x08004048   0x0000001e   Code   RO         5498    i.USB_ReadDevInEPInterrupt  stm32f4xx_ll_usb.o
    0x08004066   0x00000010   Code   RO         5499    i.USB_ReadDevOutEPInterrupt  stm32f4xx_ll_usb.o
    0x08004076   0x00000008   Code   RO         5500    i.USB_ReadInterrupts  stm32f4xx_ll_usb.o
    0x0800407e   0x00000020   Code   RO         5501    i.USB_ReadPacket    stm32f4xx_ll_usb.o
    0x0800409e   0x0000002c   Code   RO         5503    i.USB_SetCurrentMode  stm32f4xx_ll_usb.o
    0x080040ca   0x00000022   Code   RO         5504    i.USB_SetDevAddress  stm32f4xx_ll_usb.o
    0x080040ec   0x00000028   Code   RO         5508    i.USB_WritePacket   stm32f4xx_ll_usb.o
    0x08004114   0x0000000c   Code   RO          288    i.UsageFault_Handler  stm32f4xx_it.o
    0x08004120   0x00000004   Code   RO         1184    i.UsbReceivData     usb_device.o
    0x08004124   0x00000020   Code   RO         1185    i.UsbSendData       usb_device.o
    0x08004144   0x000000d0   Code   RO            5    i._Z17Timer2ms_CallbackPKv  main.o
    0x08004214   0x00000074   Code   RO            6    i._Z18SystemClock_Configv  main.o
    0x08004288   0x00000200   Code   RO            7    i._Z18Timer10ms_CallbackPKv  main.o
    0x08004488   0x0000001c   Code   RO            8    i._Z8RcThreadPKv    main.o
    0x080044a4   0x0000008c   Code   RO            9    i._Z9LedThreadPKv   main.o
    0x08004530   0x00000174   Code   RO          901    i._ZN10Ms5611Ctrl11GetPressureEv  ms5611.o
    0x080046a4   0x00000060   Code   RO          902    i._ZN10Ms5611Ctrl12ReadRegisterEhPvi  ms5611.o
    0x08004704   0x000001c0   Code   RO          904    i._ZN10Ms5611Ctrl13GetPressureKFEff  ms5611.o
    0x080048c4   0x0000006c   Code   RO          905    i._ZN10Ms5611Ctrl14GetTemperatureEv  ms5611.o
    0x08004930   0x0000000c   Code   RO          907    i._ZN10Ms5611Ctrl18ConvertionPressureEv  ms5611.o
    0x0800493c   0x0000000c   Code   RO          908    i._ZN10Ms5611Ctrl21ConvertionTemperatureEv  ms5611.o
    0x08004948   0x00000060   Code   RO          909    i._ZN10Ms5611Ctrl4InitEP7SpiCtrl  ms5611.o
    0x080049a8   0x0000008c   Code   RO          910    i._ZN10Ms5611Ctrl5ResetEv  ms5611.o
    0x08004a34   0x00000038   Code   RO          912    i._ZN10Ms5611Ctrl8WriteCmdEh  ms5611.o
    0x08004a6c   0x00000060   Code   RO          844    i._ZN11Hmc5983Ctrl12ReadMagneticEPs  hmc5983.o
    0x08004acc   0x00000058   Code   RO          846    i._ZN11Hmc5983Ctrl13WriteRegisterEhPvi  hmc5983.o
    0x08004b24   0x00000038   Code   RO          847    i._ZN11Hmc5983Ctrl17ReadMagneticFloatEPf  hmc5983.o
    0x08004b5c   0x00000068   Code   RO          848    i._ZN11Hmc5983Ctrl4InitEP7SpiCtrl  hmc5983.o
    0x08004bc4   0x00000088   Code   RO         1004    i._ZN12Lsm6ds33Ctrl12InitLsm6ds33Ev  lsm6ds33.o
    0x08004c4c   0x00000040   Code   RO         1005    i._ZN12Lsm6ds33Ctrl12ReadRegisterEh  lsm6ds33.o
    0x08004c8c   0x00000058   Code   RO         1006    i._ZN12Lsm6ds33Ctrl12ReadRegisterEhPvi  lsm6ds33.o
    0x08004ce4   0x00000050   Code   RO         1007    i._ZN12Lsm6ds33Ctrl13WriteRegisterEhPvi  lsm6ds33.o
    0x08004d34   0x0000003c   Code   RO         1008    i._ZN12Lsm6ds33Ctrl13WriteRegisterEhh  lsm6ds33.o
    0x08004d70   0x0000002c   Code   RO         1009    i._ZN12Lsm6ds33Ctrl15GyroCalibrationEi  lsm6ds33.o
    0x08004d9c   0x00000010   Code   RO         1010    i._ZN12Lsm6ds33Ctrl15MPU_Get_AllDataEP19LSM6DS33_DATAStruct  lsm6ds33.o
    0x08004dac   0x00000024   Code   RO         1011    i._ZN12Lsm6ds33Ctrl22DynamicGyroCalibrationEPff  lsm6ds33.o
    0x08004dd0   0x0000005c   Code   RO         1012    i._ZN12Lsm6ds33Ctrl26MPU_GetAngularAccelerationEP20LSM6DS33_FDATAStruct  lsm6ds33.o
    0x08004e2c   0x00000064   Code   RO         1013    i._ZN12Lsm6ds33Ctrl4InitEP7SpiCtrl  lsm6ds33.o
    0x08004e90   0x00000030   Code   RO          570    i._ZN15AttitudeControl11WrapAnglePIEf  attitudecontrol.o
    0x08004ec0   0x000001c8   Code   RO          571    i._ZN15AttitudeControl19RunAttitudeControlVEfPfS0_S0_S0_  attitudecontrol.o
    0x08005088   0x000000c8   Code   RO          572    i._ZN15AttitudeControl4InitEv  attitudecontrol.o
    0x08005150   0x00000054   Code   RO          418    i._ZN22AttitudeCalculationEKF11CrossMatrixEPfS0_  attitudecalculationekf.o
    0x080051a4   0x00000056   Code   RO          419    i._ZN22AttitudeCalculationEKF11CrossVectorEPfS0_S0_  attitudecalculationekf.o
    0x080051fa   0x00000054   Code   RO          420    i._ZN22AttitudeCalculationEKF11GetOutAngleEPf  attitudecalculationekf.o
    0x0800524e   0x00000002   PAD
    0x08005250   0x00000074   Code   RO          421    i._ZN22AttitudeCalculationEKF11PredictionPEPfS0_S0_  attitudecalculationekf.o
    0x080052c4   0x00000084   Code   RO          422    i._ZN22AttitudeCalculationEKF11PredictionXEPff  attitudecalculationekf.o
    0x08005348   0x00000154   Code   RO          423    i._ZN22AttitudeCalculationEKF12CalculationAEPfS0_f  attitudecalculationekf.o
    0x0800549c   0x00000186   Code   RO          424    i._ZN22AttitudeCalculationEKF12CalculationKEPfS0_S0_  attitudecalculationekf.o
    0x08005622   0x00000082   Code   RO          425    i._ZN22AttitudeCalculationEKF14CalculationRefEPf  attitudecalculationekf.o
    0x080056a4   0x000000d8   Code   RO          426    i._ZN22AttitudeCalculationEKF16ConversionEfToBfEPfS0_  attitudecalculationekf.o
    0x0800577c   0x00000066   Code   RO          427    i._ZN22AttitudeCalculationEKF17GetAccelerationEfEPf  attitudecalculationekf.o
    0x080057e2   0x00000002   PAD
    0x080057e4   0x00000100   Code   RO          429    i._ZN22AttitudeCalculationEKF19CalcAttitudeAGM_EKFEPfS0_S0_fS0_  attitudecalculationekf.o
    0x080058e4   0x00000074   Code   RO          430    i._ZN22AttitudeCalculationEKF19MatrixMultTransposeEP23arm_matrix_instance_f32S1_S1_  attitudecalculationekf.o
    0x08005958   0x0000004c   Code   RO          431    i._ZN22AttitudeCalculationEKF19NormalizationVectorEPf  attitudecalculationekf.o
    0x080059a4   0x00000006   Code   RO          432    i._ZN22AttitudeCalculationEKF21GetVibrationFrequencyEv  attitudecalculationekf.o
    0x080059aa   0x00000012   Code   RO          433    i._ZN22AttitudeCalculationEKF23GetThrottleCompensationEv  attitudecalculationekf.o
    0x080059bc   0x0000008c   Code   RO          434    i._ZN22AttitudeCalculationEKF4InitEPfS0_S0_  attitudecalculationekf.o
    0x08005a48   0x000000e0   Code   RO          435    i._ZN22AttitudeCalculationEKF7UpdataPEPfS0_  attitudecalculationekf.o
    0x08005b28   0x000000aa   Code   RO          436    i._ZN22AttitudeCalculationEKF7UpdataXEPfS0_S0_  attitudecalculationekf.o
    0x08005bd2   0x00000034   Code   RO          631    i._ZN6RcCtrl11GetThrottleEv  rcctrl.o
    0x08005c06   0x00000036   Code   RO          632    i._ZN6RcCtrl12GetTargetYawEv  rcctrl.o
    0x08005c3c   0x00000034   Code   RO          633    i._ZN6RcCtrl13GetTargetRollEv  rcctrl.o
    0x08005c70   0x00000036   Code   RO          634    i._ZN6RcCtrl14GetTargetPitchEv  rcctrl.o
    0x08005ca6   0x0000003a   Code   RO          635    i._ZN6RcCtrl4InitEv  rcctrl.o
    0x08005ce0   0x00000004   Code   RO          636    i._ZN6RcCtrl6Run2msEj  rcctrl.o
    0x08005ce4   0x00000004   Code   RO          637    i._ZN6RcCtrl8IsLinkedEv  rcctrl.o
    0x08005ce8   0x00000010   Code   RO          733    i._ZN7LedCtrl10SetBlueLedEi  led.o
    0x08005cf8   0x00000010   Code   RO          734    i._ZN7LedCtrl11SetGreenLedEi  led.o
    0x08005d08   0x0000000c   Code   RO          735    i._ZN7LedCtrl12ToggleRedLedEv  led.o
    0x08005d14   0x0000000c   Code   RO          736    i._ZN7LedCtrl13ToggleBlueLedEv  led.o
    0x08005d20   0x0000000c   Code   RO          737    i._ZN7LedCtrl14ToggleGreenLedEv  led.o
    0x08005d2c   0x00000038   Code   RO          738    i._ZN7LedCtrl7LedInitEv  led.o
    0x08005d64   0x00000010   Code   RO          739    i._ZN7LedCtrl9SetRedLedEi  led.o
    0x08005d74   0x0000007a   Code   RO          607    i._ZN7PidCtrl14CalculationPidEff  calculationpid.o
    0x08005dee   0x0000000e   Code   RO          799    i._ZN7SpiCtrl15TransmitReceiveEPhS0_tj  spi.o
    0x08005dfc   0x000000e4   Code   RO          800    i._ZN7SpiCtrl4InitEi  spi.o
    0x08005ee0   0x00000008   Code   RO          802    i._ZN7SpiCtrlC1Ei   spi.o
    0x08005ee8   0x00000108   Code   RO         1128    i._ZN8SbusCtrl10SbusRun2msEj  sbus.o
    0x08005ff0   0x00000016   Code   RO         1129    i._ZN8SbusCtrl14GetChannelDataEi  sbus.o
    0x08006006   0x00000016   Code   RO         1130    i._ZN8SbusCtrl4InitEv  sbus.o
    0x0800601c   0x00000006   Code   RO         1131    i._ZN8SbusCtrl8IsLinkedEv  sbus.o
    0x08006022   0x00000002   PAD
    0x08006024   0x000000f0   Code   RO         1132    i._ZN8SbusCtrl9UART_InitEv  sbus.o
    0x08006114   0x00000014   Code   RO         1088    i._ZN9MotorCtrl12StopAllMotorEv  motor.o
    0x08006128   0x000000d8   Code   RO         1089    i._ZN9MotorCtrl4InitEv  motor.o
    0x08006200   0x00000038   Code   RO         1090    i._ZN9MotorCtrl8SetSpeedEif  motor.o
    0x08006238   0x00000048   Code   RO         1681    i._ZN9PowerCtrl12Get5VVoltageEv  power.o
    0x08006280   0x00000044   Code   RO         1682    i._ZN9PowerCtrl14GetMainVoltageEv  power.o
    0x080062c4   0x00000104   Code   RO         1683    i._ZN9PowerCtrl4InitEv  power.o
    0x080063c8   0x00000026   Code   RO         7119    i.__ARM_fpclassifyf  m_wm.l(fpclassifyf.o)
    0x080063ee   0x00000002   PAD
    0x080063f0   0x0000012c   Code   RO         7039    i.__hardfp_asinf    m_wm.l(asinf.o)
    0x0800651c   0x00000250   Code   RO         7051    i.__hardfp_atan2f   m_wm.l(atan2f.o)
    0x0800676c   0x0000003a   Code   RO         7063    i.__hardfp_sqrtf    m_wm.l(sqrtf_full.o)
    0x080067a6   0x00000006   Code   RO         7122    i.__mathlib_flt_infnan  m_wm.l(funder.o)
    0x080067ac   0x00000006   Code   RO         7123    i.__mathlib_flt_infnan2  m_wm.l(funder.o)
    0x080067b2   0x00000002   PAD
    0x080067b4   0x00000010   Code   RO         7124    i.__mathlib_flt_invalid  m_wm.l(funder.o)
    0x080067c4   0x00000010   Code   RO         7127    i.__mathlib_flt_underflow  m_wm.l(funder.o)
    0x080067d4   0x0000000e   Code   RO         7169    i.__scatterload_copy  mc_w.l(handlers.o)
    0x080067e2   0x00000002   Code   RO         7170    i.__scatterload_null  mc_w.l(handlers.o)
    0x080067e4   0x0000000e   Code   RO         7171    i.__scatterload_zeroinit  mc_w.l(handlers.o)
    0x080067f2   0x00000002   PAD
    0x080067f4   0x0000000c   Code   RO         7155    i.__set_errno       mc_w.l(errno.o)
    0x08006800   0x0000001c   Code   RO           10    i.__sti___8_main_cpp_80ca4f5e  main.o
    0x0800681c   0x00000046   Code   RO         6899    i._init_box         RTX_CM4.lib(rt_membox.o)
    0x08006862   0x00000002   PAD
    0x08006864   0x00000030   Code   RO         6952    i.dbg_init          RTX_CM4.lib(hal_cm.o)
    0x08006894   0x00000020   Code   RO         6953    i.dbg_task_notify   RTX_CM4.lib(hal_cm.o)
    0x080068b4   0x00000010   Code   RO         6954    i.dbg_task_switch   RTX_CM4.lib(hal_cm.o)
    0x080068c4   0x00000050   Code   RO         7086    i.free              mc_w.l(malloc.o)
    0x08006914   0x0000002a   Code   RO         5823    i.isrMessageGet     RTX_CM4.lib(rt_cmsis.o)
    0x0800693e   0x0000002c   Code   RO         5824    i.isrMessagePut     RTX_CM4.lib(rt_cmsis.o)
    0x0800696a   0x00000002   PAD
    0x0800696c   0x00000052   Code   RO         6778    i.isr_mbx_receive   RTX_CM4.lib(rt_mailbox.o)
    0x080069be   0x0000000e   Code   RO         6779    i.isr_mbx_send      RTX_CM4.lib(rt_mailbox.o)
    0x080069cc   0x00000244   Code   RO           11    i.main              main.o
    0x08006c10   0x0000006c   Code   RO         7087    i.malloc            mc_w.l(malloc.o)
    0x08006c7c   0x00000018   Code   RO         5827    i.osDelay           RTX_CM4.lib(rt_cmsis.o)
    0x08006c94   0x00000024   Code   RO         5828    i.osKernelInitialize  RTX_CM4.lib(rt_cmsis.o)
    0x08006cb8   0x0000006c   Code   RO         5830    i.osKernelStart     RTX_CM4.lib(rt_cmsis.o)
    0x08006d24   0x00000018   Code   RO         5839    i.osMessageGet      RTX_CM4.lib(rt_cmsis.o)
    0x08006d3c   0x00000030   Code   RO         5856    i.osThreadCreate    RTX_CM4.lib(rt_cmsis.o)
    0x08006d6c   0x00000018   Code   RO         5857    i.osThreadExit      RTX_CM4.lib(rt_cmsis.o)
    0x08006d84   0x0000000c   Code   RO         5863    i.osTimerCall       RTX_CM4.lib(rt_cmsis.o)
    0x08006d90   0x00000034   Code   RO         5864    i.osTimerCreate     RTX_CM4.lib(rt_cmsis.o)
    0x08006dc4   0x00000018   Code   RO         5866    i.osTimerStart      RTX_CM4.lib(rt_cmsis.o)
    0x08006ddc   0x0000002c   Code   RO         5868    i.osTimerThread     RTX_CM4.lib(rt_cmsis.o)
    0x08006e08   0x00000002   Code   RO         2137    i.os_error          rtx_conf_cm.o
    0x08006e0a   0x00000002   Code   RO         2138    i.os_idle_demon     rtx_conf_cm.o
    0x08006e0c   0x00000028   Code   RO         6566    i.os_tick_init      RTX_CM4.lib(rt_system.o)
    0x08006e34   0x00000002   Code   RO         6567    i.os_tick_irqack    RTX_CM4.lib(rt_system.o)
    0x08006e36   0x0000001a   Code   RO         6900    i.rt_alloc_box      RTX_CM4.lib(rt_membox.o)
    0x08006e50   0x0000003e   Code   RO         6928    i.rt_alloc_mem      RTX_CM4.lib(rt_memory.o)
    0x08006e8e   0x00000002   PAD
    0x08006e90   0x00000038   Code   RO         6481    i.rt_block          RTX_CM4.lib(rt_task.o)
    0x08006ec8   0x00000048   Code   RO         7005    i.rt_chk_robin      RTX_CM4.lib(rt_robin.o)
    0x08006f10   0x00000070   Code   RO         6702    i.rt_dec_dly        RTX_CM4.lib(rt_list.o)
    0x08006f80   0x00000044   Code   RO         6482    i.rt_dispatch       RTX_CM4.lib(rt_task.o)
    0x08006fc4   0x00000006   Code   RO         6448    i.rt_dly_wait       RTX_CM4.lib(rt_time.o)
    0x08006fca   0x00000002   PAD
    0x08006fcc   0x00000050   Code   RO         6659    i.rt_evt_psh        RTX_CM4.lib(rt_event.o)
    0x0800701c   0x0000002c   Code   RO         6901    i.rt_free_box       RTX_CM4.lib(rt_membox.o)
    0x08007048   0x00000028   Code   RO         6929    i.rt_free_mem       RTX_CM4.lib(rt_memory.o)
    0x08007070   0x00000028   Code   RO         6703    i.rt_get_first      RTX_CM4.lib(rt_list.o)
    0x08007098   0x00000008   Code   RO         5873    i.rt_id2obj         RTX_CM4.lib(rt_cmsis.o)
    0x080070a0   0x00000048   Code   RO         6483    i.rt_init_context   RTX_CM4.lib(rt_task.o)
    0x080070e8   0x0000001a   Code   RO         6930    i.rt_init_mem       RTX_CM4.lib(rt_memory.o)
    0x08007102   0x00000002   PAD
    0x08007104   0x00000018   Code   RO         7006    i.rt_init_robin     RTX_CM4.lib(rt_robin.o)
    0x0800711c   0x00000080   Code   RO         6955    i.rt_init_stack     RTX_CM4.lib(hal_cm.o)
    0x0800719c   0x00000008   Code   RO         6780    i.rt_mbx_check      RTX_CM4.lib(rt_mailbox.o)
    0x080071a4   0x0000001a   Code   RO         6781    i.rt_mbx_init       RTX_CM4.lib(rt_mailbox.o)
    0x080071be   0x00000002   PAD
    0x080071c0   0x000000f0   Code   RO         6782    i.rt_mbx_psh        RTX_CM4.lib(rt_mailbox.o)
    0x080072b0   0x000000b4   Code   RO         6784    i.rt_mbx_wait       RTX_CM4.lib(rt_mailbox.o)
    0x08007364   0x00000044   Code   RO         5874    i.rt_ms2tick        RTX_CM4.lib(rt_cmsis.o)
    0x080073a8   0x0000007c   Code   RO         6570    i.rt_pop_req        RTX_CM4.lib(rt_system.o)
    0x08007424   0x00000020   Code   RO         6571    i.rt_psh_req        RTX_CM4.lib(rt_system.o)
    0x08007444   0x0000005c   Code   RO         6705    i.rt_psq_enq        RTX_CM4.lib(rt_list.o)
    0x080074a0   0x00000048   Code   RO         6706    i.rt_put_dly        RTX_CM4.lib(rt_list.o)
    0x080074e8   0x00000036   Code   RO         6707    i.rt_put_prio       RTX_CM4.lib(rt_list.o)
    0x0800751e   0x00000002   PAD
    0x08007520   0x00000014   Code   RO         6708    i.rt_put_rdy_first  RTX_CM4.lib(rt_list.o)
    0x08007534   0x00000034   Code   RO         6709    i.rt_resort_prio    RTX_CM4.lib(rt_list.o)
    0x08007568   0x00000010   Code   RO         6956    i.rt_ret_regs       RTX_CM4.lib(hal_cm.o)
    0x08007578   0x0000000c   Code   RO         6957    i.rt_ret_val        RTX_CM4.lib(hal_cm.o)
    0x08007584   0x00000010   Code   RO         6958    i.rt_ret_val2       RTX_CM4.lib(hal_cm.o)
    0x08007594   0x00000028   Code   RO         6710    i.rt_rmv_dly        RTX_CM4.lib(rt_list.o)
    0x080075bc   0x00000030   Code   RO         6711    i.rt_rmv_list       RTX_CM4.lib(rt_list.o)
    0x080075ec   0x00000034   Code   RO         6829    i.rt_sem_psh        RTX_CM4.lib(rt_semaphore.o)
    0x08007620   0x00000024   Code   RO         6573    i.rt_stk_check      RTX_CM4.lib(rt_system.o)
    0x08007644   0x00000028   Code   RO         6484    i.rt_switch_req     RTX_CM4.lib(rt_task.o)
    0x0800766c   0x000000cc   Code   RO         6485    i.rt_sys_init       RTX_CM4.lib(rt_task.o)
    0x08007738   0x00000078   Code   RO         6486    i.rt_sys_start      RTX_CM4.lib(rt_task.o)
    0x080077b0   0x00000040   Code   RO         6575    i.rt_systick        RTX_CM4.lib(rt_system.o)
    0x080077f0   0x00000012   Code   RO         5875    i.rt_tid2ptcb       RTX_CM4.lib(rt_cmsis.o)
    0x08007802   0x00000002   PAD
    0x08007804   0x00000034   Code   RO         5876    i.rt_timer_insert   RTX_CM4.lib(rt_cmsis.o)
    0x08007838   0x0000003c   Code   RO         5877    i.rt_timer_remove   RTX_CM4.lib(rt_cmsis.o)
    0x08007874   0x00000088   Code   RO         6487    i.rt_tsk_create     RTX_CM4.lib(rt_task.o)
    0x080078fc   0x0000017c   Code   RO         6488    i.rt_tsk_delete     RTX_CM4.lib(rt_task.o)
    0x08007a78   0x0000007c   Code   RO         6490    i.rt_tsk_prio       RTX_CM4.lib(rt_task.o)
    0x08007af4   0x00000010   Code   RO         6491    i.rt_tsk_self       RTX_CM4.lib(rt_task.o)
    0x08007b04   0x0000003e   Code   RO         7065    i.sqrtf             m_wm.l(sqrtf_full.o)
    0x08007b42   0x00000012   Code   RO         5878    i.svcDelay          RTX_CM4.lib(rt_cmsis.o)
    0x08007b54   0x00000070   Code   RO         5879    i.svcKernelInitialize  RTX_CM4.lib(rt_cmsis.o)
    0x08007bc4   0x00000048   Code   RO         5881    i.svcKernelStart    RTX_CM4.lib(rt_cmsis.o)
    0x08007c0c   0x00000024   Code   RO         5884    i.svcMessageCreate  RTX_CM4.lib(rt_cmsis.o)
    0x08007c30   0x0000003a   Code   RO         5885    i.svcMessageGet     RTX_CM4.lib(rt_cmsis.o)
    0x08007c6a   0x00000002   PAD
    0x08007c6c   0x00000070   Code   RO         5899    i.svcThreadCreate   RTX_CM4.lib(rt_cmsis.o)
    0x08007cdc   0x0000001c   Code   RO         5900    i.svcThreadGetId    RTX_CM4.lib(rt_cmsis.o)
    0x08007cf8   0x00000038   Code   RO         5903    i.svcThreadTerminate  RTX_CM4.lib(rt_cmsis.o)
    0x08007d30   0x00000018   Code   RO         5905    i.svcTimerCall      RTX_CM4.lib(rt_cmsis.o)
    0x08007d48   0x00000038   Code   RO         5906    i.svcTimerCreate    RTX_CM4.lib(rt_cmsis.o)
    0x08007d80   0x00000064   Code   RO         5908    i.svcTimerStart     RTX_CM4.lib(rt_cmsis.o)
    0x08007de4   0x0000005c   Code   RO         5914    i.sysTimerTick      RTX_CM4.lib(rt_cmsis.o)
    0x08007e40   0x00000030   Data   RO           24    .constdata          main.o
    0x08007e70   0x00000028   Data   RO          927    .constdata          ms5611.o
    0x08007e98   0x00000002   Data   RO         2145    .constdata          rtx_conf_cm.o
    0x08007e9a   0x00000002   PAD
    0x08007e9c   0x00000004   Data   RO         2146    .constdata          rtx_conf_cm.o
    0x08007ea0   0x00000004   Data   RO         2147    .constdata          rtx_conf_cm.o
    0x08007ea4   0x00000004   Data   RO         2151    .constdata          rtx_conf_cm.o
    0x08007ea8   0x00000001   Data   RO         2152    .constdata          rtx_conf_cm.o
    0x08007ea9   0x00000003   PAD
    0x08007eac   0x00000010   Data   RO         2153    .constdata          rtx_conf_cm.o
    0x08007ebc   0x00000002   Data   RO         2154    .constdata          rtx_conf_cm.o
    0x08007ebe   0x00000002   PAD
    0x08007ec0   0x00000004   Data   RO         2155    .constdata          rtx_conf_cm.o
    0x08007ec4   0x00000004   Data   RO         2156    .constdata          rtx_conf_cm.o
    0x08007ec8   0x00000001   Data   RO         2157    .constdata          rtx_conf_cm.o
    0x08007ec9   0x00000003   PAD
    0x08007ecc   0x00000010   Data   RO         2158    .constdata          rtx_conf_cm.o
    0x08007edc   0x00000008   Data   RO         2159    .constdata          rtx_conf_cm.o
    0x08007ee4   0x00000002   Data   RO         2160    .constdata          rtx_conf_cm.o
    0x08007ee6   0x00000008   Data   RO         2811    .constdata          stm32f4xx_hal_dma.o
    0x08007eee   0x00000010   Data   RO         3986    .constdata          stm32f4xx_hal_rcc.o
    0x08007efe   0x00000002   PAD
    0x08007f00   0x00000020   Data   RO         7167    Region$$Table       anon$$obj.o
    0x08007f20   0x00000004   Data   RO           33    .init_array         main.o
    0x08007f24   0x00000000   Data   RO         7115    .init_array         mc_w.l(cpp_init.o)


    Execution Region RW_IRAM1 (Base: 0x20000000, Size: 0x00007e60, Max: 0x00030000, ABSOLUTE, COMPRESSED[0x000000e4])

    Base Addr    Size         Type   Attr      Idx    E Section Name        Object

    0x20000000   0x00000028   Data   RW           27    .data               main.o
    0x20000028   0x00000054   Data   RW          457    .data               attitudecalculationekf.o
    0x2000007c   0x00000001   Data   RW          747    .data               led.o
    0x2000007d   0x00000003   PAD
    0x20000080   0x00000038   Data   RW          928    .data               ms5611.o
    0x200000b8   0x0000000c   Data   RW         1139    .data               sbus.o
    0x200000c4   0x00000026   Data   RW         1571    .data               usbd_custom_hid_if.o
    0x200000ea   0x00000002   PAD
    0x200000ec   0x00000010   Data   RW         1572    .data               usbd_custom_hid_if.o
    0x200000fc   0x00000004   Data   RW         1573    .data               usbd_custom_hid_if.o
    0x20000100   0x0000001c   Data   RW         1621    .data               usbd_desc.o
    0x2000011c   0x00000016   Data   RW         1622    .data               usbd_desc.o
    0x20000132   0x00000001   Data   RW         1944    .data               usbd_ctlreq.o
    0x20000133   0x00000001   PAD
    0x20000134   0x00000038   Data   RW         2071    .data               usbd_customhid.o
    0x2000016c   0x00000042   Data   RW         2072    .data               usbd_customhid.o
    0x200001ae   0x00000002   PAD
    0x200001b0   0x00000004   Data   RW         2162    .data               rtx_conf_cm.o
    0x200001b4   0x00000010   Data   RW         2163    .data               rtx_conf_cm.o
    0x200001c4   0x00000004   Data   RW         2164    .data               rtx_conf_cm.o
    0x200001c8   0x00000004   Data   RW         2165    .data               rtx_conf_cm.o
    0x200001cc   0x00000014   Data   RW         2210    .data               system_stm32f4xx.o
    0x200001e0   0x00000008   Data   RW         5917    .data               RTX_CM4.lib(rt_cmsis.o)
    0x200001e8   0x00000004   Data   RW         6452    .data               RTX_CM4.lib(rt_time.o)
    0x200001ec   0x00000008   Data   RW         6493    .data               RTX_CM4.lib(rt_task.o)
    0x200001f4   0x00000008   Data   RW         6578    .data               RTX_CM4.lib(rt_system.o)
    0x200001fc   0x00000001   Data   RW         6959    .data               RTX_CM4.lib(hal_cm.o)
    0x200001fd   0x00000003   PAD
    0x20000200   0x00000008   Data   RW         7007    .data               RTX_CM4.lib(rt_robin.o)
    0x20000208   0x00000004   Data   RW         7151    .data               mc_w.l(mvars.o)
    0x2000020c   0x00000004   Data   RW         7152    .data               mc_w.l(mvars.o)
    0x20000210   0x00000004   Data   RW         7156    .data               mc_w.l(errno.o)
    0x20000214   0x00000458   Zero   RW           20    .bss                main.o
    0x2000066c   0x00000018   Zero   RW           21    .bss                main.o
    0x20000684   0x00000018   Zero   RW           22    .bss                main.o
    0x2000069c   0x00000240   Zero   RW          456    .bss                attitudecalculationekf.o
    0x200008dc   0x000000bb   Zero   RW         1138    .bss                sbus.o
    0x20000997   0x00000001   PAD
    0x20000998   0x00000224   Zero   RW         1186    .bss                usb_device.o
    0x20000bbc   0x000003b8   Zero   RW         1407    .bss                usbd_conf.o
    0x20000f74   0x00000200   Zero   RW         1620    .bss                usbd_desc.o
    0x20001174   0x00000018   Zero   RW         2139    .bss                rtx_conf_cm.o
    0x2000118c   0x00000178   Zero   RW         2140    .bss                rtx_conf_cm.o
    0x20001304   0x00000004   PAD
    0x20001308   0x00000810   Zero   RW         2141    .bss                rtx_conf_cm.o
    0x20001b18   0x00004040   Zero   RW         2142    .bss                rtx_conf_cm.o
    0x20005b58   0x00000084   Zero   RW         2143    .bss                rtx_conf_cm.o
    0x20005bdc   0x0000001c   Zero   RW         2144    .bss                rtx_conf_cm.o
    0x20005bf8   0x00000034   Zero   RW         6492    .bss                RTX_CM4.lib(rt_task.o)
    0x20005c2c   0x00000030   Zero   RW         6712    .bss                RTX_CM4.lib(rt_list.o)
    0x20005c5c   0x00000004   PAD
    0x20005c60   0x00002000   Zero   RW         2199    HEAP                startup_stm32f427xx.o
    0x20007c60   0x00000200   Zero   RW         2198    STACK               startup_stm32f427xx.o


==============================================================================

Image component sizes


      Code (inc. data)   RO Data    RW Data    ZI Data      Debug   Object Name

      2686         48          0         84        576      28842   attitudecalculationekf.o
       704         74          0          0          0       2296   attitudecontrol.o
       122          0          0          0          0        584   calculationpid.o
       344         26          0          0          0       4204   hmc5983.o
       140         38          0          1          0       4038   led.o
       716         52          0          0          0       7632   lsm6ds33.o
      1624        194         52         40       1160     423775   main.o
       292         26          0          0          0       1984   motor.o
      1340        116         40         56          0       8419   ms5611.o
       400         52          0          0          0       2652   power.o
       278          0          0          0          0       3260   rcctrl.o
        28          6         68         28      19072       7456   rtx_conf_cm.o
       554         34          0         12        187       4546   sbus.o
       250         20          0          0          0       2676   spi.o
        36          8        428          0       8704        824   startup_stm32f427xx.o
       116          4          0          0          0       3688   stm32f4xx_hal.o
       954         46          0          0          0       8055   stm32f4xx_hal_adc.o
       194         14          0          0          0      30679   stm32f4xx_hal_cortex.o
       278         10          8          0          0       3730   stm32f4xx_hal_dma.o
       478         52          0          0          0       3325   stm32f4xx_hal_gpio.o
      1948          0          0          0          0      11105   stm32f4xx_hal_pcd.o
        76          0          0          0          0       2000   stm32f4xx_hal_pcd_ex.o
      1608         74         16          0          0       6463   stm32f4xx_hal_rcc.o
       974          0          0          0          0       4527   stm32f4xx_hal_spi.o
       898         88          0          0          0       8878   stm32f4xx_hal_tim.o
       708         24          0          0          0       7475   stm32f4xx_hal_uart.o
        72         26          0          0          0     340435   stm32f4xx_it.o
      2334         52          0          0          0      21360   stm32f4xx_ll_usb.o
        84         18          0         20          0       1205   system_stm32f4xx.o
        92         24          0          0        548     430236   usb_device.o
       540         16          0          0        952      12874   usbd_conf.o
       616          0          0          0          0      11262   usbd_core.o
       958         30          0          1          0       7536   usbd_ctlreq.o
        34         10          0         58          0       2066   usbd_custom_hid_if.o
       468         22          0        122          0       9442   usbd_customhid.o
       196        100          0         50        512       4951   usbd_desc.o
       132          0          0          0          0       4224   usbd_ioreq.o

    ----------------------------------------------------------------------
     23300       1304        656        480      31716    1438704   Object Totals
         0          0         32          0          0          0   (incl. Generated)
        28          0         12          8          5          0   (incl. Padding)

    ----------------------------------------------------------------------

      Code (inc. data)   RO Data    RW Data    ZI Data      Debug   Library Member Name

       268         24          0          1          0       4452   hal_cm.o
       408         34          0          0          0        816   hal_cm4.o
      1452        172          0          8          0      38822   rt_cmsis.o
        80          4          0          0          0        701   rt_event.o
       530         34          0          0         48       8597   rt_list.o
       550         10          0          0          0       4185   rt_mailbox.o
       140          0          0          0          0       2045   rt_membox.o
       128          0          0          0          0       2419   rt_memory.o
        96         22          0          8          0       1230   rt_robin.o
        52          4          0          0          0        613   rt_semaphore.o
       298         52          0          8          0       6439   rt_system.o
      1216        174          0          8         52      10025   rt_task.o
         6          0          0          4          0        684   rt_time.o
         4          4          0          0          0        200   svc_table.o
      1328          4          0          0          0      21018   arm_mat_inverse_f32.o
       316          4          0          0          0       2303   arm_mat_mult_f32.o
       300         42          0          0          0        176   asinf.o
       592         90          0          0          0        184   atan2f.o
        38          0          0          0          0        116   fpclassifyf.o
        44         12          0          0          0        464   funder.o
       120          0          0          0          0        272   sqrtf_full.o
        86          0          0          0          0          0   __dczerorl2.o
        32         10          0          0          0         80   cpp_init.o
         0          0          0          0          0          0   entry.o
         0          0          0          0          0          0   entry10a.o
         0          0          0          0          0          0   entry11a.o
         8          4          0          0          0          0   entry2.o
         4          0          0          0          0          0   entry5.o
         0          0          0          0          0          0   entry7b.o
         4          0          0          0          0          0   entry8a.o
         0          0          0          0          0          0   entry8b.o
        12          6          0          4          0         68   errno.o
        30          0          0          0          0          0   handlers.o
        36          8          0          0          0         68   init.o
         0          0          0          0          0          0   iusefp.o
        30          0          0          0          0         68   llshl.o
        32          0          0          0          0         68   llushr.o
       188         20          0          0          0        160   malloc.o
        36          0          0          0          0         68   memcpya.o
         0          0          0          8          0          0   mvars.o
        98          0          0          0          0         92   uldiv.o

    ----------------------------------------------------------------------
      8592        734          0         52        104     106433   Library Totals
        30          0          0          3          4          0   (incl. Padding)

    ----------------------------------------------------------------------

      Code (inc. data)   RO Data    RW Data    ZI Data      Debug   Library Name

      5228        534          0         37        100      81228   RTX_CM4.lib
      1644          8          0          0          0      23321   arm_cortexM4lf_math.lib
      1094        144          0          0          0       1212   m_wm.l
       596         48          0         12          0        672   mc_w.l

    ----------------------------------------------------------------------
      8592        734          0         52        104     106433   Library Totals

    ----------------------------------------------------------------------

==============================================================================


      Code (inc. data)   RO Data    RW Data    ZI Data      Debug   

     31892       2038        656        532      31820    1511361   Grand Totals
     31892       2038        656        228      31820    1511361   ELF Image Totals (compressed)
     31892       2038        656        228          0          0   ROM Totals

==============================================================================

    Total RO  Size (Code + RO Data)                32548 (  31.79kB)
    Total RW  Size (RW Data + ZI Data)             32352 (  31.59kB)
    Total ROM Size (Code + RO Data + RW Data)      32776 (  32.01kB)

==============================================================================

