Component: ARM Compiler 5.05 update 2 (build 169) Tool: armlink [4d0f33]

==============================================================================

Section Cross References

    main.o(i._Z18SystemClock_Configv) refers to stm32f4xx_hal_rcc.o(i.HAL_RCC_OscConfig) for HAL_RCC_OscConfig
    main.o(i._Z18SystemClock_Configv) refers to stm32f4xx_hal_rcc.o(i.HAL_RCC_ClockConfig) for HAL_RCC_ClockConfig
    main.o(i._Z20vApplicationTickHookv) refers to stm32f4xx_hal.o(i.HAL_IncTick) for HAL_IncTick
    main.o(i.main) refers to stm32f4xx_hal.o(i.HAL_Init) for HAL_Init
    main.o(i.main) refers to main.o(i._Z18SystemClock_Configv) for SystemClock_Config()
    main.o(.ARM.exidx) refers to main.o(i._Z20vApplicationTickHookv) for i._Z20vApplicationTickHookv
    main.o(.ARM.exidx) refers to main.o(i._Z18SystemClock_Configv) for i._Z18SystemClock_Configv
    main.o(.ARM.exidx) refers to main.o(i.main) for i.main
    stm32f4xx_it.o(.ARM.exidx) refers to stm32f4xx_it.o(i.HardFault_Handler) for i.HardFault_Handler
    stm32f4xx_it.o(.ARM.exidx) refers to stm32f4xx_it.o(i.MemManage_Handler) for i.MemManage_Handler
    stm32f4xx_it.o(.ARM.exidx) refers to stm32f4xx_it.o(i.BusFault_Handler) for i.BusFault_Handler
    stm32f4xx_it.o(.ARM.exidx) refers to stm32f4xx_it.o(i.UsageFault_Handler) for i.UsageFault_Handler
    stm32f4xx_it.o(.ARM.exidx) refers to stm32f4xx_it.o(i.DebugMon_Handler) for i.DebugMon_Handler
    stm32f4xx_it.o(.ARM.exidx) refers to stm32f4xx_it.o(i.OTG_FS_IRQHandler) for i.OTG_FS_IRQHandler
    led.o(i.LedInit) refers to stm32f4xx_hal_gpio.o(i.HAL_GPIO_Init) for HAL_GPIO_Init
    led.o(i.LedInit) refers to stm32f4xx_hal_gpio.o(i.HAL_GPIO_WritePin) for HAL_GPIO_WritePin
    led.o(.ARM.exidx) refers to led.o(i.LedInit) for i.LedInit
    rtx_conf_cm.o(.ARM.Collect$$$$000000FF) refers to rt_cmsis.o(i.osKernelInitialize) for osKernelInitialize
    rtx_conf_cm.o(.ARM.Collect$$$$000000FF) refers to rt_cmsis.o(i.osThreadCreate) for osThreadCreate
    rtx_conf_cm.o(.ARM.Collect$$$$000000FF) refers to rt_cmsis.o(i.osKernelStart) for osKernelStart
    rtx_conf_cm.o(.ARM.Collect$$$$000000FF) refers to rtx_conf_cm.o(.data) for .data
    rtx_conf_cm.o(.constdata) refers to rt_cmsis.o(i.osTimerThread) for osTimerThread
    rtx_conf_cm.o(.constdata) refers to rtx_conf_cm.o(.bss) for os_messageQ_q_osTimerMessageQ
    rtx_conf_cm.o(.data) refers to main.o(i.main) for main
    stm32f4xx_hal.o(i.HAL_DeInit) refers to stm32f4xx_hal.o(i.HAL_MspDeInit) for HAL_MspDeInit
    stm32f4xx_hal.o(i.HAL_Delay) refers to stm32f4xx_hal.o(i.HAL_GetTick) for HAL_GetTick
    stm32f4xx_hal.o(i.HAL_GetTick) refers to stm32f4xx_hal.o(.data) for .data
    stm32f4xx_hal.o(i.HAL_IncTick) refers to stm32f4xx_hal.o(.data) for .data
    stm32f4xx_hal.o(i.HAL_Init) refers to stm32f4xx_hal_cortex.o(i.HAL_NVIC_SetPriorityGrouping) for HAL_NVIC_SetPriorityGrouping
    stm32f4xx_hal.o(i.HAL_Init) refers to stm32f4xx_hal.o(i.HAL_InitTick) for HAL_InitTick
    stm32f4xx_hal.o(i.HAL_Init) refers to stm32f4xx_hal.o(i.HAL_MspInit) for HAL_MspInit
    stm32f4xx_hal.o(i.HAL_InitTick) refers to stm32f4xx_hal_rcc.o(i.HAL_RCC_GetHCLKFreq) for HAL_RCC_GetHCLKFreq
    stm32f4xx_hal.o(i.HAL_InitTick) refers to stm32f4xx_hal_cortex.o(i.HAL_SYSTICK_Config) for HAL_SYSTICK_Config
    stm32f4xx_hal.o(i.HAL_InitTick) refers to stm32f4xx_hal_cortex.o(i.HAL_NVIC_SetPriority) for HAL_NVIC_SetPriority
    stm32f4xx_hal_adc.o(i.ADC_DMAConvCplt) refers to stm32f4xx_hal_adc.o(i.HAL_ADC_ConvCpltCallback) for HAL_ADC_ConvCpltCallback
    stm32f4xx_hal_adc.o(i.ADC_DMAError) refers to stm32f4xx_hal_adc.o(i.HAL_ADC_ErrorCallback) for HAL_ADC_ErrorCallback
    stm32f4xx_hal_adc.o(i.ADC_DMAHalfConvCplt) refers to stm32f4xx_hal_adc.o(i.HAL_ADC_ConvHalfCpltCallback) for HAL_ADC_ConvHalfCpltCallback
    stm32f4xx_hal_adc.o(i.HAL_ADC_ConfigChannel) refers to system_stm32f4xx.o(.data) for SystemCoreClock
    stm32f4xx_hal_adc.o(i.HAL_ADC_DeInit) refers to stm32f4xx_hal_adc.o(i.HAL_ADC_MspDeInit) for HAL_ADC_MspDeInit
    stm32f4xx_hal_adc.o(i.HAL_ADC_IRQHandler) refers to stm32f4xx_hal_adc.o(i.HAL_ADC_ConvCpltCallback) for HAL_ADC_ConvCpltCallback
    stm32f4xx_hal_adc.o(i.HAL_ADC_IRQHandler) refers to stm32f4xx_hal_adc_ex.o(i.HAL_ADCEx_InjectedConvCpltCallback) for HAL_ADCEx_InjectedConvCpltCallback
    stm32f4xx_hal_adc.o(i.HAL_ADC_IRQHandler) refers to stm32f4xx_hal_adc.o(i.HAL_ADC_LevelOutOfWindowCallback) for HAL_ADC_LevelOutOfWindowCallback
    stm32f4xx_hal_adc.o(i.HAL_ADC_IRQHandler) refers to stm32f4xx_hal_adc.o(i.HAL_ADC_ErrorCallback) for HAL_ADC_ErrorCallback
    stm32f4xx_hal_adc.o(i.HAL_ADC_Init) refers to stm32f4xx_hal_adc.o(i.HAL_ADC_MspInit) for HAL_ADC_MspInit
    stm32f4xx_hal_adc.o(i.HAL_ADC_Init) refers to stm32f4xx_hal_adc.o(i.ADC_Init) for ADC_Init
    stm32f4xx_hal_adc.o(i.HAL_ADC_PollForConversion) refers to stm32f4xx_hal.o(i.HAL_GetTick) for HAL_GetTick
    stm32f4xx_hal_adc.o(i.HAL_ADC_PollForEvent) refers to stm32f4xx_hal.o(i.HAL_GetTick) for HAL_GetTick
[...]
    Removing stm32f4xx_hal_tim.o(i.HAL_TIM_IRQHandler), (358 bytes).
    Removing stm32f4xx_hal_tim.o(i.HAL_TIM_OC_ConfigChannel), (86 bytes).
    Removing stm32f4xx_hal_tim.o(i.HAL_TIM_OC_DeInit), (56 bytes).
    Removing stm32f4xx_hal_tim.o(i.HAL_TIM_OC_DelayElapsedCallback), (2 bytes).
    Removing stm32f4xx_hal_tim.o(i.HAL_TIM_OC_GetState), (6 bytes).
    Removing stm32f4xx_hal_tim.o(i.HAL_TIM_OC_Init), (54 bytes).
    Removing stm32f4xx_hal_tim.o(i.HAL_TIM_OC_MspDeInit), (2 bytes).
    Removing stm32f4xx_hal_tim.o(i.HAL_TIM_OC_MspInit), (2 bytes).
    Removing stm32f4xx_hal_tim.o(i.HAL_TIM_OC_Start), (56 bytes).
    Removing stm32f4xx_hal_tim.o(i.HAL_TIM_OC_Start_DMA), (240 bytes).
    Removing stm32f4xx_hal_tim.o(i.HAL_TIM_OC_Start_IT), (108 bytes).
    Removing stm32f4xx_hal_tim.o(i.HAL_TIM_OC_Stop), (88 bytes).
    Removing stm32f4xx_hal_tim.o(i.HAL_TIM_OC_Stop_DMA), (144 bytes).
    Removing stm32f4xx_hal_tim.o(i.HAL_TIM_OC_Stop_IT), (136 bytes).
    Removing stm32f4xx_hal_tim.o(i.HAL_TIM_OnePulse_ConfigChannel), (218 bytes).
    Removing stm32f4xx_hal_tim.o(i.HAL_TIM_OnePulse_DeInit), (56 bytes).
    Removing stm32f4xx_hal_tim.o(i.HAL_TIM_OnePulse_GetState), (6 bytes).
    Removing stm32f4xx_hal_tim.o(i.HAL_TIM_OnePulse_Init), (74 bytes).
    Removing stm32f4xx_hal_tim.o(i.HAL_TIM_OnePulse_MspDeInit), (2 bytes).
    Removing stm32f4xx_hal_tim.o(i.HAL_TIM_OnePulse_MspInit), (2 bytes).
    Removing stm32f4xx_hal_tim.o(i.HAL_TIM_OnePulse_Start), (60 bytes).
    Removing stm32f4xx_hal_tim.o(i.HAL_TIM_OnePulse_Start_IT), (80 bytes).
    Removing stm32f4xx_hal_tim.o(i.HAL_TIM_OnePulse_Stop), (100 bytes).
    Removing stm32f4xx_hal_tim.o(i.HAL_TIM_OnePulse_Stop_IT), (120 bytes).
    Removing stm32f4xx_hal_tim.o(i.HAL_TIM_PWM_ConfigChannel), (208 bytes).
    Removing stm32f4xx_hal_tim.o(i.HAL_TIM_PWM_DeInit), (56 bytes).
    Removing stm32f4xx_hal_tim.o(i.HAL_TIM_PWM_GetState), (6 bytes).
    Removing stm32f4xx_hal_tim.o(i.HAL_TIM_PWM_Init), (54 bytes).
    Removing stm32f4xx_hal_tim.o(i.HAL_TIM_PWM_MspDeInit), (2 bytes).
    Removing stm32f4xx_hal_tim.o(i.HAL_TIM_PWM_MspInit), (2 bytes).
    Removing stm32f4xx_hal_tim.o(i.HAL_TIM_PWM_PulseFinishedCallback), (2 bytes).
    Removing stm32f4xx_hal_tim.o(i.HAL_TIM_PWM_Start), (56 bytes).
    Removing stm32f4xx_hal_tim.o(i.HAL_TIM_PWM_Start_DMA), (240 bytes).
    Removing stm32f4xx_hal_tim.o(i.HAL_TIM_PWM_Start_IT), (108 bytes).
    Removing stm32f4xx_hal_tim.o(i.HAL_TIM_PWM_Stop), (92 bytes).
    Removing stm32f4xx_hal_tim.o(i.HAL_TIM_PWM_Stop_DMA), (144 bytes).
    Removing stm32f4xx_hal_tim.o(i.HAL_TIM_PWM_Stop_IT), (136 bytes).
    Removing stm32f4xx_hal_tim.o(i.HAL_TIM_PeriodElapsedCallback), (2 bytes).
    Removing stm32f4xx_hal_tim.o(i.HAL_TIM_ReadCapturedValue), (68 bytes).
    Removing stm32f4xx_hal_tim.o(i.HAL_TIM_SlaveConfigSynchronization), (66 bytes).
    Removing stm32f4xx_hal_tim.o(i.HAL_TIM_SlaveConfigSynchronization_IT), (66 bytes).
    Removing stm32f4xx_hal_tim.o(i.HAL_TIM_TriggerCallback), (2 bytes).
    Removing stm32f4xx_hal_tim.o(i.TIM_Base_SetConfig), (192 bytes).
    Removing stm32f4xx_hal_tim.o(i.TIM_CCxChannelCmd), (22 bytes).
    Removing stm32f4xx_hal_tim.o(i.TIM_DMACaptureCplt), (62 bytes).
    Removing stm32f4xx_hal_tim.o(i.TIM_DMADelayPulseCplt), (62 bytes).
    Removing stm32f4xx_hal_tim.o(i.TIM_DMAError), (16 bytes).
    Removing stm32f4xx_hal_tim.o(i.TIM_DMAPeriodElapsedCplt), (16 bytes).
    Removing stm32f4xx_hal_tim.o(i.TIM_DMATriggerCplt), (16 bytes).
    Removing stm32f4xx_hal_tim.o(i.TIM_ETR_SetConfig), (20 bytes).
    Removing stm32f4xx_hal_tim.o(i.TIM_ITRx_SetConfig), (16 bytes).
    Removing stm32f4xx_hal_tim.o(i.TIM_OC1_SetConfig), (88 bytes).
    Removing stm32f4xx_hal_tim.o(i.TIM_OC2_SetConfig), (100 bytes).
    Removing stm32f4xx_hal_tim.o(i.TIM_OC3_SetConfig), (96 bytes).
    Removing stm32f4xx_hal_tim.o(i.TIM_OC4_SetConfig), (80 bytes).
    Removing stm32f4xx_hal_tim.o(i.TIM_SlaveTimer_SetConfig), (124 bytes).
    Removing stm32f4xx_hal_tim.o(i.TIM_TI1_ConfigInputStage), (34 bytes).
    Removing stm32f4xx_hal_tim.o(i.TIM_TI1_SetConfig), (132 bytes).
    Removing stm32f4xx_hal_tim.o(i.TIM_TI2_ConfigInputStage), (36 bytes).
    Removing stm32f4xx_hal_tim.o(i.TIM_TI2_SetConfig), (54 bytes).
    Removing stm32f4xx_hal_tim_ex.o(.rev16_text), (4 bytes).
    Removing stm32f4xx_hal_tim_ex.o(.revsh_text), (4 bytes).
    Removing stm32f4xx_hal_tim_ex.o(.rrx_text), (6 bytes).
    Removing stm32f4xx_hal_tim_ex.o(i.HAL_TIMEx_BreakCallback), (2 bytes).
    Removing stm32f4xx_hal_tim_ex.o(i.HAL_TIMEx_CommutationCallback), (2 bytes).
    Removing stm32f4xx_hal_tim_ex.o(i.HAL_TIMEx_ConfigBreakDeadTime), (66 bytes).
    Removing stm32f4xx_hal_tim_ex.o(i.HAL_TIMEx_ConfigCommutationEvent), (92 bytes).
    Removing stm32f4xx_hal_tim_ex.o(i.HAL_TIMEx_ConfigCommutationEvent_DMA), (124 bytes).
    Removing stm32f4xx_hal_tim_ex.o(i.HAL_TIMEx_ConfigCommutationEvent_IT), (102 bytes).
    Removing stm32f4xx_hal_tim_ex.o(i.HAL_TIMEx_HallSensor_DeInit), (56 bytes).
    Removing stm32f4xx_hal_tim_ex.o(i.HAL_TIMEx_HallSensor_GetState), (6 bytes).
    Removing stm32f4xx_hal_tim_ex.o(i.HAL_TIMEx_HallSensor_Init), (176 bytes).
    Removing stm32f4xx_hal_tim_ex.o(i.HAL_TIMEx_HallSensor_MspDeInit), (2 bytes).
    Removing stm32f4xx_hal_tim_ex.o(i.HAL_TIMEx_HallSensor_MspInit), (2 bytes).
    Removing stm32f4xx_hal_tim_ex.o(i.HAL_TIMEx_HallSensor_Start), (28 bytes).
    Removing stm32f4xx_hal_tim_ex.o(i.HAL_TIMEx_HallSensor_Start_DMA), (104 bytes).
    Removing stm32f4xx_hal_tim_ex.o(i.HAL_TIMEx_HallSensor_Start_IT), (38 bytes).
    Removing stm32f4xx_hal_tim_ex.o(i.HAL_TIMEx_HallSensor_Stop), (46 bytes).
    Removing stm32f4xx_hal_tim_ex.o(i.HAL_TIMEx_HallSensor_Stop_DMA), (56 bytes).
    Removing stm32f4xx_hal_tim_ex.o(i.HAL_TIMEx_HallSensor_Stop_IT), (56 bytes).
    Removing stm32f4xx_hal_tim_ex.o(i.HAL_TIMEx_MasterConfigSynchronization), (80 bytes).
    Removing stm32f4xx_hal_tim_ex.o(i.HAL_TIMEx_OCN_Start), (36 bytes).
    Removing stm32f4xx_hal_tim_ex.o(i.HAL_TIMEx_OCN_Start_DMA), (220 bytes).
    Removing stm32f4xx_hal_tim_ex.o(i.HAL_TIMEx_OCN_Start_IT), (96 bytes).
    Removing stm32f4xx_hal_tim_ex.o(i.HAL_TIMEx_OCN_Stop), (68 bytes).
    Removing stm32f4xx_hal_tim_ex.o(i.HAL_TIMEx_OCN_Stop_DMA), (124 bytes).
    Removing stm32f4xx_hal_tim_ex.o(i.HAL_TIMEx_OCN_Stop_IT), (134 bytes).
    Removing stm32f4xx_hal_tim_ex.o(i.HAL_TIMEx_OnePulseN_Start), (26 bytes).
    Removing stm32f4xx_hal_tim_ex.o(i.HAL_TIMEx_OnePulseN_Start_IT), (46 bytes).
    Removing stm32f4xx_hal_tim_ex.o(i.HAL_TIMEx_OnePulseN_Stop), (68 bytes).
    Removing stm32f4xx_hal_tim_ex.o(i.HAL_TIMEx_OnePulseN_Stop_IT), (88 bytes).
    Removing stm32f4xx_hal_tim_ex.o(i.HAL_TIMEx_PWMN_Start), (36 bytes).
    Removing stm32f4xx_hal_tim_ex.o(i.HAL_TIMEx_PWMN_Start_DMA), (220 bytes).
    Removing stm32f4xx_hal_tim_ex.o(i.HAL_TIMEx_PWMN_Start_IT), (96 bytes).
    Removing stm32f4xx_hal_tim_ex.o(i.HAL_TIMEx_PWMN_Stop), (68 bytes).
    Removing stm32f4xx_hal_tim_ex.o(i.HAL_TIMEx_PWMN_Stop_DMA), (124 bytes).
    Removing stm32f4xx_hal_tim_ex.o(i.HAL_TIMEx_PWMN_Stop_IT), (134 bytes).
    Removing stm32f4xx_hal_tim_ex.o(i.HAL_TIMEx_RemapConfig), (34 bytes).
    Removing stm32f4xx_hal_tim_ex.o(i.TIMEx_DMACommutationCplt), (16 bytes).
    Removing stm32f4xx_hal_tim_ex.o(i.TIM_CCxNChannelCmd), (22 bytes).
    Removing stm32f4xx_ll_usb.o(.rev16_text), (4 bytes).
    Removing stm32f4xx_ll_usb.o(.revsh_text), (4 bytes).
    Removing stm32f4xx_ll_usb.o(.rrx_text), (6 bytes).
    Removing stm32f4xx_ll_usb.o(i.USB_ActivateDedicatedEndpoint), (216 bytes).
    Removing stm32f4xx_ll_usb.o(i.USB_ActivateEndpoint), (128 bytes).
    Removing stm32f4xx_ll_usb.o(i.USB_ActivateSetup), (52 bytes).
    Removing stm32f4xx_ll_usb.o(i.USB_ClearInterrupts), (8 bytes).
    Removing stm32f4xx_ll_usb.o(i.USB_CoreInit), (108 bytes).
    Removing stm32f4xx_ll_usb.o(i.USB_CoreReset), (56 bytes).
    Removing stm32f4xx_ll_usb.o(i.USB_DeactivateDedicatedEndpoint), (78 bytes).
    Removing stm32f4xx_ll_usb.o(i.USB_DeactivateEndpoint), (110 bytes).
    Removing stm32f4xx_ll_usb.o(i.USB_DevConnect), (24 bytes).
    Removing stm32f4xx_ll_usb.o(i.USB_DevDisconnect), (24 bytes).
    Removing stm32f4xx_ll_usb.o(i.USB_DevInit), (324 bytes).
    Removing stm32f4xx_ll_usb.o(i.USB_DisableGlobalInt), (12 bytes).
    Removing stm32f4xx_ll_usb.o(i.USB_DoPing), (84 bytes).
    Removing stm32f4xx_ll_usb.o(i.USB_DriveVbus), (44 bytes).
    Removing stm32f4xx_ll_usb.o(i.USB_EP0StartXfer), (320 bytes).
    Removing stm32f4xx_ll_usb.o(i.USB_EP0_OutStart), (62 bytes).
    Removing stm32f4xx_ll_usb.o(i.USB_EPClearStall), (100 bytes).
    Removing stm32f4xx_ll_usb.o(i.USB_EPSetStall), (94 bytes).
    Removing stm32f4xx_ll_usb.o(i.USB_EPStartXfer), (540 bytes).
    Removing stm32f4xx_ll_usb.o(i.USB_EnableGlobalInt), (12 bytes).
    Removing stm32f4xx_ll_usb.o(i.USB_FlushRxFifo), (32 bytes).
    Removing stm32f4xx_ll_usb.o(i.USB_FlushTxFifo), (36 bytes).
    Removing stm32f4xx_ll_usb.o(i.USB_GetCurrentFrame), (8 bytes).
    Removing stm32f4xx_ll_usb.o(i.USB_GetDevSpeed), (60 bytes).
    Removing stm32f4xx_ll_usb.o(i.USB_GetHostSpeed), (14 bytes).
    Removing stm32f4xx_ll_usb.o(i.USB_GetMode), (8 bytes).
    Removing stm32f4xx_ll_usb.o(i.USB_HC_Halt), (376 bytes).
    Removing stm32f4xx_ll_usb.o(i.USB_HC_Init), (234 bytes).
    Removing stm32f4xx_ll_usb.o(i.USB_HC_ReadInterrupt), (12 bytes).
    Removing stm32f4xx_ll_usb.o(i.USB_HC_StartXfer), (400 bytes).
    Removing stm32f4xx_ll_usb.o(i.USB_HostInit), (212 bytes).
    Removing stm32f4xx_ll_usb.o(i.USB_InitFSLSPClkSel), (54 bytes).
    Removing stm32f4xx_ll_usb.o(i.USB_ReadDevAllInEpInterrupt), (14 bytes).
    Removing stm32f4xx_ll_usb.o(i.USB_ReadDevAllOutEpInterrupt), (14 bytes).
    Removing stm32f4xx_ll_usb.o(i.USB_ReadDevInEPInterrupt), (30 bytes).
    Removing stm32f4xx_ll_usb.o(i.USB_ReadDevOutEPInterrupt), (16 bytes).
    Removing stm32f4xx_ll_usb.o(i.USB_ReadInterrupts), (8 bytes).
    Removing stm32f4xx_ll_usb.o(i.USB_ReadPacket), (32 bytes).
    Removing stm32f4xx_ll_usb.o(i.USB_ResetPort), (44 bytes).
    Removing stm32f4xx_ll_usb.o(i.USB_SetCurrentMode), (44 bytes).
    Removing stm32f4xx_ll_usb.o(i.USB_SetDevAddress), (34 bytes).
    Removing stm32f4xx_ll_usb.o(i.USB_SetDevSpeed), (14 bytes).
    Removing stm32f4xx_ll_usb.o(i.USB_StopDevice), (66 bytes).
    Removing stm32f4xx_ll_usb.o(i.USB_StopHost), (178 bytes).
    Removing stm32f4xx_ll_usb.o(i.USB_WritePacket), (40 bytes).
    Removing stm32f4xx_ll_usb.o(.data), (4 bytes).
    Removing startup_stm32f427xx.o(HEAP), (8192 bytes).
    Removing system_stm32f4xx.o(.rev16_text), (4 bytes).
    Removing system_stm32f4xx.o(.revsh_text), (4 bytes).
    Removing system_stm32f4xx.o(.rrx_text), (6 bytes).
    Removing system_stm32f4xx.o(i.SystemCoreClockUpdate), (124 bytes).
    Removing stm32f4xx_hal_spi.o(.rev16_text), (4 bytes).
    Removing stm32f4xx_hal_spi.o(.revsh_text), (4 bytes).
    Removing stm32f4xx_hal_spi.o(.rrx_text), (6 bytes).
    Removing stm32f4xx_hal_spi.o(i.HAL_SPI_DMAPause), (48 bytes).
    Removing stm32f4xx_hal_spi.o(i.HAL_SPI_DMAResume), (48 bytes).
    Removing stm32f4xx_hal_spi.o(i.HAL_SPI_DMAStop), (50 bytes).
    Removing stm32f4xx_hal_spi.o(i.HAL_SPI_DeInit), (40 bytes).
    Removing stm32f4xx_hal_spi.o(i.HAL_SPI_ErrorCallback), (2 bytes).
    Removing stm32f4xx_hal_spi.o(i.HAL_SPI_GetError), (4 bytes).
    Removing stm32f4xx_hal_spi.o(i.HAL_SPI_GetState), (6 bytes).
    Removing stm32f4xx_hal_spi.o(i.HAL_SPI_IRQHandler), (188 bytes).
    Removing stm32f4xx_hal_spi.o(i.HAL_SPI_Init), (132 bytes).
    Removing stm32f4xx_hal_spi.o(i.HAL_SPI_MspDeInit), (2 bytes).
    Removing stm32f4xx_hal_spi.o(i.HAL_SPI_MspInit), (2 bytes).
    Removing stm32f4xx_hal_spi.o(i.HAL_SPI_Receive), (464 bytes).
    Removing stm32f4xx_hal_spi.o(i.HAL_SPI_Receive_DMA), (220 bytes).
    Removing stm32f4xx_hal_spi.o(i.HAL_SPI_Receive_IT), (180 bytes).
    Removing stm32f4xx_hal_spi.o(i.HAL_SPI_RxCpltCallback), (2 bytes).
    Removing stm32f4xx_hal_spi.o(i.HAL_SPI_RxHalfCpltCallback), (2 bytes).
    Removing stm32f4xx_hal_spi.o(i.HAL_SPI_Transmit), (324 bytes).
    Removing stm32f4xx_hal_spi.o(i.HAL_SPI_TransmitReceive), (682 bytes).
    Removing stm32f4xx_hal_spi.o(i.HAL_SPI_TransmitReceive_DMA), (272 bytes).
    Removing stm32f4xx_hal_spi.o(i.HAL_SPI_TransmitReceive_IT), (168 bytes).
    Removing stm32f4xx_hal_spi.o(i.HAL_SPI_Transmit_DMA), (188 bytes).
    Removing stm32f4xx_hal_spi.o(i.HAL_SPI_Transmit_IT), (160 bytes).
    Removing stm32f4xx_hal_spi.o(i.HAL_SPI_TxCpltCallback), (2 bytes).
    Removing stm32f4xx_hal_spi.o(i.HAL_SPI_TxHalfCpltCallback), (2 bytes).
    Removing stm32f4xx_hal_spi.o(i.HAL_SPI_TxRxCpltCallback), (2 bytes).
    Removing stm32f4xx_hal_spi.o(i.HAL_SPI_TxRxHalfCpltCallback), (2 bytes).
    Removing stm32f4xx_hal_spi.o(i.SPI_2LinesRxISR), (44 bytes).
    Removing stm32f4xx_hal_spi.o(i.SPI_DMAEndTransmitReceive), (154 bytes).
    Removing stm32f4xx_hal_spi.o(i.SPI_DMAError), (30 bytes).
    Removing stm32f4xx_hal_spi.o(i.SPI_DMAHalfReceiveCplt), (10 bytes).
    Removing stm32f4xx_hal_spi.o(i.SPI_DMAHalfTransmitCplt), (10 bytes).
    Removing stm32f4xx_hal_spi.o(i.SPI_DMAHalfTransmitReceiveCplt), (10 bytes).
    Removing stm32f4xx_hal_spi.o(i.SPI_DMAReceiveCplt), (192 bytes).
    Removing stm32f4xx_hal_spi.o(i.SPI_DMATransmitCplt), (108 bytes).
    Removing stm32f4xx_hal_spi.o(i.SPI_DMATransmitReceiveCplt), (44 bytes).
    Removing stm32f4xx_hal_spi.o(i.SPI_RxCloseIRQHandler), (208 bytes).
    Removing stm32f4xx_hal_spi.o(i.SPI_RxISR), (70 bytes).
    Removing stm32f4xx_hal_spi.o(i.SPI_TxCloseIRQHandler), (130 bytes).
    Removing stm32f4xx_hal_spi.o(i.SPI_TxISR), (66 bytes).
    Removing stm32f4xx_hal_spi.o(i.SPI_WaitOnFlagUntilTimeout), (158 bytes).
    Removing rt_cmsis.o(.rev16_text), (4 bytes).
    Removing rt_cmsis.o(.revsh_text), (4 bytes).
    Removing rt_cmsis.o(.rrx_text), (6 bytes).
    Removing rt_cmsis.o(i.isrSemaphoreRelease), (40 bytes).
    Removing rt_cmsis.o(i.isrSignalSet), (36 bytes).
    Removing rt_cmsis.o(i.osDelay), (24 bytes).
    Removing rt_cmsis.o(i.osKernelRunning), (36 bytes).
    Removing rt_cmsis.o(i.osKernelSysTick), (24 bytes).
    Removing rt_cmsis.o(i.osMailAlloc), (32 bytes).
    Removing rt_cmsis.o(i.osMailCAlloc), (32 bytes).
    Removing rt_cmsis.o(i.osMailCreate), (48 bytes).
    Removing rt_cmsis.o(i.osMailFree), (28 bytes).
    Removing rt_cmsis.o(i.osMailGet), (22 bytes).
    Removing rt_cmsis.o(i.osMailPut), (20 bytes).
    Removing rt_cmsis.o(i.osMessageCreate), (48 bytes).
    Removing rt_cmsis.o(i.osMessagePut), (24 bytes).
    Removing rt_cmsis.o(i.osMutexCreate), (48 bytes).
    Removing rt_cmsis.o(i.osMutexDelete), (24 bytes).
    Removing rt_cmsis.o(i.osMutexRelease), (24 bytes).
    Removing rt_cmsis.o(i.osMutexWait), (24 bytes).
    Removing rt_cmsis.o(i.osPoolAlloc), (36 bytes).
    Removing rt_cmsis.o(i.osPoolCAlloc), (36 bytes).
    Removing rt_cmsis.o(i.osPoolCreate), (48 bytes).
    Removing rt_cmsis.o(i.osPoolFree), (32 bytes).
    Removing rt_cmsis.o(i.osSemaphoreCreate), (48 bytes).
    Removing rt_cmsis.o(i.osSemaphoreDelete), (24 bytes).
    Removing rt_cmsis.o(i.osSemaphoreRelease), (24 bytes).
    Removing rt_cmsis.o(i.osSemaphoreWait), (24 bytes).
    Removing rt_cmsis.o(i.osSignalClear), (24 bytes).
    Removing rt_cmsis.o(i.osSignalSet), (24 bytes).
    Removing rt_cmsis.o(i.osSignalWait), (24 bytes).
    Removing rt_cmsis.o(i.osThreadGetId), (24 bytes).
    Removing rt_cmsis.o(i.osThreadGetPriority), (24 bytes).
    Removing rt_cmsis.o(i.osThreadSetPriority), (24 bytes).
    Removing rt_cmsis.o(i.osThreadTerminate), (24 bytes).
    Removing rt_cmsis.o(i.osThreadYield), (24 bytes).
    Removing rt_cmsis.o(i.osTimerCreate), (52 bytes).
    Removing rt_cmsis.o(i.osTimerDelete), (24 bytes).
    Removing rt_cmsis.o(i.osTimerStart), (24 bytes).
    Removing rt_cmsis.o(i.osTimerStop), (24 bytes).
    Removing rt_cmsis.o(i.osWait), (4 bytes).
    Removing rt_cmsis.o(i.os_resume), (12 bytes).
    Removing rt_cmsis.o(i.os_suspend), (12 bytes).
    Removing rt_cmsis.o(i.rt_clr_box), (20 bytes).
    Removing rt_cmsis.o(i.rt_timer_remove), (60 bytes).
    Removing rt_cmsis.o(i.svcDelay), (20 bytes).
    Removing rt_cmsis.o(i.svcKernelRunning), (12 bytes).
    Removing rt_cmsis.o(i.svcKernelSysTick), (56 bytes).
    Removing rt_cmsis.o(i.svcMailCreate), (66 bytes).
    Removing rt_cmsis.o(i.svcMessagePut), (54 bytes).
    Removing rt_cmsis.o(i.svcMutexCreate), (28 bytes).
    Removing rt_cmsis.o(i.svcMutexDelete), (26 bytes).
    Removing rt_cmsis.o(i.svcMutexRelease), (34 bytes).
    Removing rt_cmsis.o(i.svcMutexWait), (54 bytes).
    Removing rt_cmsis.o(i.svcPoolCreate), (40 bytes).
    Removing rt_cmsis.o(i.svcSemaphoreCreate), (36 bytes).
    Removing rt_cmsis.o(i.svcSemaphoreDelete), (26 bytes).
    Removing rt_cmsis.o(i.svcSemaphoreRelease), (40 bytes).
    Removing rt_cmsis.o(i.svcSemaphoreWait), (50 bytes).
    Removing rt_cmsis.o(i.svcSignalClear), (36 bytes).
    Removing rt_cmsis.o(i.svcSignalSet), (36 bytes).
    Removing rt_cmsis.o(i.svcSignalWait), (84 bytes).
    Removing rt_cmsis.o(i.svcThreadGetPriority), (18 bytes).
    Removing rt_cmsis.o(i.svcThreadSetPriority), (46 bytes).
    Removing rt_cmsis.o(i.svcThreadYield), (10 bytes).
    Removing rt_cmsis.o(i.svcTimerCreate), (56 bytes).
    Removing rt_cmsis.o(i.svcTimerDelete), (40 bytes).
    Removing rt_cmsis.o(i.svcTimerStart), (100 bytes).
    Removing rt_cmsis.o(i.svcTimerStop), (36 bytes).
    Removing rt_cmsis.o(i.sysMailAlloc), (112 bytes).
    Removing rt_cmsis.o(i.sysMailFree), (96 bytes).
    Removing rt_cmsis.o(i.sysPoolAlloc), (32 bytes).
    Removing rt_cmsis.o(i.sysPoolFree), (20 bytes).
    Removing rt_cmsis.o(i.sysUserTimerUpdate), (48 bytes).
    Removing rt_cmsis.o(i.sysUserTimerWakeupTime), (20 bytes).
    Removing rt_task.o(i.rt_tsk_pass), (48 bytes).
    Removing rt_system.o(.emb_text), (0 bytes).
    Removing rt_system.o(i.os_tick_ovf), (16 bytes).
    Removing rt_system.o(i.os_tick_val), (20 bytes).
    Removing rt_system.o(i.rt_resume), (136 bytes).
    Removing rt_system.o(i.rt_suspend), (36 bytes).
    Removing rt_system.o(i.rt_tsk_lock), (80 bytes).
    Removing rt_system.o(i.rt_tsk_unlock), (80 bytes).
    Removing rt_event.o(i.isr_evt_set), (40 bytes).
    Removing rt_event.o(i.rt_evt_clr), (28 bytes).
    Removing rt_event.o(i.rt_evt_get), (12 bytes).
    Removing rt_event.o(i.rt_evt_set), (92 bytes).
    Removing rt_event.o(i.rt_evt_wait), (60 bytes).
    Removing rt_list.o(i.rt_get_same_rdy_prio), (36 bytes).
    Removing rt_mailbox.o(i.rt_mbx_send), (152 bytes).
    Removing rt_semaphore.o(i.isr_sem_send), (16 bytes).
    Removing rt_semaphore.o(i.rt_sem_delete), (92 bytes).
    Removing rt_semaphore.o(i.rt_sem_init), (12 bytes).
    Removing rt_semaphore.o(i.rt_sem_send), (42 bytes).
    Removing rt_semaphore.o(i.rt_sem_wait), (64 bytes).
    Removing rt_time.o(i.rt_dly_wait), (6 bytes).
    Removing rt_time.o(i.rt_itv_set), (24 bytes).
    Removing rt_time.o(i.rt_itv_wait), (40 bytes).
    Removing rt_time.o(i.rt_time_get), (12 bytes).
    Removing rt_mutex.o(i.rt_mut_delete), (176 bytes).
    Removing rt_mutex.o(i.rt_mut_init), (16 bytes).
    Removing rt_mutex.o(i.rt_mut_release), (216 bytes).
    Removing rt_mutex.o(i.rt_mut_wait), (104 bytes).
    Removing rt_membox.o(i._calloc_box), (30 bytes).

673 unused section(s) (total 64132 bytes) removed from the image.

==============================================================================

Image Symbol Table

    Local Symbols

    Symbol Name                              Value     Ov Type        Size  Object(Section)

    ../clib/microlib/division.c              0x00000000   Number         0  uldiv.o ABSOLUTE
    ../clib/microlib/init/entry.s            0x00000000   Number         0  entry11b.o ABSOLUTE
    ../clib/microlib/init/entry.s            0x00000000   Number         0  entry11a.o ABSOLUTE
    ../clib/microlib/init/entry.s            0x00000000   Number         0  entry10b.o ABSOLUTE
    ../clib/microlib/init/entry.s            0x00000000   Number         0  entry10a.o ABSOLUTE
    ../clib/microlib/init/entry.s            0x00000000   Number         0  entry8b.o ABSOLUTE
    ../clib/microlib/init/entry.s            0x00000000   Number         0  entry8a.o ABSOLUTE
    ../clib/microlib/init/entry.s            0x00000000   Number         0  entry7b.o ABSOLUTE
    ../clib/microlib/init/entry.s            0x00000000   Number         0  entry7a.o ABSOLUTE
    ../clib/microlib/init/entry.s            0x00000000   Number         0  entry5.o ABSOLUTE
    ../clib/microlib/init/entry.s            0x00000000   Number         0  entry2.o ABSOLUTE
    ../clib/microlib/init/entry.s            0x00000000   Number         0  entry.o ABSOLUTE
    ../clib/microlib/longlong.c              0x00000000   Number         0  llushr.o ABSOLUTE
    ../clib/microlib/longlong.c              0x00000000   Number         0  llshl.o ABSOLUTE
    ../clib/microlib/string/memcpy.c         0x00000000   Number         0  memcpya.o ABSOLUTE
    ../clib/microlib/string/memcpy.c         0x00000000   Number         0  memcpyb.o ABSOLUTE
    ..\HAL_CM.c                              0x00000000   Number         0  hal_cm.o ABSOLUTE
    ..\\rt_CMSIS.c                           0x00000000   Number         0  rt_cmsis.o ABSOLUTE
    ..\\rt_System.c                          0x00000000   Number         0  rt_system.o ABSOLUTE
    ..\rt_CMSIS.c                            0x00000000   Number         0  rt_cmsis.o ABSOLUTE
    ..\rt_Event.c                            0x00000000   Number         0  rt_event.o ABSOLUTE
    ..\rt_List.c                             0x00000000   Number         0  rt_list.o ABSOLUTE
    ..\rt_Mailbox.c                          0x00000000   Number         0  rt_mailbox.o ABSOLUTE
    ..\rt_MemBox.c                           0x00000000   Number         0  rt_membox.o ABSOLUTE
    ..\rt_Memory.c                           0x00000000   Number         0  rt_memory.o ABSOLUTE
    ..\rt_Mutex.c                            0x00000000   Number         0  rt_mutex.o ABSOLUTE
    ..\rt_Robin.c                            0x00000000   Number         0  rt_robin.o ABSOLUTE
    ..\rt_Semaphore.c                        0x00000000   Number         0  rt_semaphore.o ABSOLUTE
    ..\rt_System.c                           0x00000000   Number         0  rt_system.o ABSOLUTE
    ..\rt_Task.c                             0x00000000   Number         0  rt_task.o ABSOLUTE
    ..\rt_Time.c                             0x00000000   Number         0  rt_time.o ABSOLUTE
    C:\Keil_v5\ARM\PACK\Keil\STM32F4xx_DFP\2.5.0\Drivers\STM32F4xx_HAL_Driver\Src\stm32f4xx_hal.c 0x00000000   Number         0  stm32f4xx_hal.o ABSOLUTE
    C:\Keil_v5\ARM\PACK\Keil\STM32F4xx_DFP\2.5.0\Drivers\STM32F4xx_HAL_Driver\Src\stm32f4xx_hal_adc.c 0x00000000   Number         0  stm32f4xx_hal_adc.o ABSOLUTE
    C:\Keil_v5\ARM\PACK\Keil\STM32F4xx_DFP\2.5.0\Drivers\STM32F4xx_HAL_Driver\Src\stm32f4xx_hal_adc_ex.c 0x00000000   Number         0  stm32f4xx_hal_adc_ex.o ABSOLUTE
    C:\Keil_v5\ARM\PACK\Keil\STM32F4xx_DFP\2.5.0\Drivers\STM32F4xx_HAL_Driver\Src\stm32f4xx_hal_cortex.c 0x00000000   Number         0  stm32f4xx_hal_cortex.o ABSOLUTE
    C:\Keil_v5\ARM\PACK\Keil\STM32F4xx_DFP\2.5.0\Drivers\STM32F4xx_HAL_Driver\Src\stm32f4xx_hal_dma.c 0x00000000   Number         0  stm32f4xx_hal_dma.o ABSOLUTE
    C:\Keil_v5\ARM\PACK\Keil\STM32F4xx_DFP\2.5.0\Drivers\STM32F4xx_HAL_Driver\Src\stm32f4xx_hal_dma_ex.c 0x00000000   Number         0  stm32f4xx_hal_dma_ex.o ABSOLUTE
    C:\Keil_v5\ARM\PACK\Keil\STM32F4xx_DFP\2.5.0\Drivers\STM32F4xx_HAL_Driver\Src\stm32f4xx_hal_flash.c 0x00000000   Number         0  stm32f4xx_hal_flash.o ABSOLUTE
    C:\Keil_v5\ARM\PACK\Keil\STM32F4xx_DFP\2.5.0\Drivers\STM32F4xx_HAL_Driver\Src\stm32f4xx_hal_flash_ex.c 0x00000000   Number         0  stm32f4xx_hal_flash_ex.o ABSOLUTE
    C:\Keil_v5\ARM\PACK\Keil\STM32F4xx_DFP\2.5.0\Drivers\STM32F4xx_HAL_Driver\Src\stm32f4xx_hal_gpio.c 0x00000000   Number         0  stm32f4xx_hal_gpio.o ABSOLUTE
    C:\Keil_v5\ARM\PACK\Keil\STM32F4xx_DFP\2.5.0\Drivers\STM32F4xx_HAL_Driver\Src\stm32f4xx_hal_i2c.c 0x00000000   Number         0  stm32f4xx_hal_i2c.o ABSOLUTE
    C:\Keil_v5\ARM\PACK\Keil\STM32F4xx_DFP\2.5.0\Drivers\STM32F4xx_HAL_Driver\Src\stm32f4xx_hal_i2c_ex.c 0x00000000   Number         0  stm32f4xx_hal_i2c_ex.o ABSOLUTE
    C:\Keil_v5\ARM\PACK\Keil\STM32F4xx_DFP\2.5.0\Drivers\STM32F4xx_HAL_Driver\Src\stm32f4xx_hal_pcd.c 0x00000000   Number         0  stm32f4xx_hal_pcd.o ABSOLUTE
    C:\Keil_v5\ARM\PACK\Keil\STM32F4xx_DFP\2.5.0\Drivers\STM32F4xx_HAL_Driver\Src\stm32f4xx_hal_pcd_ex.c 0x00000000   Number         0  stm32f4xx_hal_pcd_ex.o ABSOLUTE
    C:\Keil_v5\ARM\PACK\Keil\STM32F4xx_DFP\2.5.0\Drivers\STM32F4xx_HAL_Driver\Src\stm32f4xx_hal_pwr.c 0x00000000   Number         0  stm32f4xx_hal_pwr.o ABSOLUTE
    C:\Keil_v5\ARM\PACK\Keil\STM32F4xx_DFP\2.5.0\Drivers\STM32F4xx_HAL_Driver\Src\stm32f4xx_hal_pwr_ex.c 0x00000000   Number         0  stm32f4xx_hal_pwr_ex.o ABSOLUTE
    C:\Keil_v5\ARM\PACK\Keil\STM32F4xx_DFP\2.5.0\Drivers\STM32F4xx_HAL_Driver\Src\stm32f4xx_hal_rcc.c 0x00000000   Number         0  stm32f4xx_hal_rcc.o ABSOLUTE
    C:\Keil_v5\ARM\PACK\Keil\STM32F4xx_DFP\2.5.0\Drivers\STM32F4xx_HAL_Driver\Src\stm32f4xx_hal_rcc_ex.c 0x00000000   Number         0  stm32f4xx_hal_rcc_ex.o ABSOLUTE
    C:\Keil_v5\ARM\PACK\Keil\STM32F4xx_DFP\2.5.0\Drivers\STM32F4xx_HAL_Driver\Src\stm32f4xx_hal_spi.c 0x00000000   Number         0  stm32f4xx_hal_spi.o ABSOLUTE
    C:\Keil_v5\ARM\PACK\Keil\STM32F4xx_DFP\2.5.0\Drivers\STM32F4xx_HAL_Driver\Src\stm32f4xx_hal_tim.c 0x00000000   Number         0  stm32f4xx_hal_tim.o ABSOLUTE
    C:\Keil_v5\ARM\PACK\Keil\STM32F4xx_DFP\2.5.0\Drivers\STM32F4xx_HAL_Driver\Src\stm32f4xx_hal_tim_ex.c 0x00000000   Number         0  stm32f4xx_hal_tim_ex.o ABSOLUTE
    C:\Keil_v5\ARM\PACK\Keil\STM32F4xx_DFP\2.5.0\Drivers\STM32F4xx_HAL_Driver\Src\stm32f4xx_ll_usb.c 0x00000000   Number         0  stm32f4xx_ll_usb.o ABSOLUTE
    C:\\Keil_v5\\ARM\\PACK\\Keil\\STM32F4xx_DFP\\2.5.0\\Drivers\\STM32F4xx_HAL_Driver\\Src\\stm32f4xx_hal.c 0x00000000   Number         0  stm32f4xx_hal.o ABSOLUTE
    C:\\Keil_v5\\ARM\\PACK\\Keil\\STM32F4xx_DFP\\2.5.0\\Drivers\\STM32F4xx_HAL_Driver\\Src\\stm32f4xx_hal_adc.c 0x00000000   Number         0  stm32f4xx_hal_adc.o ABSOLUTE
    C:\\Keil_v5\\ARM\\PACK\\Keil\\STM32F4xx_DFP\\2.5.0\\Drivers\\STM32F4xx_HAL_Driver\\Src\\stm32f4xx_hal_adc_ex.c 0x00000000   Number         0  stm32f4xx_hal_adc_ex.o ABSOLUTE
    C:\\Keil_v5\\ARM\\PACK\\Keil\\STM32F4xx_DFP\\2.5.0\\Drivers\\STM32F4xx_HAL_Driver\\Src\\stm32f4xx_hal_cortex.c 0x00000000   Number         0  stm32f4xx_hal_cortex.o ABSOLUTE
    C:\\Keil_v5\\ARM\\PACK\\Keil\\STM32F4xx_DFP\\2.5.0\\Drivers\\STM32F4xx_HAL_Driver\\Src\\stm32f4xx_hal_dma.c 0x00000000   Number         0  stm32f4xx_hal_dma.o ABSOLUTE
    C:\\Keil_v5\\ARM\\PACK\\Keil\\STM32F4xx_DFP\\2.5.0\\Drivers\\STM32F4xx_HAL_Driver\\Src\\stm32f4xx_hal_dma_ex.c 0x00000000   Number         0  stm32f4xx_hal_dma_ex.o ABSOLUTE
    C:\\Keil_v5\\ARM\\PACK\\Keil\\STM32F4xx_DFP\\2.5.0\\Drivers\\STM32F4xx_HAL_Driver\\Src\\stm32f4xx_hal_flash.c 0x00000000   Number         0  stm32f4xx_hal_flash.o ABSOLUTE
    C:\\Keil_v5\\ARM\\PACK\\Keil\\STM32F4xx_DFP\\2.5.0\\Drivers\\STM32F4xx_HAL_Driver\\Src\\stm32f4xx_hal_flash_ex.c 0x00000000   Number         0  stm32f4xx_hal_flash_ex.o ABSOLUTE
    C:\\Keil_v5\\ARM\\PACK\\Keil\\STM32F4xx_DFP\\2.5.0\\Drivers\\STM32F4xx_HAL_Driver\\Src\\stm32f4xx_hal_gpio.c 0x00000000   Number         0  stm32f4xx_hal_gpio.o ABSOLUTE
    C:\\Keil_v5\\ARM\\PACK\\Keil\\STM32F4xx_DFP\\2.5.0\\Drivers\\STM32F4xx_HAL_Driver\\Src\\stm32f4xx_hal_i2c.c 0x00000000   Number         0  stm32f4xx_hal_i2c.o ABSOLUTE
    C:\\Keil_v5\\ARM\\PACK\\Keil\\STM32F4xx_DFP\\2.5.0\\Drivers\\STM32F4xx_HAL_Driver\\Src\\stm32f4xx_hal_i2c_ex.c 0x00000000   Number         0  stm32f4xx_hal_i2c_ex.o ABSOLUTE
    C:\\Keil_v5\\ARM\\PACK\\Keil\\STM32F4xx_DFP\\2.5.0\\Drivers\\STM32F4xx_HAL_Driver\\Src\\stm32f4xx_hal_pcd.c 0x00000000   Number         0  stm32f4xx_hal_pcd.o ABSOLUTE
    C:\\Keil_v5\\ARM\\PACK\\Keil\\STM32F4xx_DFP\\2.5.0\\Drivers\\STM32F4xx_HAL_Driver\\Src\\stm32f4xx_hal_pcd_ex.c 0x00000000   Number         0  stm32f4xx_hal_pcd_ex.o ABSOLUTE
    C:\\Keil_v5\\ARM\\PACK\\Keil\\STM32F4xx_DFP\\2.5.0\\Drivers\\STM32F4xx_HAL_Driver\\Src\\stm32f4xx_hal_pwr.c 0x00000000   Number         0  stm32f4xx_hal_pwr.o ABSOLUTE
    C:\\Keil_v5\\ARM\\PACK\\Keil\\STM32F4xx_DFP\\2.5.0\\Drivers\\STM32F4xx_HAL_Driver\\Src\\stm32f4xx_hal_pwr_ex.c 0x00000000   Number         0  stm32f4xx_hal_pwr_ex.o ABSOLUTE
    C:\\Keil_v5\\ARM\\PACK\\Keil\\STM32F4xx_DFP\\2.5.0\\Drivers\\STM32F4xx_HAL_Driver\\Src\\stm32f4xx_hal_rcc.c 0x00000000   Number         0  stm32f4xx_hal_rcc.o ABSOLUTE
    C:\\Keil_v5\\ARM\\PACK\\Keil\\STM32F4xx_DFP\\2.5.0\\Drivers\\STM32F4xx_HAL_Driver\\Src\\stm32f4xx_hal_rcc_ex.c 0x00000000   Number         0  stm32f4xx_hal_rcc_ex.o ABSOLUTE
    C:\\Keil_v5\\ARM\\PACK\\Keil\\STM32F4xx_DFP\\2.5.0\\Drivers\\STM32F4xx_HAL_Driver\\Src\\stm32f4xx_hal_spi.c 0x00000000   Number         0  stm32f4xx_hal_spi.o ABSOLUTE
    C:\\Keil_v5\\ARM\\PACK\\Keil\\STM32F4xx_DFP\\2.5.0\\Drivers\\STM32F4xx_HAL_Driver\\Src\\stm32f4xx_hal_tim.c 0x00000000   Number         0  stm32f4xx_hal_tim.o ABSOLUTE
    C:\\Keil_v5\\ARM\\PACK\\Keil\\STM32F4xx_DFP\\2.5.0\\Drivers\\STM32F4xx_HAL_Driver\\Src\\stm32f4xx_hal_tim_ex.c 0x00000000   Number         0  stm32f4xx_hal_tim_ex.o ABSOLUTE
    C:\\Keil_v5\\ARM\\PACK\\Keil\\STM32F4xx_DFP\\2.5.0\\Drivers\\STM32F4xx_HAL_Driver\\Src\\stm32f4xx_ll_usb.c 0x00000000   Number         0  stm32f4xx_ll_usb.o ABSOLUTE
    Driver\Src\SPI.cpp                       0x00000000   Number         0  spi.o ABSOLUTE
    Driver\Src\led.cpp                       0x00000000   Number         0  led.o ABSOLUTE
    Driver\\Src\\led.cpp                     0x00000000   Number         0  led.o ABSOLUTE
    HAL_CM4.c                                0x00000000   Number         0  hal_cm4.o ABSOLUTE
    HAL_CM4.c                                0x00000000   Number         0  hal_cm4.o ABSOLUTE
    RTE\CMSIS\RTX_Conf_CM.c                  0x00000000   Number         0  rtx_conf_cm.o ABSOLUTE
    RTE\Device\STM32F427VGTx\startup_stm32f427xx.s 0x00000000   Number         0  startup_stm32f427xx.o ABSOLUTE
    RTE\Device\STM32F427VGTx\system_stm32f4xx.c 0x00000000   Number         0  system_stm32f4xx.o ABSOLUTE
    RTE\\Device\\STM32F427VGTx\\system_stm32f4xx.c 0x00000000   Number         0  system_stm32f4xx.o ABSOLUTE
    SVC_Table.s                              0x00000000   Number         0  svc_table.o ABSOLUTE
    User\Src\main.cpp                        0x00000000   Number         0  main.o ABSOLUTE
    User\Src\stm32f4xx_it.cpp                0x00000000   Number         0  stm32f4xx_it.o ABSOLUTE
    User\\Src\\main.cpp                      0x00000000   Number         0  main.o ABSOLUTE
    User\\Src\\stm32f4xx_it.cpp              0x00000000   Number         0  stm32f4xx_it.o ABSOLUTE
    dc.s                                     0x00000000   Number         0  dc.o ABSOLUTE
    handlers.s                               0x00000000   Number         0  handlers.o ABSOLUTE
    init.s                                   0x00000000   Number         0  init.o ABSOLUTE
    RESET                                    0x08000000   Section      428  startup_stm32f427xx.o(RESET)
    .ARM.Collect$$$$00000000                 0x080001ac   Section        0  entry.o(.ARM.Collect$$$$00000000)
    .ARM.Collect$$$$00000001                 0x080001ac   Section        4  entry2.o(.ARM.Collect$$$$00000001)
    .ARM.Collect$$$$00000004                 0x080001b0   Section        4  entry5.o(.ARM.Collect$$$$00000004)
    .ARM.Collect$$$$00000008                 0x080001b4   Section        0  entry7b.o(.ARM.Collect$$$$00000008)
    .ARM.Collect$$$$0000000A                 0x080001b4   Section        0  entry8b.o(.ARM.Collect$$$$0000000A)
    .ARM.Collect$$$$0000000D                 0x080001b4   Section        0  entry10a.o(.ARM.Collect$$$$0000000D)
    .ARM.Collect$$$$0000000F                 0x080001b4   Section        0  entry11a.o(.ARM.Collect$$$$0000000F)
    .ARM.Collect$$$$000000FF                 0x080001b4   Section        0  rtx_conf_cm.o(.ARM.Collect$$$$000000FF)
    .ARM.Collect$$$$00002712                 0x080001cc   Section        4  entry2.o(.ARM.Collect$$$$00002712)
    __lit__00000000                          0x080001cc   Data           4  entry2.o(.ARM.Collect$$$$00002712)
    .emb_text                                0x080001d0   Section      384  hal_cm4.o(.emb_text)
    $v0                                      0x080001d0   Number         0  hal_cm4.o(.emb_text)
    .text                                    0x08000350   Section       36  startup_stm32f427xx.o(.text)
    $v0                                      0x08000350   Number         0  startup_stm32f427xx.o(.text)
    .text                                    0x08000374   Section       36  init.o(.text)
    SVC_TABLE                                0x08000398   Section        4  svc_table.o(SVC_TABLE)
    i.BusFault_Handler                       0x0800039c   Section        0  stm32f4xx_it.o(i.BusFault_Handler)
    i.DebugMon_Handler                       0x0800039e   Section        0  stm32f4xx_it.o(i.DebugMon_Handler)
    i.HAL_GetTick                            0x080003a0   Section        0  stm32f4xx_hal.o(i.HAL_GetTick)
    i.HAL_Init                               0x080003ac   Section        0  stm32f4xx_hal.o(i.HAL_Init)
    i.HAL_InitTick                           0x080003e0   Section        0  stm32f4xx_hal.o(i.HAL_InitTick)
    i.HAL_MspInit                            0x08000402   Section        0  stm32f4xx_hal.o(i.HAL_MspInit)
    i.HAL_NVIC_SetPriority                   0x08000404   Section        0  stm32f4xx_hal_cortex.o(i.HAL_NVIC_SetPriority)
    i.HAL_NVIC_SetPriorityGrouping           0x08000444   Section        0  stm32f4xx_hal_cortex.o(i.HAL_NVIC_SetPriorityGrouping)
    i.HAL_RCC_ClockConfig                    0x08000468   Section        0  stm32f4xx_hal_rcc.o(i.HAL_RCC_ClockConfig)
    i.HAL_RCC_GetHCLKFreq                    0x08000674   Section        0  stm32f4xx_hal_rcc.o(i.HAL_RCC_GetHCLKFreq)
    i.HAL_RCC_GetSysClockFreq                0x080006a8   Section        0  stm32f4xx_hal_rcc.o(i.HAL_RCC_GetSysClockFreq)
    i.HAL_RCC_OscConfig                      0x0800071c   Section        0  stm32f4xx_hal_rcc.o(i.HAL_RCC_OscConfig)
    i.HAL_SYSTICK_Config                     0x08000a58   Section        0  stm32f4xx_hal_cortex.o(i.HAL_SYSTICK_Config)
    i.HardFault_Handler                      0x08000a80   Section        0  stm32f4xx_it.o(i.HardFault_Handler)
    i.MemManage_Handler                      0x08000a82   Section        0  stm32f4xx_it.o(i.MemManage_Handler)
    i.NVIC_SetPriority                       0x08000a84   Section        0  stm32f4xx_hal_cortex.o(i.NVIC_SetPriority)
    NVIC_SetPriority                         0x08000a85   Thumb Code    32  stm32f4xx_hal_cortex.o(i.NVIC_SetPriority)
    i.OTG_FS_IRQHandler                      0x08000aa4   Section        0  stm32f4xx_it.o(i.OTG_FS_IRQHandler)
    i.SystemInit                             0x08000aa8   Section        0  system_stm32f4xx.o(i.SystemInit)
    i.UsageFault_Handler                     0x08000afc   Section        0  stm32f4xx_it.o(i.UsageFault_Handler)
    i._Z18SystemClock_Configv                0x08000b00   Section        0  main.o(i._Z18SystemClock_Configv)
    i.__scatterload_copy                     0x08000b74   Section       14  handlers.o(i.__scatterload_copy)
    i.__scatterload_null                     0x08000b82   Section        2  handlers.o(i.__scatterload_null)
    i.__scatterload_zeroinit                 0x08000b84   Section       14  handlers.o(i.__scatterload_zeroinit)
    i._init_box                              0x08000b92   Section        0  rt_membox.o(i._init_box)
    i.dbg_init                               0x08000bd8   Section        0  hal_cm.o(i.dbg_init)
    i.dbg_task_notify                        0x08000c08   Section        0  hal_cm.o(i.dbg_task_notify)
    i.dbg_task_switch                        0x08000c28   Section        0  hal_cm.o(i.dbg_task_switch)
    i.isrMessageGet                          0x08000c38   Section        0  rt_cmsis.o(i.isrMessageGet)
    i.isrMessagePut                          0x08000c62   Section        0  rt_cmsis.o(i.isrMessagePut)
    i.isr_mbx_receive                        0x08000c90   Section        0  rt_mailbox.o(i.isr_mbx_receive)
    i.isr_mbx_send                           0x08000ce2   Section        0  rt_mailbox.o(i.isr_mbx_send)
    i.main                                   0x08000cf0   Section        0  main.o(i.main)
    i.osKernelInitialize                     0x08000d00   Section        0  rt_cmsis.o(i.osKernelInitialize)
    i.osKernelStart                          0x08000d24   Section        0  rt_cmsis.o(i.osKernelStart)
    i.osMessageGet                           0x08000d90   Section        0  rt_cmsis.o(i.osMessageGet)
    i.osThreadCreate                         0x08000da8   Section        0  rt_cmsis.o(i.osThreadCreate)
    i.osThreadExit                           0x08000dd8   Section        0  rt_cmsis.o(i.osThreadExit)
    i.osTimerCall                            0x08000df0   Section        0  rt_cmsis.o(i.osTimerCall)
    i.osTimerThread                          0x08000dfc   Section        0  rt_cmsis.o(i.osTimerThread)
    i.os_error                               0x08000e28   Section        0  rtx_conf_cm.o(i.os_error)
    i.os_idle_demon                          0x08000e2a   Section        0  rtx_conf_cm.o(i.os_idle_demon)
    i.os_tick_init                           0x08000e2c   Section        0  rt_system.o(i.os_tick_init)
    i.os_tick_irqack                         0x08000e54   Section        0  rt_system.o(i.os_tick_irqack)
    i.rt_alloc_box                           0x08000e56   Section        0  rt_membox.o(i.rt_alloc_box)
    i.rt_alloc_mem                           0x08000e70   Section        0  rt_memory.o(i.rt_alloc_mem)
    i.rt_block                               0x08000eb0   Section        0  rt_task.o(i.rt_block)
    i.rt_chk_robin                           0x08000ee8   Section        0  rt_robin.o(i.rt_chk_robin)
    i.rt_dec_dly                             0x08000f30   Section        0  rt_list.o(i.rt_dec_dly)
    i.rt_dispatch                            0x08000fa0   Section        0  rt_task.o(i.rt_dispatch)
    i.rt_evt_psh                             0x08000fe4   Section        0  rt_event.o(i.rt_evt_psh)
    i.rt_free_box                            0x08001034   Section        0  rt_membox.o(i.rt_free_box)
    i.rt_free_mem                            0x08001054   Section        0  rt_memory.o(i.rt_free_mem)
    i.rt_get_first                           0x0800107c   Section        0  rt_list.o(i.rt_get_first)
    i.rt_id2obj                              0x080010a4   Section        0  rt_cmsis.o(i.rt_id2obj)
    rt_id2obj                                0x080010a5   Thumb Code     8  rt_cmsis.o(i.rt_id2obj)
    i.rt_init_context                        0x080010ac   Section        0  rt_task.o(i.rt_init_context)
    rt_init_context                          0x080010ad   Thumb Code    66  rt_task.o(i.rt_init_context)
    i.rt_init_mem                            0x080010f4   Section        0  rt_memory.o(i.rt_init_mem)
    i.rt_init_robin                          0x08001110   Section        0  rt_robin.o(i.rt_init_robin)
    i.rt_init_stack                          0x08001128   Section        0  hal_cm.o(i.rt_init_stack)
    i.rt_mbx_check                           0x080011a8   Section        0  rt_mailbox.o(i.rt_mbx_check)
    i.rt_mbx_init                            0x080011b0   Section        0  rt_mailbox.o(i.rt_mbx_init)
    i.rt_mbx_psh                             0x080011cc   Section        0  rt_mailbox.o(i.rt_mbx_psh)
    i.rt_mbx_wait                            0x080012bc   Section        0  rt_mailbox.o(i.rt_mbx_wait)
    i.rt_ms2tick                             0x08001370   Section        0  rt_cmsis.o(i.rt_ms2tick)
    rt_ms2tick                               0x08001371   Thumb Code    50  rt_cmsis.o(i.rt_ms2tick)
    i.rt_pop_req                             0x080013ac   Section        0  rt_system.o(i.rt_pop_req)
    i.rt_psh_req                             0x08001428   Section        0  rt_system.o(i.rt_psh_req)
    i.rt_psq_enq                             0x08001448   Section        0  rt_list.o(i.rt_psq_enq)
    i.rt_put_dly                             0x080014a4   Section        0  rt_list.o(i.rt_put_dly)
    i.rt_put_prio                            0x080014ec   Section        0  rt_list.o(i.rt_put_prio)
    i.rt_put_rdy_first                       0x08001524   Section        0  rt_list.o(i.rt_put_rdy_first)
    i.rt_resort_prio                         0x08001538   Section        0  rt_list.o(i.rt_resort_prio)
    i.rt_ret_regs                            0x0800156c   Section        0  hal_cm.o(i.rt_ret_regs)
    rt_ret_regs                              0x0800156d   Thumb Code    16  hal_cm.o(i.rt_ret_regs)
    i.rt_ret_val                             0x0800157c   Section        0  hal_cm.o(i.rt_ret_val)
    i.rt_ret_val2                            0x08001588   Section        0  hal_cm.o(i.rt_ret_val2)
    i.rt_rmv_dly                             0x08001598   Section        0  rt_list.o(i.rt_rmv_dly)
    i.rt_rmv_list                            0x080015c0   Section        0  rt_list.o(i.rt_rmv_list)
    i.rt_sem_psh                             0x080015f0   Section        0  rt_semaphore.o(i.rt_sem_psh)
    i.rt_stk_check                           0x08001624   Section        0  rt_system.o(i.rt_stk_check)
    i.rt_switch_req                          0x08001648   Section        0  rt_task.o(i.rt_switch_req)
    i.rt_sys_init                            0x08001670   Section        0  rt_task.o(i.rt_sys_init)
    i.rt_sys_start                           0x0800173c   Section        0  rt_task.o(i.rt_sys_start)
    i.rt_systick                             0x080017b4   Section        0  rt_system.o(i.rt_systick)
    i.rt_tid2ptcb                            0x080017f4   Section        0  rt_cmsis.o(i.rt_tid2ptcb)
    rt_tid2ptcb                              0x080017f5   Thumb Code    18  rt_cmsis.o(i.rt_tid2ptcb)
    i.rt_timer_insert                        0x08001808   Section        0  rt_cmsis.o(i.rt_timer_insert)
    rt_timer_insert                          0x08001809   Thumb Code    48  rt_cmsis.o(i.rt_timer_insert)
    i.rt_tsk_create                          0x0800183c   Section        0  rt_task.o(i.rt_tsk_create)
    i.rt_tsk_delete                          0x080018bc   Section        0  rt_task.o(i.rt_tsk_delete)
    i.rt_tsk_prio                            0x08001a30   Section        0  rt_task.o(i.rt_tsk_prio)
    i.rt_tsk_self                            0x08001aac   Section        0  rt_task.o(i.rt_tsk_self)
    i.svcKernelInitialize                    0x08001abc   Section        0  rt_cmsis.o(i.svcKernelInitialize)
    i.svcKernelStart                         0x08001b2c   Section        0  rt_cmsis.o(i.svcKernelStart)
    i.svcMessageCreate                       0x08001b74   Section        0  rt_cmsis.o(i.svcMessageCreate)
    i.svcMessageGet                          0x08001b98   Section        0  rt_cmsis.o(i.svcMessageGet)
    i.svcThreadCreate                        0x08001bd4   Section        0  rt_cmsis.o(i.svcThreadCreate)
    i.svcThreadGetId                         0x08001c44   Section        0  rt_cmsis.o(i.svcThreadGetId)
    i.svcThreadTerminate                     0x08001c60   Section        0  rt_cmsis.o(i.svcThreadTerminate)
    i.svcTimerCall                           0x08001c98   Section        0  rt_cmsis.o(i.svcTimerCall)
    i.sysTimerTick                           0x08001cb0   Section        0  rt_cmsis.o(i.sysTimerTick)
    .constdata                               0x08001d0c   Section        2  rtx_conf_cm.o(.constdata)
    .constdata                               0x08001d10   Section        4  rtx_conf_cm.o(.constdata)
    .constdata                               0x08001d14   Section        4  rtx_conf_cm.o(.constdata)
    .constdata                               0x08001d18   Section        4  rtx_conf_cm.o(.constdata)
    .constdata                               0x08001d1c   Section        1  rtx_conf_cm.o(.constdata)
    .constdata                               0x08001d20   Section       16  rtx_conf_cm.o(.constdata)
    __tagsym$$used                           0x08001d20   Number         0  rtx_conf_cm.o(.constdata)
    __tagsym$$used                           0x08001d24   Number         0  rtx_conf_cm.o(.constdata)
    __tagsym$$used                           0x08001d28   Number         0  rtx_conf_cm.o(.constdata)
    __tagsym$$used                           0x08001d2c   Number         0  rtx_conf_cm.o(.constdata)
    .constdata                               0x08001d30   Section        2  rtx_conf_cm.o(.constdata)
    .constdata                               0x08001d34   Section        4  rtx_conf_cm.o(.constdata)
    .constdata                               0x08001d38   Section        4  rtx_conf_cm.o(.constdata)
    .constdata                               0x08001d3c   Section        1  rtx_conf_cm.o(.constdata)
    .constdata                               0x08001d40   Section       16  rtx_conf_cm.o(.constdata)
    .constdata                               0x08001d50   Section        8  rtx_conf_cm.o(.constdata)
    .constdata                               0x08001d58   Section        2  rtx_conf_cm.o(.constdata)
    .constdata                               0x08001d5a   Section       16  stm32f4xx_hal_rcc.o(.constdata)
    .data                                    0x20000000   Section        4  rtx_conf_cm.o(.data)
    .data                                    0x20000004   Section       16  rtx_conf_cm.o(.data)
    .data                                    0x20000014   Section        4  rtx_conf_cm.o(.data)
    .data                                    0x20000018   Section        4  rtx_conf_cm.o(.data)
    .data                                    0x2000001c   Section        4  stm32f4xx_hal.o(.data)
    uwTick                                   0x2000001c   Data           4  stm32f4xx_hal.o(.data)
    .data                                    0x20000020   Section       20  system_stm32f4xx.o(.data)
    .data                                    0x20000034   Section        8  rt_cmsis.o(.data)
    .data                                    0x2000003c   Section        8  rt_task.o(.data)
    .data                                    0x20000044   Section        8  rt_system.o(.data)
    os_lock                                  0x20000044   Data           1  rt_system.o(.data)
    os_psh_flag                              0x20000045   Data           1  rt_system.o(.data)
    pend_flags                               0x20000046   Data           1  rt_system.o(.data)
    .data                                    0x2000004c   Section        4  rt_time.o(.data)
    .data                                    0x20000050   Section        1  hal_cm.o(.data)
    .data                                    0x20000054   Section        8  rt_robin.o(.data)
    .bss                                     0x2000005c   Section       32  rtx_conf_cm.o(.bss)
    .bss                                     0x2000007c   Section      376  rtx_conf_cm.o(.bss)
    .bss                                     0x200001f8   Section     6160  rtx_conf_cm.o(.bss)
    .bss                                     0x20001a08   Section     9248  rtx_conf_cm.o(.bss)
    .bss                                     0x20003e28   Section      132  rtx_conf_cm.o(.bss)
    .bss                                     0x20003eac   Section       28  rtx_conf_cm.o(.bss)
    .bss                                     0x20003ec8   Section       52  rt_task.o(.bss)
    .bss                                     0x20003efc   Section       48  rt_list.o(.bss)
    STACK                                    0x20003f30   Section     8192  startup_stm32f427xx.o(STACK)

    Global Symbols

    Symbol Name                              Value     Ov Type        Size  Object(Section)

    BuildAttributes$$THM_ISAv4$E$P$D$K$B$S$7EM$VFPi3$EXTD16$VFPS$VFMA$PE$A:L22UL41UL21$X:L11$S22US41US21$IEEE1$IW$USESV6$~STKCKD$USESV7$~SHL$OSPACE$EBA8$MICROLIB$REQ8$PRES8$EABIv2 0x00000000   Number         0  anon$$obj.o ABSOLUTE
    __ARM_use_no_argv                        0x00000000   Number         0  main.o ABSOLUTE
    __cpp_initialize__aeabi_                  - Undefined Weak Reference
    __cxa_finalize                            - Undefined Weak Reference
    __decompress                              - Undefined Weak Reference
    _clock_init                               - Undefined Weak Reference
    _microlib_exit                            - Undefined Weak Reference
    __Vectors_Size                           0x000001ac   Number         0  startup_stm32f427xx.o ABSOLUTE
    __RL_RTX_VER                             0x00000478   Number         0  rt_system.o ABSOLUTE
    __Vectors                                0x08000000   Data           4  startup_stm32f427xx.o(RESET)
    __Vectors_End                            0x080001ac   Data           0  startup_stm32f427xx.o(RESET)
    __main                                   0x080001ad   Thumb Code     0  entry.o(.ARM.Collect$$$$00000000)
    _main_stk                                0x080001ad   Thumb Code     0  entry2.o(.ARM.Collect$$$$00000001)
    _main_scatterload                        0x080001b1   Thumb Code     0  entry5.o(.ARM.Collect$$$$00000004)
    __main_after_scatterload                 0x080001b5   Thumb Code     0  entry5.o(.ARM.Collect$$$$00000004)
    __rt_final_cpp                           0x080001b5   Thumb Code     0  entry10a.o(.ARM.Collect$$$$0000000D)
    __rt_final_exit                          0x080001b5   Thumb Code     0  entry11a.o(.ARM.Collect$$$$0000000F)
    _main_clock                              0x080001b5   Thumb Code     0  entry7b.o(.ARM.Collect$$$$00000008)
    _main_cpp_init                           0x080001b5   Thumb Code     0  entry8b.o(.ARM.Collect$$$$0000000A)
    _main_init                               0x080001b5   Thumb Code    18  rtx_conf_cm.o(.ARM.Collect$$$$000000FF)
    rt_set_PSP                               0x080001d1   Thumb Code     6  hal_cm4.o(.emb_text)
    rt_get_PSP                               0x080001d7   Thumb Code     6  hal_cm4.o(.emb_text)
    os_set_env                               0x080001dd   Thumb Code    24  hal_cm4.o(.emb_text)
    _alloc_box                               0x080001f9   Thumb Code    28  hal_cm4.o(.emb_text)
    _free_box                                0x08000219   Thumb Code    28  hal_cm4.o(.emb_text)
    SVC_Handler                              0x08000239   Thumb Code   148  hal_cm4.o(.emb_text)
    PendSV_Handler                           0x080002d9   Thumb Code    96  hal_cm4.o(.emb_text)
    SysTick_Handler                          0x0800033d   Thumb Code     8  hal_cm4.o(.emb_text)
    OS_Tick_Handler                          0x08000345   Thumb Code    12  hal_cm4.o(.emb_text)
    Reset_Handler                            0x08000351   Thumb Code     8  startup_stm32f427xx.o(.text)
    NMI_Handler                              0x08000359   Thumb Code     2  startup_stm32f427xx.o(.text)
    ADC_IRQHandler                           0x0800036b   Thumb Code     0  startup_stm32f427xx.o(.text)
    CAN1_RX0_IRQHandler                      0x0800036b   Thumb Code     0  startup_stm32f427xx.o(.text)
    CAN1_RX1_IRQHandler                      0x0800036b   Thumb Code     0  startup_stm32f427xx.o(.text)
    CAN1_SCE_IRQHandler                      0x0800036b   Thumb Code     0  startup_stm32f427xx.o(.text)
    CAN1_TX_IRQHandler                       0x0800036b   Thumb Code     0  startup_stm32f427xx.o(.text)
    CAN2_RX0_IRQHandler                      0x0800036b   Thumb Code     0  startup_stm32f427xx.o(.text)
    CAN2_RX1_IRQHandler                      0x0800036b   Thumb Code     0  startup_stm32f427xx.o(.text)
    CAN2_SCE_IRQHandler                      0x0800036b   Thumb Code     0  startup_stm32f427xx.o(.text)
    CAN2_TX_IRQHandler                       0x0800036b   Thumb Code     0  startup_stm32f427xx.o(.text)
    DCMI_IRQHandler                          0x0800036b   Thumb Code     0  startup_stm32f427xx.o(.text)
    DMA1_Stream0_IRQHandler                  0x0800036b   Thumb Code     0  startup_stm32f427xx.o(.text)
    DMA1_Stream1_IRQHandler                  0x0800036b   Thumb Code     0  startup_stm32f427xx.o(.text)
    DMA1_Stream2_IRQHandler                  0x0800036b   Thumb Code     0  startup_stm32f427xx.o(.text)
    DMA1_Stream3_IRQHandler                  0x0800036b   Thumb Code     0  startup_stm32f427xx.o(.text)
    DMA1_Stream4_IRQHandler                  0x0800036b   Thumb Code     0  startup_stm32f427xx.o(.text)
    DMA1_Stream5_IRQHandler                  0x0800036b   Thumb Code     0  startup_stm32f427xx.o(.text)
    DMA1_Stream6_IRQHandler                  0x0800036b   Thumb Code     0  startup_stm32f427xx.o(.text)
    DMA1_Stream7_IRQHandler                  0x0800036b   Thumb Code     0  startup_stm32f427xx.o(.text)
    DMA2D_IRQHandler                         0x0800036b   Thumb Code     0  startup_stm32f427xx.o(.text)
    DMA2_Stream0_IRQHandler                  0x0800036b   Thumb Code     0  startup_stm32f427xx.o(.text)
    DMA2_Stream1_IRQHandler                  0x0800036b   Thumb Code     0  startup_stm32f427xx.o(.text)
    DMA2_Stream2_IRQHandler                  0x0800036b   Thumb Code     0  startup_stm32f427xx.o(.text)
    DMA2_Stream3_IRQHandler                  0x0800036b   Thumb Code     0  startup_stm32f427xx.o(.text)
    DMA2_Stream4_IRQHandler                  0x0800036b   Thumb Code     0  startup_stm32f427xx.o(.text)
    DMA2_Stream5_IRQHandler                  0x0800036b   Thumb Code     0  startup_stm32f427xx.o(.text)
    DMA2_Stream6_IRQHandler                  0x0800036b   Thumb Code     0  startup_stm32f427xx.o(.text)
    DMA2_Stream7_IRQHandler                  0x0800036b   Thumb Code     0  startup_stm32f427xx.o(.text)
    ETH_IRQHandler                           0x0800036b   Thumb Code     0  startup_stm32f427xx.o(.text)
    ETH_WKUP_IRQHandler                      0x0800036b   Thumb Code     0  startup_stm32f427xx.o(.text)
    EXTI0_IRQHandler                         0x0800036b   Thumb Code     0  startup_stm32f427xx.o(.text)
    EXTI15_10_IRQHandler                     0x0800036b   Thumb Code     0  startup_stm32f427xx.o(.text)
    EXTI1_IRQHandler                         0x0800036b   Thumb Code     0  startup_stm32f427xx.o(.text)
    EXTI2_IRQHandler                         0x0800036b   Thumb Code     0  startup_stm32f427xx.o(.text)
    EXTI3_IRQHandler                         0x0800036b   Thumb Code     0  startup_stm32f427xx.o(.text)
    EXTI4_IRQHandler                         0x0800036b   Thumb Code     0  startup_stm32f427xx.o(.text)
    EXTI9_5_IRQHandler                       0x0800036b   Thumb Code     0  startup_stm32f427xx.o(.text)
    FLASH_IRQHandler                         0x0800036b   Thumb Code     0  startup_stm32f427xx.o(.text)
    FMC_IRQHandler                           0x0800036b   Thumb Code     0  startup_stm32f427xx.o(.text)
    FPU_IRQHandler                           0x0800036b   Thumb Code     0  startup_stm32f427xx.o(.text)
    HASH_RNG_IRQHandler                      0x0800036b   Thumb Code     0  startup_stm32f427xx.o(.text)
    I2C1_ER_IRQHandler                       0x0800036b   Thumb Code     0  startup_stm32f427xx.o(.text)
    I2C1_EV_IRQHandler                       0x0800036b   Thumb Code     0  startup_stm32f427xx.o(.text)
    I2C2_ER_IRQHandler                       0x0800036b   Thumb Code     0  startup_stm32f427xx.o(.text)
    I2C2_EV_IRQHandler                       0x0800036b   Thumb Code     0  startup_stm32f427xx.o(.text)
    I2C3_ER_IRQHandler                       0x0800036b   Thumb Code     0  startup_stm32f427xx.o(.text)
    I2C3_EV_IRQHandler                       0x0800036b   Thumb Code     0  startup_stm32f427xx.o(.text)
    OTG_FS_WKUP_IRQHandler                   0x0800036b   Thumb Code     0  startup_stm32f427xx.o(.text)
    OTG_HS_EP1_IN_IRQHandler                 0x0800036b   Thumb Code     0  startup_stm32f427xx.o(.text)
    OTG_HS_EP1_OUT_IRQHandler                0x0800036b   Thumb Code     0  startup_stm32f427xx.o(.text)
    OTG_HS_IRQHandler                        0x0800036b   Thumb Code     0  startup_stm32f427xx.o(.text)
    OTG_HS_WKUP_IRQHandler                   0x0800036b   Thumb Code     0  startup_stm32f427xx.o(.text)
    PVD_IRQHandler                           0x0800036b   Thumb Code     0  startup_stm32f427xx.o(.text)
    RCC_IRQHandler                           0x0800036b   Thumb Code     0  startup_stm32f427xx.o(.text)
    RTC_Alarm_IRQHandler                     0x0800036b   Thumb Code     0  startup_stm32f427xx.o(.text)
    RTC_WKUP_IRQHandler                      0x0800036b   Thumb Code     0  startup_stm32f427xx.o(.text)
    SAI1_IRQHandler                          0x0800036b   Thumb Code     0  startup_stm32f427xx.o(.text)
    SDIO_IRQHandler                          0x0800036b   Thumb Code     0  startup_stm32f427xx.o(.text)
    SPI1_IRQHandler                          0x0800036b   Thumb Code     0  startup_stm32f427xx.o(.text)
    SPI2_IRQHandler                          0x0800036b   Thumb Code     0  startup_stm32f427xx.o(.text)
    SPI3_IRQHandler                          0x0800036b   Thumb Code     0  startup_stm32f427xx.o(.text)
    SPI4_IRQHandler                          0x0800036b   Thumb Code     0  startup_stm32f427xx.o(.text)
    SPI5_IRQHandler                          0x0800036b   Thumb Code     0  startup_stm32f427xx.o(.text)
    SPI6_IRQHandler                          0x0800036b   Thumb Code     0  startup_stm32f427xx.o(.text)
    TAMP_STAMP_IRQHandler                    0x0800036b   Thumb Code     0  startup_stm32f427xx.o(.text)
    TIM1_BRK_TIM9_IRQHandler                 0x0800036b   Thumb Code     0  startup_stm32f427xx.o(.text)
    TIM1_CC_IRQHandler                       0x0800036b   Thumb Code     0  startup_stm32f427xx.o(.text)
    TIM1_TRG_COM_TIM11_IRQHandler            0x0800036b   Thumb Code     0  startup_stm32f427xx.o(.text)
    TIM1_UP_TIM10_IRQHandler                 0x0800036b   Thumb Code     0  startup_stm32f427xx.o(.text)
    TIM2_IRQHandler                          0x0800036b   Thumb Code     0  startup_stm32f427xx.o(.text)
    TIM3_IRQHandler                          0x0800036b   Thumb Code     0  startup_stm32f427xx.o(.text)
    TIM4_IRQHandler                          0x0800036b   Thumb Code     0  startup_stm32f427xx.o(.text)
    TIM5_IRQHandler                          0x0800036b   Thumb Code     0  startup_stm32f427xx.o(.text)
    TIM6_DAC_IRQHandler                      0x0800036b   Thumb Code     0  startup_stm32f427xx.o(.text)
    TIM7_IRQHandler                          0x0800036b   Thumb Code     0  startup_stm32f427xx.o(.text)
    TIM8_BRK_TIM12_IRQHandler                0x0800036b   Thumb Code     0  startup_stm32f427xx.o(.text)
    TIM8_CC_IRQHandler                       0x0800036b   Thumb Code     0  startup_stm32f427xx.o(.text)
    TIM8_TRG_COM_TIM14_IRQHandler            0x0800036b   Thumb Code     0  startup_stm32f427xx.o(.text)
    TIM8_UP_TIM13_IRQHandler                 0x0800036b   Thumb Code     0  startup_stm32f427xx.o(.text)
    UART4_IRQHandler                         0x0800036b   Thumb Code     0  startup_stm32f427xx.o(.text)
    UART5_IRQHandler                         0x0800036b   Thumb Code     0  startup_stm32f427xx.o(.text)
    UART7_IRQHandler                         0x0800036b   Thumb Code     0  startup_stm32f427xx.o(.text)
    UART8_IRQHandler                         0x0800036b   Thumb Code     0  startup_stm32f427xx.o(.text)
    USART1_IRQHandler                        0x0800036b   Thumb Code     0  startup_stm32f427xx.o(.text)
    USART2_IRQHandler                        0x0800036b   Thumb Code     0  startup_stm32f427xx.o(.text)
    USART3_IRQHandler                        0x0800036b   Thumb Code     0  startup_stm32f427xx.o(.text)
    USART6_IRQHandler                        0x0800036b   Thumb Code     0  startup_stm32f427xx.o(.text)
    WWDG_IRQHandler                          0x0800036b   Thumb Code     0  startup_stm32f427xx.o(.text)
    __scatterload                            0x08000375   Thumb Code    28  init.o(.text)
    __scatterload_rt2                        0x08000375   Thumb Code     0  init.o(.text)
    SVC_Count                                0x08000398   Data           4  svc_table.o(SVC_TABLE)
    BusFault_Handler                         0x0800039d   Thumb Code     2  stm32f4xx_it.o(i.BusFault_Handler)
    SVC_Table                                0x0800039c   Data           0  svc_table.o(SVC_TABLE)
    DebugMon_Handler                         0x0800039f   Thumb Code     2  stm32f4xx_it.o(i.DebugMon_Handler)
    HAL_GetTick                              0x080003a1   Thumb Code     6  stm32f4xx_hal.o(i.HAL_GetTick)
    HAL_Init                                 0x080003ad   Thumb Code    48  stm32f4xx_hal.o(i.HAL_Init)
    HAL_InitTick                             0x080003e1   Thumb Code    34  stm32f4xx_hal.o(i.HAL_InitTick)
    HAL_MspInit                              0x08000403   Thumb Code     2  stm32f4xx_hal.o(i.HAL_MspInit)
    HAL_NVIC_SetPriority                     0x08000405   Thumb Code    60  stm32f4xx_hal_cortex.o(i.HAL_NVIC_SetPriority)
    HAL_NVIC_SetPriorityGrouping             0x08000445   Thumb Code    26  stm32f4xx_hal_cortex.o(i.HAL_NVIC_SetPriorityGrouping)
    HAL_RCC_ClockConfig                      0x08000469   Thumb Code   514  stm32f4xx_hal_rcc.o(i.HAL_RCC_ClockConfig)
    HAL_RCC_GetHCLKFreq                      0x08000675   Thumb Code    38  stm32f4xx_hal_rcc.o(i.HAL_RCC_GetHCLKFreq)
    HAL_RCC_GetSysClockFreq                  0x080006a9   Thumb Code   104  stm32f4xx_hal_rcc.o(i.HAL_RCC_GetSysClockFreq)
    HAL_RCC_OscConfig                        0x0800071d   Thumb Code   806  stm32f4xx_hal_rcc.o(i.HAL_RCC_OscConfig)
    HAL_SYSTICK_Config                       0x08000a59   Thumb Code    40  stm32f4xx_hal_cortex.o(i.HAL_SYSTICK_Config)
    HardFault_Handler                        0x08000a81   Thumb Code     2  stm32f4xx_it.o(i.HardFault_Handler)
    MemManage_Handler                        0x08000a83   Thumb Code     2  stm32f4xx_it.o(i.MemManage_Handler)
    OTG_FS_IRQHandler                        0x08000aa5   Thumb Code     2  stm32f4xx_it.o(i.OTG_FS_IRQHandler)
    SystemInit                               0x08000aa9   Thumb Code    66  system_stm32f4xx.o(i.SystemInit)
    UsageFault_Handler                       0x08000afd   Thumb Code     2  stm32f4xx_it.o(i.UsageFault_Handler)
    SystemClock_Config()                     0x08000b01   Thumb Code   108  main.o(i._Z18SystemClock_Configv)
    __scatterload_copy                       0x08000b75   Thumb Code    14  handlers.o(i.__scatterload_copy)
    __scatterload_null                       0x08000b83   Thumb Code     2  handlers.o(i.__scatterload_null)
    __scatterload_zeroinit                   0x08000b85   Thumb Code    14  handlers.o(i.__scatterload_zeroinit)
    _init_box                                0x08000b93   Thumb Code    70  rt_membox.o(i._init_box)
    dbg_init                                 0x08000bd9   Thumb Code    34  hal_cm.o(i.dbg_init)
    dbg_task_notify                          0x08000c09   Thumb Code    32  hal_cm.o(i.dbg_task_notify)
    dbg_task_switch                          0x08000c29   Thumb Code    16  hal_cm.o(i.dbg_task_switch)
    isrMessageGet                            0x08000c39   Thumb Code    42  rt_cmsis.o(i.isrMessageGet)
    isrMessagePut                            0x08000c63   Thumb Code    44  rt_cmsis.o(i.isrMessagePut)
    isr_mbx_receive                          0x08000c91   Thumb Code    82  rt_mailbox.o(i.isr_mbx_receive)
    isr_mbx_send                             0x08000ce3   Thumb Code    14  rt_mailbox.o(i.isr_mbx_send)
    main                                     0x08000cf1   Thumb Code    14  main.o(i.main)
    osKernelInitialize                       0x08000d01   Thumb Code    30  rt_cmsis.o(i.osKernelInitialize)
    osKernelStart                            0x08000d25   Thumb Code    98  rt_cmsis.o(i.osKernelStart)
    osMessageGet                             0x08000d91   Thumb Code    18  rt_cmsis.o(i.osMessageGet)
    osThreadCreate                           0x08000da9   Thumb Code    38  rt_cmsis.o(i.osThreadCreate)
    osThreadExit                             0x08000dd9   Thumb Code    14  rt_cmsis.o(i.osThreadExit)
    osTimerCall                              0x08000df1   Thumb Code     8  rt_cmsis.o(i.osTimerCall)
    osTimerThread                            0x08000dfd   Thumb Code    38  rt_cmsis.o(i.osTimerThread)
    os_error                                 0x08000e29   Thumb Code     2  rtx_conf_cm.o(i.os_error)
    os_idle_demon                            0x08000e2b   Thumb Code     2  rtx_conf_cm.o(i.os_idle_demon)
    os_tick_init                             0x08000e2d   Thumb Code    32  rt_system.o(i.os_tick_init)
    os_tick_irqack                           0x08000e55   Thumb Code     2  rt_system.o(i.os_tick_irqack)
    rt_alloc_box                             0x08000e57   Thumb Code    26  rt_membox.o(i.rt_alloc_box)
    rt_alloc_mem                             0x08000e71   Thumb Code    62  rt_memory.o(i.rt_alloc_mem)
    rt_block                                 0x08000eb1   Thumb Code    48  rt_task.o(i.rt_block)
    rt_chk_robin                             0x08000ee9   Thumb Code    60  rt_robin.o(i.rt_chk_robin)
    rt_dec_dly                               0x08000f31   Thumb Code   102  rt_list.o(i.rt_dec_dly)
    rt_dispatch                              0x08000fa1   Thumb Code    60  rt_task.o(i.rt_dispatch)
    rt_evt_psh                               0x08000fe5   Thumb Code    76  rt_event.o(i.rt_evt_psh)
    rt_free_box                              0x08001035   Thumb Code    32  rt_membox.o(i.rt_free_box)
    rt_free_mem                              0x08001055   Thumb Code    40  rt_memory.o(i.rt_free_mem)
    rt_get_first                             0x0800107d   Thumb Code    40  rt_list.o(i.rt_get_first)
    rt_init_mem                              0x080010f5   Thumb Code    26  rt_memory.o(i.rt_init_mem)
    rt_init_robin                            0x08001111   Thumb Code    14  rt_robin.o(i.rt_init_robin)
    rt_init_stack                            0x08001129   Thumb Code   118  hal_cm.o(i.rt_init_stack)
    rt_mbx_check                             0x080011a9   Thumb Code     8  rt_mailbox.o(i.rt_mbx_check)
    rt_mbx_init                              0x080011b1   Thumb Code    26  rt_mailbox.o(i.rt_mbx_init)
    rt_mbx_psh                               0x080011cd   Thumb Code   236  rt_mailbox.o(i.rt_mbx_psh)
    rt_mbx_wait                              0x080012bd   Thumb Code   174  rt_mailbox.o(i.rt_mbx_wait)
    rt_pop_req                               0x080013ad   Thumb Code   112  rt_system.o(i.rt_pop_req)
    rt_psh_req                               0x08001429   Thumb Code    22  rt_system.o(i.rt_psh_req)
    rt_psq_enq                               0x08001449   Thumb Code    88  rt_list.o(i.rt_psq_enq)
    rt_put_dly                               0x080014a5   Thumb Code    68  rt_list.o(i.rt_put_dly)
    rt_put_prio                              0x080014ed   Thumb Code    54  rt_list.o(i.rt_put_prio)
    rt_put_rdy_first                         0x08001525   Thumb Code    14  rt_list.o(i.rt_put_rdy_first)
    rt_resort_prio                           0x08001539   Thumb Code    46  rt_list.o(i.rt_resort_prio)
    rt_ret_val                               0x0800157d   Thumb Code    12  hal_cm.o(i.rt_ret_val)
    rt_ret_val2                              0x08001589   Thumb Code    16  hal_cm.o(i.rt_ret_val2)
    rt_rmv_dly                               0x08001599   Thumb Code    40  rt_list.o(i.rt_rmv_dly)
    rt_rmv_list                              0x080015c1   Thumb Code    44  rt_list.o(i.rt_rmv_list)
    rt_sem_psh                               0x080015f1   Thumb Code    48  rt_semaphore.o(i.rt_sem_psh)
    rt_stk_check                             0x08001625   Thumb Code    28  rt_system.o(i.rt_stk_check)
    rt_switch_req                            0x08001649   Thumb Code    30  rt_task.o(i.rt_switch_req)
    rt_sys_init                              0x08001671   Thumb Code   138  rt_task.o(i.rt_sys_init)
    rt_sys_start                             0x0800173d   Thumb Code   110  rt_task.o(i.rt_sys_start)
    rt_systick                               0x080017b5   Thumb Code    50  rt_system.o(i.rt_systick)
    rt_tsk_create                            0x0800183d   Thumb Code   112  rt_task.o(i.rt_tsk_create)
    rt_tsk_delete                            0x080018bd   Thumb Code   342  rt_task.o(i.rt_tsk_delete)
    rt_tsk_prio                              0x08001a31   Thumb Code   108  rt_task.o(i.rt_tsk_prio)
    rt_tsk_self                              0x08001aad   Thumb Code    12  rt_task.o(i.rt_tsk_self)
    svcKernelInitialize                      0x08001abd   Thumb Code    80  rt_cmsis.o(i.svcKernelInitialize)
    svcKernelStart                           0x08001b2d   Thumb Code    62  rt_cmsis.o(i.svcKernelStart)
    svcMessageCreate                         0x08001b75   Thumb Code    36  rt_cmsis.o(i.svcMessageCreate)
    svcMessageGet                            0x08001b99   Thumb Code    58  rt_cmsis.o(i.svcMessageGet)
    svcThreadCreate                          0x08001bd5   Thumb Code   100  rt_cmsis.o(i.svcThreadCreate)
    svcThreadGetId                           0x08001c45   Thumb Code    22  rt_cmsis.o(i.svcThreadGetId)
    svcThreadTerminate                       0x08001c61   Thumb Code    50  rt_cmsis.o(i.svcThreadTerminate)
    svcTimerCall                             0x08001c99   Thumb Code    24  rt_cmsis.o(i.svcTimerCall)
    sysTimerTick                             0x08001cb1   Thumb Code    84  rt_cmsis.o(i.sysTimerTick)
    os_maxtaskrun                            0x08001d0c   Data           2  rtx_conf_cm.o(.constdata)
    os_stackinfo                             0x08001d10   Data           4  rtx_conf_cm.o(.constdata)
    os_rrobin                                0x08001d14   Data           4  rtx_conf_cm.o(.constdata)
    os_trv                                   0x08001d18   Data           4  rtx_conf_cm.o(.constdata)
    os_flags                                 0x08001d1c   Data           1  rtx_conf_cm.o(.constdata)
    CMSIS_RTOS_API_Version                   0x08001d20   Data           4  rtx_conf_cm.o(.constdata)
    CMSIS_RTOS_RTX_Version                   0x08001d24   Data           4  rtx_conf_cm.o(.constdata)
    os_clockrate                             0x08001d28   Data           4  rtx_conf_cm.o(.constdata)
    os_timernum                              0x08001d2c   Data           4  rtx_conf_cm.o(.constdata)
    mp_tcb_size                              0x08001d30   Data           2  rtx_conf_cm.o(.constdata)
    mp_stk_size                              0x08001d34   Data           4  rtx_conf_cm.o(.constdata)
    os_stack_sz                              0x08001d38   Data           4  rtx_conf_cm.o(.constdata)
    os_fifo_size                             0x08001d3c   Data           1  rtx_conf_cm.o(.constdata)
    os_thread_def_osTimerThread              0x08001d40   Data          16  rtx_conf_cm.o(.constdata)
    os_messageQ_def_osTimerMessageQ          0x08001d50   Data           8  rtx_conf_cm.o(.constdata)
    mp_tmr_size                              0x08001d58   Data           2  rtx_conf_cm.o(.constdata)
    APBAHBPrescTable                         0x08001d5a   Data          16  stm32f4xx_hal_rcc.o(.constdata)
    Region$$Table$$Base                      0x08001d6c   Number         0  anon$$obj.o(Region$$Table)
    Region$$Table$$Limit                     0x08001d8c   Number         0  anon$$obj.o(Region$$Table)
    m_tmr                                    0x20000000   Data           4  rtx_conf_cm.o(.data)
    os_thread_def_main                       0x20000004   Data          16  rtx_conf_cm.o(.data)
    osThreadId_osTimerThread                 0x20000014   Data           4  rtx_conf_cm.o(.data)
    osMessageQId_osTimerMessageQ             0x20000018   Data           4  rtx_conf_cm.o(.data)
    SystemCoreClock                          0x20000020   Data           4  system_stm32f4xx.o(.data)
    AHBPrescTable                            0x20000024   Data          16  system_stm32f4xx.o(.data)
    os_initialized                           0x20000034   Data           1  rt_cmsis.o(.data)
    os_running                               0x20000035   Data           1  rt_cmsis.o(.data)
    os_timer_head                            0x20000038   Data           4  rt_cmsis.o(.data)
    os_tsk                                   0x2000003c   Data           8  rt_task.o(.data)
    os_tick_irqn                             0x20000048   Data           4  rt_system.o(.data)
    os_time                                  0x2000004c   Data           4  rt_time.o(.data)
    dbg_msg                                  0x20000050   Data           1  hal_cm.o(.data)
    os_robin                                 0x20000054   Data           8  rt_robin.o(.data)
    os_messageQ_q_osTimerMessageQ            0x2000005c   Data          32  rtx_conf_cm.o(.bss)
    mp_tcb                                   0x2000007c   Data         376  rtx_conf_cm.o(.bss)
    mp_stk                                   0x200001f8   Data        6160  rtx_conf_cm.o(.bss)
    os_stack_mem                             0x20001a08   Data        9248  rtx_conf_cm.o(.bss)
    os_fifo                                  0x20003e28   Data         132  rtx_conf_cm.o(.bss)
    os_active_TCB                            0x20003eac   Data          28  rtx_conf_cm.o(.bss)
    os_idle_TCB                              0x20003ec8   Data          52  rt_task.o(.bss)
    os_rdy                                   0x20003efc   Data          24  rt_list.o(.bss)
    os_dly                                   0x20003f14   Data          24  rt_list.o(.bss)
    __initial_sp                             0x20005f30   Data           0  startup_stm32f427xx.o(STACK)



==============================================================================

Memory Map of the image

  Image Entry point : 0x080001ad

  Load Region LR_IROM1 (Base: 0x08000000, Size: 0x00001de8, Max: 0x00100000, ABSOLUTE)

    Execution Region ER_IROM1 (Base: 0x08000000, Size: 0x00001d8c, Max: 0x00100000, ABSOLUTE)

    Base Addr    Size         Type   Attr      Idx    E Section Name        Object

    0x08000000   0x000001ac   Data   RO         3425    RESET               startup_stm32f427xx.o
    0x080001ac   0x00000000   Code   RO         4922  * .ARM.Collect$$$$00000000  mc_w.l(entry.o)
    0x080001ac   0x00000004   Code   RO         4931    .ARM.Collect$$$$00000001  mc_w.l(entry2.o)
    0x080001b0   0x00000004   Code   RO         4934    .ARM.Collect$$$$00000004  mc_w.l(entry5.o)
    0x080001b4   0x00000000   Code   RO         4936    .ARM.Collect$$$$00000008  mc_w.l(entry7b.o)
    0x080001b4   0x00000000   Code   RO         4938    .ARM.Collect$$$$0000000A  mc_w.l(entry8b.o)
    0x080001b4   0x00000000   Code   RO         4939    .ARM.Collect$$$$0000000D  mc_w.l(entry10a.o)
    0x080001b4   0x00000000   Code   RO         4941    .ARM.Collect$$$$0000000F  mc_w.l(entry11a.o)
    0x080001b4   0x00000018   Code   RO          251    .ARM.Collect$$$$000000FF  rtx_conf_cm.o
    0x080001cc   0x00000004   Code   RO         4932    .ARM.Collect$$$$00002712  mc_w.l(entry2.o)
    0x080001d0   0x00000180   Code   RO         4909    .emb_text           RTX_CM4.lib(hal_cm4.o)
    0x08000350   0x00000024   Code   RO         3426    .text               startup_stm32f427xx.o
    0x08000374   0x00000024   Code   RO         4947    .text               mc_w.l(init.o)
    0x08000398   0x00000004   Code   RO         4919    SVC_TABLE           RTX_CM4.lib(svc_table.o)
    0x0800039c   0x00000002   Code   RO          159    i.BusFault_Handler  stm32f4xx_it.o
    0x0800039e   0x00000002   Code   RO          160    i.DebugMon_Handler  stm32f4xx_it.o
    0x080003a0   0x0000000c   Code   RO          335    i.HAL_GetTick       stm32f4xx_hal.o
    0x080003ac   0x00000034   Code   RO          337    i.HAL_Init          stm32f4xx_hal.o
    0x080003e0   0x00000022   Code   RO          338    i.HAL_InitTick      stm32f4xx_hal.o
    0x08000402   0x00000002   Code   RO          340    i.HAL_MspInit       stm32f4xx_hal.o
    0x08000404   0x00000040   Code   RO          869    i.HAL_NVIC_SetPriority  stm32f4xx_hal_cortex.o
    0x08000444   0x00000024   Code   RO          870    i.HAL_NVIC_SetPriorityGrouping  stm32f4xx_hal_cortex.o
    0x08000468   0x0000020c   Code   RO         2139    i.HAL_RCC_ClockConfig  stm32f4xx_hal_rcc.o
    0x08000674   0x00000034   Code   RO         2144    i.HAL_RCC_GetHCLKFreq  stm32f4xx_hal_rcc.o
    0x080006a8   0x00000074   Code   RO         2148    i.HAL_RCC_GetSysClockFreq  stm32f4xx_hal_rcc.o
    0x0800071c   0x0000033c   Code   RO         2151    i.HAL_RCC_OscConfig  stm32f4xx_hal_rcc.o
    0x08000a58   0x00000028   Code   RO          874    i.HAL_SYSTICK_Config  stm32f4xx_hal_cortex.o
    0x08000a80   0x00000002   Code   RO          161    i.HardFault_Handler  stm32f4xx_it.o
    0x08000a82   0x00000002   Code   RO          162    i.MemManage_Handler  stm32f4xx_it.o
    0x08000a84   0x00000020   Code   RO          876    i.NVIC_SetPriority  stm32f4xx_hal_cortex.o
    0x08000aa4   0x00000002   Code   RO          163    i.OTG_FS_IRQHandler  stm32f4xx_it.o
    0x08000aa6   0x00000002   PAD
    0x08000aa8   0x00000054   Code   RO         3434    i.SystemInit        system_stm32f4xx.o
    0x08000afc   0x00000002   Code   RO          164    i.UsageFault_Handler  stm32f4xx_it.o
    0x08000afe   0x00000002   PAD
    0x08000b00   0x00000074   Code   RO            4    i._Z18SystemClock_Configv  main.o
    0x08000b74   0x0000000e   Code   RO         4951    i.__scatterload_copy  mc_w.l(handlers.o)
    0x08000b82   0x00000002   Code   RO         4952    i.__scatterload_null  mc_w.l(handlers.o)
    0x08000b84   0x0000000e   Code   RO         4953    i.__scatterload_zeroinit  mc_w.l(handlers.o)
    0x08000b92   0x00000046   Code   RO         4782    i._init_box         RTX_CM4.lib(rt_membox.o)
    0x08000bd8   0x00000030   Code   RO         4835    i.dbg_init          RTX_CM4.lib(hal_cm.o)
    0x08000c08   0x00000020   Code   RO         4836    i.dbg_task_notify   RTX_CM4.lib(hal_cm.o)
    0x08000c28   0x00000010   Code   RO         4837    i.dbg_task_switch   RTX_CM4.lib(hal_cm.o)
    0x08000c38   0x0000002a   Code   RO         3713    i.isrMessageGet     RTX_CM4.lib(rt_cmsis.o)
    0x08000c62   0x0000002c   Code   RO         3714    i.isrMessagePut     RTX_CM4.lib(rt_cmsis.o)
    0x08000c8e   0x00000002   PAD
    0x08000c90   0x00000052   Code   RO         4628    i.isr_mbx_receive   RTX_CM4.lib(rt_mailbox.o)
    0x08000ce2   0x0000000e   Code   RO         4629    i.isr_mbx_send      RTX_CM4.lib(rt_mailbox.o)
    0x08000cf0   0x0000000e   Code   RO            6    i.main              main.o
    0x08000cfe   0x00000002   PAD
    0x08000d00   0x00000024   Code   RO         3718    i.osKernelInitialize  RTX_CM4.lib(rt_cmsis.o)
    0x08000d24   0x0000006c   Code   RO         3720    i.osKernelStart     RTX_CM4.lib(rt_cmsis.o)
    0x08000d90   0x00000018   Code   RO         3729    i.osMessageGet      RTX_CM4.lib(rt_cmsis.o)
    0x08000da8   0x00000030   Code   RO         3746    i.osThreadCreate    RTX_CM4.lib(rt_cmsis.o)
    0x08000dd8   0x00000018   Code   RO         3747    i.osThreadExit      RTX_CM4.lib(rt_cmsis.o)
    0x08000df0   0x0000000c   Code   RO         3753    i.osTimerCall       RTX_CM4.lib(rt_cmsis.o)
    0x08000dfc   0x0000002c   Code   RO         3758    i.osTimerThread     RTX_CM4.lib(rt_cmsis.o)
    0x08000e28   0x00000002   Code   RO          252    i.os_error          rtx_conf_cm.o
    0x08000e2a   0x00000002   Code   RO          253    i.os_idle_demon     rtx_conf_cm.o
    0x08000e2c   0x00000028   Code   RO         4420    i.os_tick_init      RTX_CM4.lib(rt_system.o)
    0x08000e54   0x00000002   Code   RO         4421    i.os_tick_irqack    RTX_CM4.lib(rt_system.o)
    0x08000e56   0x0000001a   Code   RO         4783    i.rt_alloc_box      RTX_CM4.lib(rt_membox.o)
    0x08000e70   0x0000003e   Code   RO         4811    i.rt_alloc_mem      RTX_CM4.lib(rt_memory.o)
    0x08000eae   0x00000002   PAD
    0x08000eb0   0x00000038   Code   RO         4335    i.rt_block          RTX_CM4.lib(rt_task.o)
    0x08000ee8   0x00000048   Code   RO         4888    i.rt_chk_robin      RTX_CM4.lib(rt_robin.o)
    0x08000f30   0x00000070   Code   RO         4552    i.rt_dec_dly        RTX_CM4.lib(rt_list.o)
    0x08000fa0   0x00000044   Code   RO         4336    i.rt_dispatch       RTX_CM4.lib(rt_task.o)
    0x08000fe4   0x00000050   Code   RO         4513    i.rt_evt_psh        RTX_CM4.lib(rt_event.o)
    0x08001034   0x00000020   Code   RO         4784    i.rt_free_box       RTX_CM4.lib(rt_membox.o)
    0x08001054   0x00000028   Code   RO         4812    i.rt_free_mem       RTX_CM4.lib(rt_memory.o)
    0x0800107c   0x00000028   Code   RO         4553    i.rt_get_first      RTX_CM4.lib(rt_list.o)
    0x080010a4   0x00000008   Code   RO         3763    i.rt_id2obj         RTX_CM4.lib(rt_cmsis.o)
    0x080010ac   0x00000048   Code   RO         4337    i.rt_init_context   RTX_CM4.lib(rt_task.o)
    0x080010f4   0x0000001a   Code   RO         4813    i.rt_init_mem       RTX_CM4.lib(rt_memory.o)
    0x0800110e   0x00000002   PAD
    0x08001110   0x00000018   Code   RO         4889    i.rt_init_robin     RTX_CM4.lib(rt_robin.o)
    0x08001128   0x00000080   Code   RO         4838    i.rt_init_stack     RTX_CM4.lib(hal_cm.o)
    0x080011a8   0x00000008   Code   RO         4630    i.rt_mbx_check      RTX_CM4.lib(rt_mailbox.o)
    0x080011b0   0x0000001a   Code   RO         4631    i.rt_mbx_init       RTX_CM4.lib(rt_mailbox.o)
    0x080011ca   0x00000002   PAD
    0x080011cc   0x000000f0   Code   RO         4632    i.rt_mbx_psh        RTX_CM4.lib(rt_mailbox.o)
    0x080012bc   0x000000b4   Code   RO         4634    i.rt_mbx_wait       RTX_CM4.lib(rt_mailbox.o)
    0x08001370   0x0000003c   Code   RO         3764    i.rt_ms2tick        RTX_CM4.lib(rt_cmsis.o)
    0x080013ac   0x0000007c   Code   RO         4424    i.rt_pop_req        RTX_CM4.lib(rt_system.o)
    0x08001428   0x00000020   Code   RO         4425    i.rt_psh_req        RTX_CM4.lib(rt_system.o)
    0x08001448   0x0000005c   Code   RO         4555    i.rt_psq_enq        RTX_CM4.lib(rt_list.o)
    0x080014a4   0x00000048   Code   RO         4556    i.rt_put_dly        RTX_CM4.lib(rt_list.o)
    0x080014ec   0x00000036   Code   RO         4557    i.rt_put_prio       RTX_CM4.lib(rt_list.o)
    0x08001522   0x00000002   PAD
    0x08001524   0x00000014   Code   RO         4558    i.rt_put_rdy_first  RTX_CM4.lib(rt_list.o)
    0x08001538   0x00000034   Code   RO         4559    i.rt_resort_prio    RTX_CM4.lib(rt_list.o)
    0x0800156c   0x00000010   Code   RO         4839    i.rt_ret_regs       RTX_CM4.lib(hal_cm.o)
    0x0800157c   0x0000000c   Code   RO         4840    i.rt_ret_val        RTX_CM4.lib(hal_cm.o)
    0x08001588   0x00000010   Code   RO         4841    i.rt_ret_val2       RTX_CM4.lib(hal_cm.o)
    0x08001598   0x00000028   Code   RO         4560    i.rt_rmv_dly        RTX_CM4.lib(rt_list.o)
    0x080015c0   0x00000030   Code   RO         4561    i.rt_rmv_list       RTX_CM4.lib(rt_list.o)
    0x080015f0   0x00000034   Code   RO         4679    i.rt_sem_psh        RTX_CM4.lib(rt_semaphore.o)
    0x08001624   0x00000024   Code   RO         4427    i.rt_stk_check      RTX_CM4.lib(rt_system.o)
    0x08001648   0x00000028   Code   RO         4338    i.rt_switch_req     RTX_CM4.lib(rt_task.o)
    0x08001670   0x000000cc   Code   RO         4339    i.rt_sys_init       RTX_CM4.lib(rt_task.o)
    0x0800173c   0x00000078   Code   RO         4340    i.rt_sys_start      RTX_CM4.lib(rt_task.o)
    0x080017b4   0x00000040   Code   RO         4429    i.rt_systick        RTX_CM4.lib(rt_system.o)
    0x080017f4   0x00000012   Code   RO         3765    i.rt_tid2ptcb       RTX_CM4.lib(rt_cmsis.o)
    0x08001806   0x00000002   PAD
    0x08001808   0x00000034   Code   RO         3766    i.rt_timer_insert   RTX_CM4.lib(rt_cmsis.o)
    0x0800183c   0x00000080   Code   RO         4341    i.rt_tsk_create     RTX_CM4.lib(rt_task.o)
    0x080018bc   0x00000174   Code   RO         4342    i.rt_tsk_delete     RTX_CM4.lib(rt_task.o)
    0x08001a30   0x0000007c   Code   RO         4344    i.rt_tsk_prio       RTX_CM4.lib(rt_task.o)
    0x08001aac   0x00000010   Code   RO         4345    i.rt_tsk_self       RTX_CM4.lib(rt_task.o)
    0x08001abc   0x00000070   Code   RO         3769    i.svcKernelInitialize  RTX_CM4.lib(rt_cmsis.o)
    0x08001b2c   0x00000048   Code   RO         3771    i.svcKernelStart    RTX_CM4.lib(rt_cmsis.o)
    0x08001b74   0x00000024   Code   RO         3774    i.svcMessageCreate  RTX_CM4.lib(rt_cmsis.o)
    0x08001b98   0x0000003a   Code   RO         3775    i.svcMessageGet     RTX_CM4.lib(rt_cmsis.o)
    0x08001bd2   0x00000002   PAD
    0x08001bd4   0x00000070   Code   RO         3789    i.svcThreadCreate   RTX_CM4.lib(rt_cmsis.o)
    0x08001c44   0x0000001c   Code   RO         3790    i.svcThreadGetId    RTX_CM4.lib(rt_cmsis.o)
    0x08001c60   0x00000038   Code   RO         3793    i.svcThreadTerminate  RTX_CM4.lib(rt_cmsis.o)
    0x08001c98   0x00000018   Code   RO         3795    i.svcTimerCall      RTX_CM4.lib(rt_cmsis.o)
    0x08001cb0   0x0000005c   Code   RO         3804    i.sysTimerTick      RTX_CM4.lib(rt_cmsis.o)
    0x08001d0c   0x00000002   Data   RO          260    .constdata          rtx_conf_cm.o
    0x08001d0e   0x00000002   PAD
    0x08001d10   0x00000004   Data   RO          261    .constdata          rtx_conf_cm.o
    0x08001d14   0x00000004   Data   RO          262    .constdata          rtx_conf_cm.o
    0x08001d18   0x00000004   Data   RO          266    .constdata          rtx_conf_cm.o
    0x08001d1c   0x00000001   Data   RO          267    .constdata          rtx_conf_cm.o
    0x08001d1d   0x00000003   PAD
    0x08001d20   0x00000010   Data   RO          268    .constdata          rtx_conf_cm.o
    0x08001d30   0x00000002   Data   RO          269    .constdata          rtx_conf_cm.o
    0x08001d32   0x00000002   PAD
    0x08001d34   0x00000004   Data   RO          270    .constdata          rtx_conf_cm.o
    0x08001d38   0x00000004   Data   RO          271    .constdata          rtx_conf_cm.o
    0x08001d3c   0x00000001   Data   RO          272    .constdata          rtx_conf_cm.o
    0x08001d3d   0x00000003   PAD
    0x08001d40   0x00000010   Data   RO          273    .constdata          rtx_conf_cm.o
    0x08001d50   0x00000008   Data   RO          274    .constdata          rtx_conf_cm.o
    0x08001d58   0x00000002   Data   RO          275    .constdata          rtx_conf_cm.o
    0x08001d5a   0x00000010   Data   RO         2152    .constdata          stm32f4xx_hal_rcc.o
    0x08001d6a   0x00000002   PAD
    0x08001d6c   0x00000020   Data   RO         4949    Region$$Table       anon$$obj.o


    Execution Region RW_IRAM1 (Base: 0x20000000, Size: 0x00005f30, Max: 0x00030000, ABSOLUTE)

    Base Addr    Size         Type   Attr      Idx    E Section Name        Object

    0x20000000   0x00000004   Data   RW          277    .data               rtx_conf_cm.o
    0x20000004   0x00000010   Data   RW          278    .data               rtx_conf_cm.o
    0x20000014   0x00000004   Data   RW          279    .data               rtx_conf_cm.o
    0x20000018   0x00000004   Data   RW          280    .data               rtx_conf_cm.o
    0x2000001c   0x00000004   Data   RW          343    .data               stm32f4xx_hal.o
    0x20000020   0x00000014   Data   RW         3435    .data               system_stm32f4xx.o
    0x20000034   0x00000008   Data   RW         3807    .data               RTX_CM4.lib(rt_cmsis.o)
    0x2000003c   0x00000008   Data   RW         4347    .data               RTX_CM4.lib(rt_task.o)
    0x20000044   0x00000008   Data   RW         4432    .data               RTX_CM4.lib(rt_system.o)
    0x2000004c   0x00000004   Data   RW         4722    .data               RTX_CM4.lib(rt_time.o)
    0x20000050   0x00000001   Data   RW         4842    .data               RTX_CM4.lib(hal_cm.o)
    0x20000051   0x00000003   PAD
    0x20000054   0x00000008   Data   RW         4890    .data               RTX_CM4.lib(rt_robin.o)
    0x2000005c   0x00000020   Zero   RW          254    .bss                rtx_conf_cm.o
    0x2000007c   0x00000178   Zero   RW          255    .bss                rtx_conf_cm.o
    0x200001f4   0x00000004   PAD
    0x200001f8   0x00001810   Zero   RW          256    .bss                rtx_conf_cm.o
    0x20001a08   0x00002420   Zero   RW          257    .bss                rtx_conf_cm.o
    0x20003e28   0x00000084   Zero   RW          258    .bss                rtx_conf_cm.o
    0x20003eac   0x0000001c   Zero   RW          259    .bss                rtx_conf_cm.o
    0x20003ec8   0x00000034   Zero   RW         4346    .bss                RTX_CM4.lib(rt_task.o)
    0x20003efc   0x00000030   Zero   RW         4562    .bss                RTX_CM4.lib(rt_list.o)
    0x20003f2c   0x00000004   PAD
    0x20003f30   0x00002000   Zero   RW         3423    STACK               startup_stm32f427xx.o


==============================================================================

Image component sizes


      Code (inc. data)   RO Data    RW Data    ZI Data      Debug   Object Name

       130          8          0          0          0      63856   main.o
        28          6         68         28      15976      11960   rtx_conf_cm.o
        36          8        428          0       8192        824   startup_stm32f427xx.o
       100         10          0          4          0     329426   stm32f4xx_hal.o
       172         14          0          0          0      29426   stm32f4xx_hal_cortex.o
      1520         58         16          0          0       5189   stm32f4xx_hal_rcc.o
        12          0          0          0          0       2579   stm32f4xx_it.o
        84         18          0         20          0       1205   system_stm32f4xx.o

    ----------------------------------------------------------------------
      2088        122        556         52      24172     444465   Object Totals
         0          0         32          0          0          0   (incl. Generated)
         6          0         12          0          4          0   (incl. Padding)

    ----------------------------------------------------------------------

      Code (inc. data)   RO Data    RW Data    ZI Data      Debug   Library Member Name

       268         24          0          1          0       4128   hal_cm.o
       384         28          0          0          0        796   hal_cm4.o
      1110        140          0          8          0      29905   rt_cmsis.o
        80          4          0          0          0        613   rt_event.o
       530         34          0          0         48       7765   rt_list.o
       550         10          0          0          0       3661   rt_mailbox.o
       128          0          0          0          0       1821   rt_membox.o
       128          0          0          0          0       2203   rt_memory.o
        96         22          0          8          0       1230   rt_robin.o
        52          4          0          0          0        557   rt_semaphore.o
       298         52          0          8          0       6239   rt_system.o
      1200        174          0          8         52       9253   rt_task.o
         0          0          0          4          0        210   rt_time.o
         4          4          0          0          0        200   svc_table.o
         0          0          0          0          0          0   entry.o
         0          0          0          0          0          0   entry10a.o
         0          0          0          0          0          0   entry11a.o
         8          4          0          0          0          0   entry2.o
         4          0          0          0          0          0   entry5.o
         0          0          0          0          0          0   entry7b.o
         0          0          0          0          0          0   entry8b.o
        30          0          0          0          0          0   handlers.o
        36          8          0          0          0         68   init.o

    ----------------------------------------------------------------------
      4920        508          0         40        104      68649   Library Totals
        14          0          0          3          4          0   (incl. Padding)

    ----------------------------------------------------------------------

      Code (inc. data)   RO Data    RW Data    ZI Data      Debug   Library Name

      4828        496          0         37        100      68581   RTX_CM4.lib
        78         12          0          0          0         68   mc_w.l

    ----------------------------------------------------------------------
      4920        508          0         40        104      68649   Library Totals

    ----------------------------------------------------------------------

==============================================================================


      Code (inc. data)   RO Data    RW Data    ZI Data      Debug   

      7008        630        556         92      24276     504518   Grand Totals
      7008        630        556         92      24276     504518   ELF Image Totals
      7008        630        556         92          0          0   ROM Totals

==============================================================================

    Total RO  Size (Code + RO Data)                 7564 (   7.39kB)
    Total RW  Size (RW Data + ZI Data)             24368 (  23.80kB)
    Total ROM Size (Code + RO Data + RW Data)       7656 (   7.48kB)

==============================================================================

